{"timestamp":"2026-05-20T14:52:14.730230Z","level":"info","event":"DAG bundles loaded: dags-folder","logger":"airflow.dag_processing.bundles.manager.DagBundlesManager","filename":"manager.py","lineno":209}
{"timestamp":"2026-05-20T14:52:14.732733Z","level":"info","event":"Filling up the DagBag from /opt/airflow/dags/dag.py","logger":"airflow.dag_processing.dagbag.BundleDagBag","filename":"dagbag.py","lineno":469}
{"timestamp":"2026-05-20T14:52:16.032845Z","level":"info","event":"Inizializzazione del DAG","logger":"root","filename":"dag.py","lineno":18}
{"timestamp":"2026-05-20T14:52:16.165293Z","level":"info","event":"Spark-Submit cmd: spark-submit --master spark://spark-master:7077 --conf spark.master=spark://spark-master:7077 --conf spark.submit.deployMode=client --name arrow-spark --deploy-mode client /opt/airflow/jobs/pre-processing.py","logger":"airflow.task.hooks.airflow.providers.apache.spark.hooks.spark_submit.SparkSubmitHook","filename":"spark_submit.py","lineno":500}
{"timestamp":"2026-05-20T14:52:16.180040Z","level":"info","event":"/opt/spark/bin/load-spark-env.sh: line 68: ps: command not found","logger":"airflow.task.hooks.airflow.providers.apache.spark.hooks.spark_submit.SparkSubmitHook","filename":"spark_submit.py","lineno":705}
{"timestamp":"2026-05-20T14:52:20.352653Z","level":"info","event":"26/05/20 14:52:20 INFO SparkContext: Running Spark version 3.4.0","logger":"airflow.task.hooks.airflow.providers.apache.spark.hooks.spark_submit.SparkSubmitHook","filename":"spark_submit.py","lineno":705}
{"timestamp":"2026-05-20T14:52:20.487096Z","level":"info","event":"26/05/20 14:52:20 WARN NativeCodeLoader: Unable to load native-hadoop library for your platform... using builtin-java classes where applicable","logger":"airflow.task.hooks.airflow.providers.apache.spark.hooks.spark_submit.SparkSubmitHook","filename":"spark_submit.py","lineno":705}
{"timestamp":"2026-05-20T14:52:20.701889Z","level":"info","event":"26/05/20 14:52:20 INFO ResourceUtils: ==============================================================","logger":"airflow.task.hooks.airflow.providers.apache.spark.hooks.spark_submit.SparkSubmitHook","filename":"spark_submit.py","lineno":705}
{"timestamp":"2026-05-20T14:52:20.702932Z","level":"info","event":"26/05/20 14:52:20 INFO ResourceUtils: No custom resources configured for spark.driver.","logger":"airflow.task.hooks.airflow.providers.apache.spark.hooks.spark_submit.SparkSubmitHook","filename":"spark_submit.py","lineno":705}
{"timestamp":"2026-05-20T14:52:20.703864Z","level":"info","event":"26/05/20 14:52:20 INFO ResourceUtils: ==============================================================","logger":"airflow.task.hooks.airflow.providers.apache.spark.hooks.spark_submit.SparkSubmitHook","filename":"spark_submit.py","lineno":705}
{"timestamp":"2026-05-20T14:52:20.704792Z","level":"info","event":"26/05/20 14:52:20 INFO SparkContext: Submitted application: Progetto-1","logger":"airflow.task.hooks.airflow.providers.apache.spark.hooks.spark_submit.SparkSubmitHook","filename":"spark_submit.py","lineno":705}
{"timestamp":"2026-05-20T14:52:20.746172Z","level":"info","event":"26/05/20 14:52:20 INFO ResourceProfile: Default ResourceProfile created, executor resources: Map(memory -> name: memory, amount: 1024, script: , vendor: , offHeap -> name: offHeap, amount: 0, script: , vendor: ), task resources: Map(cpus -> name: cpus, amount: 1.0)","logger":"airflow.task.hooks.airflow.providers.apache.spark.hooks.spark_submit.SparkSubmitHook","filename":"spark_submit.py","lineno":705}
{"timestamp":"2026-05-20T14:52:20.761392Z","level":"info","event":"26/05/20 14:52:20 INFO ResourceProfile: Limiting resource is cpu","logger":"airflow.task.hooks.airflow.providers.apache.spark.hooks.spark_submit.SparkSubmitHook","filename":"spark_submit.py","lineno":705}
{"timestamp":"2026-05-20T14:52:20.762790Z","level":"info","event":"26/05/20 14:52:20 INFO ResourceProfileManager: Added ResourceProfile id: 0","logger":"airflow.task.hooks.airflow.providers.apache.spark.hooks.spark_submit.SparkSubmitHook","filename":"spark_submit.py","lineno":705}
{"timestamp":"2026-05-20T14:52:20.868933Z","level":"info","event":"26/05/20 14:52:20 INFO SecurityManager: Changing view acls to: airflow","logger":"airflow.task.hooks.airflow.providers.apache.spark.hooks.spark_submit.SparkSubmitHook","filename":"spark_submit.py","lineno":705}
{"timestamp":"2026-05-20T14:52:20.869926Z","level":"info","event":"26/05/20 14:52:20 INFO SecurityManager: Changing modify acls to: airflow","logger":"airflow.task.hooks.airflow.providers.apache.spark.hooks.spark_submit.SparkSubmitHook","filename":"spark_submit.py","lineno":705}
{"timestamp":"2026-05-20T14:52:20.870929Z","level":"info","event":"26/05/20 14:52:20 INFO SecurityManager: Changing view acls groups to:","logger":"airflow.task.hooks.airflow.providers.apache.spark.hooks.spark_submit.SparkSubmitHook","filename":"spark_submit.py","lineno":705}
{"timestamp":"2026-05-20T14:52:20.871952Z","level":"info","event":"26/05/20 14:52:20 INFO SecurityManager: Changing modify acls groups to:","logger":"airflow.task.hooks.airflow.providers.apache.spark.hooks.spark_submit.SparkSubmitHook","filename":"spark_submit.py","lineno":705}
{"timestamp":"2026-05-20T14:52:20.872957Z","level":"info","event":"26/05/20 14:52:20 INFO SecurityManager: SecurityManager: authentication disabled; ui acls disabled; users with view permissions: airflow; groups with view permissions: EMPTY; users with modify permissions: airflow; groups with modify permissions: EMPTY","logger":"airflow.task.hooks.airflow.providers.apache.spark.hooks.spark_submit.SparkSubmitHook","filename":"spark_submit.py","lineno":705}
{"timestamp":"2026-05-20T14:52:21.213739Z","level":"info","event":"26/05/20 14:52:21 INFO Utils: Successfully started service 'sparkDriver' on port 39703.","logger":"airflow.task.hooks.airflow.providers.apache.spark.hooks.spark_submit.SparkSubmitHook","filename":"spark_submit.py","lineno":705}
{"timestamp":"2026-05-20T14:52:21.257459Z","level":"info","event":"26/05/20 14:52:21 INFO SparkEnv: Registering MapOutputTracker","logger":"airflow.task.hooks.airflow.providers.apache.spark.hooks.spark_submit.SparkSubmitHook","filename":"spark_submit.py","lineno":705}
{"timestamp":"2026-05-20T14:52:21.293239Z","level":"info","event":"26/05/20 14:52:21 INFO SparkEnv: Registering BlockManagerMaster","logger":"airflow.task.hooks.airflow.providers.apache.spark.hooks.spark_submit.SparkSubmitHook","filename":"spark_submit.py","lineno":705}
{"timestamp":"2026-05-20T14:52:21.318269Z","level":"info","event":"26/05/20 14:52:21 INFO BlockManagerMasterEndpoint: Using org.apache.spark.storage.DefaultTopologyMapper for getting topology information","logger":"airflow.task.hooks.airflow.providers.apache.spark.hooks.spark_submit.SparkSubmitHook","filename":"spark_submit.py","lineno":705}
{"timestamp":"2026-05-20T14:52:21.318944Z","level":"info","event":"26/05/20 14:52:21 INFO BlockManagerMasterEndpoint: BlockManagerMasterEndpoint up","logger":"airflow.task.hooks.airflow.providers.apache.spark.hooks.spark_submit.SparkSubmitHook","filename":"spark_submit.py","lineno":705}
{"timestamp":"2026-05-20T14:52:21.324205Z","level":"info","event":"26/05/20 14:52:21 INFO SparkEnv: Registering BlockManagerMasterHeartbeat","logger":"airflow.task.hooks.airflow.providers.apache.spark.hooks.spark_submit.SparkSubmitHook","filename":"spark_submit.py","lineno":705}
{"timestamp":"2026-05-20T14:52:21.367530Z","level":"info","event":"26/05/20 14:52:21 INFO DiskBlockManager: Created local directory at /tmp/blockmgr-6d3abc2b-ff7f-411d-aca3-b424f2fee55e","logger":"airflow.task.hooks.airflow.providers.apache.spark.hooks.spark_submit.SparkSubmitHook","filename":"spark_submit.py","lineno":705}
{"timestamp":"2026-05-20T14:52:21.404043Z","level":"info","event":"26/05/20 14:52:21 INFO MemoryStore: MemoryStore started with capacity 434.4 MiB","logger":"airflow.task.hooks.airflow.providers.apache.spark.hooks.spark_submit.SparkSubmitHook","filename":"spark_submit.py","lineno":705}
{"timestamp":"2026-05-20T14:52:21.441027Z","level":"info","event":"26/05/20 14:52:21 INFO SparkEnv: Registering OutputCommitCoordinator","logger":"airflow.task.hooks.airflow.providers.apache.spark.hooks.spark_submit.SparkSubmitHook","filename":"spark_submit.py","lineno":705}
{"timestamp":"2026-05-20T14:52:21.714218Z","level":"info","event":"26/05/20 14:52:21 INFO JettyUtils: Start Jetty 0.0.0.0:4040 for SparkUI","logger":"airflow.task.hooks.airflow.providers.apache.spark.hooks.spark_submit.SparkSubmitHook","filename":"spark_submit.py","lineno":705}
{"timestamp":"2026-05-20T14:52:21.866317Z","level":"info","event":"26/05/20 14:52:21 INFO Utils: Successfully started service 'SparkUI' on port 4040.","logger":"airflow.task.hooks.airflow.providers.apache.spark.hooks.spark_submit.SparkSubmitHook","filename":"spark_submit.py","lineno":705}
{"timestamp":"2026-05-20T14:52:22.089120Z","level":"info","event":"26/05/20 14:52:22 INFO StandaloneAppClient$ClientEndpoint: Connecting to master spark://spark-master:7077...","logger":"airflow.task.hooks.airflow.providers.apache.spark.hooks.spark_submit.SparkSubmitHook","filename":"spark_submit.py","lineno":705}
{"timestamp":"2026-05-20T14:52:22.176435Z","level":"info","event":"26/05/20 14:52:22 INFO TransportClientFactory: Successfully created connection to spark-master/172.18.0.2:7077 after 53 ms (0 ms spent in bootstraps)","logger":"airflow.task.hooks.airflow.providers.apache.spark.hooks.spark_submit.SparkSubmitHook","filename":"spark_submit.py","lineno":705}
{"timestamp":"2026-05-20T14:52:22.451265Z","level":"info","event":"26/05/20 14:52:22 INFO StandaloneSchedulerBackend: Connected to Spark cluster with app ID app-20260520145222-0000","logger":"airflow.task.hooks.airflow.providers.apache.spark.hooks.spark_submit.SparkSubmitHook","filename":"spark_submit.py","lineno":705}
{"timestamp":"2026-05-20T14:52:22.464590Z","level":"info","event":"26/05/20 14:52:22 INFO Utils: Successfully started service 'org.apache.spark.network.netty.NettyBlockTransferService' on port 39761.","logger":"airflow.task.hooks.airflow.providers.apache.spark.hooks.spark_submit.SparkSubmitHook","filename":"spark_submit.py","lineno":705}
{"timestamp":"2026-05-20T14:52:22.464955Z","level":"info","event":"26/05/20 14:52:22 INFO NettyBlockTransferService: Server created on 4582b27bf895:39761","logger":"airflow.task.hooks.airflow.providers.apache.spark.hooks.spark_submit.SparkSubmitHook","filename":"spark_submit.py","lineno":705}
{"timestamp":"2026-05-20T14:52:22.468660Z","level":"info","event":"26/05/20 14:52:22 INFO BlockManager: Using org.apache.spark.storage.RandomBlockReplicationPolicy for block replication policy","logger":"airflow.task.hooks.airflow.providers.apache.spark.hooks.spark_submit.SparkSubmitHook","filename":"spark_submit.py","lineno":705}
{"timestamp":"2026-05-20T14:52:22.483490Z","level":"info","event":"26/05/20 14:52:22 INFO BlockManagerMaster: Registering BlockManager BlockManagerId(driver, 4582b27bf895, 39761, None)","logger":"airflow.task.hooks.airflow.providers.apache.spark.hooks.spark_submit.SparkSubmitHook","filename":"spark_submit.py","lineno":705}
{"timestamp":"2026-05-20T14:52:22.490620Z","level":"info","event":"26/05/20 14:52:22 INFO BlockManagerMasterEndpoint: Registering block manager 4582b27bf895:39761 with 434.4 MiB RAM, BlockManagerId(driver, 4582b27bf895, 39761, None)","logger":"airflow.task.hooks.airflow.providers.apache.spark.hooks.spark_submit.SparkSubmitHook","filename":"spark_submit.py","lineno":705}
{"timestamp":"2026-05-20T14:52:22.495330Z","level":"info","event":"26/05/20 14:52:22 INFO BlockManagerMaster: Registered BlockManager BlockManagerId(driver, 4582b27bf895, 39761, None)","logger":"airflow.task.hooks.airflow.providers.apache.spark.hooks.spark_submit.SparkSubmitHook","filename":"spark_submit.py","lineno":705}
{"timestamp":"2026-05-20T14:52:22.498427Z","level":"info","event":"26/05/20 14:52:22 INFO BlockManager: Initialized BlockManager: BlockManagerId(driver, 4582b27bf895, 39761, None)","logger":"airflow.task.hooks.airflow.providers.apache.spark.hooks.spark_submit.SparkSubmitHook","filename":"spark_submit.py","lineno":705}
{"timestamp":"2026-05-20T14:52:22.510928Z","level":"info","event":"26/05/20 14:52:22 INFO StandaloneAppClient$ClientEndpoint: Executor added: app-20260520145222-0000/0 on worker-20260520144901-172.18.0.4-37543 (172.18.0.4:37543) with 8 core(s)","logger":"airflow.task.hooks.airflow.providers.apache.spark.hooks.spark_submit.SparkSubmitHook","filename":"spark_submit.py","lineno":705}
{"timestamp":"2026-05-20T14:52:22.514515Z","level":"info","event":"26/05/20 14:52:22 INFO StandaloneSchedulerBackend: Granted executor ID app-20260520145222-0000/0 on hostPort 172.18.0.4:37543 with 8 core(s), 1024.0 MiB RAM","logger":"airflow.task.hooks.airflow.providers.apache.spark.hooks.spark_submit.SparkSubmitHook","filename":"spark_submit.py","lineno":705}
{"timestamp":"2026-05-20T14:52:22.971868Z","level":"info","event":"26/05/20 14:52:22 INFO StandaloneAppClient$ClientEndpoint: Executor updated: app-20260520145222-0000/0 is now RUNNING","logger":"airflow.task.hooks.airflow.providers.apache.spark.hooks.spark_submit.SparkSubmitHook","filename":"spark_submit.py","lineno":705}
{"timestamp":"2026-05-20T14:52:23.044212Z","level":"info","event":"26/05/20 14:52:23 INFO StandaloneSchedulerBackend: SchedulerBackend is ready for scheduling beginning after reached minRegisteredResourcesRatio: 0.0","logger":"airflow.task.hooks.airflow.providers.apache.spark.hooks.spark_submit.SparkSubmitHook","filename":"spark_submit.py","lineno":705}
{"timestamp":"2026-05-20T14:52:37.438574Z","level":"info","event":"Traceback (most recent call last):","logger":"airflow.task.hooks.airflow.providers.apache.spark.hooks.spark_submit.SparkSubmitHook","filename":"spark_submit.py","lineno":705}
{"timestamp":"2026-05-20T14:52:37.439152Z","level":"info","event":"File \"/opt/airflow/jobs/pre-processing.py\", line 127, in <module>","logger":"airflow.task.hooks.airflow.providers.apache.spark.hooks.spark_submit.SparkSubmitHook","filename":"spark_submit.py","lineno":705}
{"timestamp":"2026-05-20T14:52:37.444771Z","level":"info","event":"main()","logger":"airflow.task.hooks.airflow.providers.apache.spark.hooks.spark_submit.SparkSubmitHook","filename":"spark_submit.py","lineno":705}
{"timestamp":"2026-05-20T14:52:37.445048Z","level":"info","event":"File \"/opt/airflow/jobs/pre-processing.py\", line 124, in main","logger":"airflow.task.hooks.airflow.providers.apache.spark.hooks.spark_submit.SparkSubmitHook","filename":"spark_submit.py","lineno":705}
{"timestamp":"2026-05-20T14:52:37.450264Z","level":"info","event":"optimizer = Optimizer(spark, hdfs_file_path, rdd_dataframe)","logger":"airflow.task.hooks.airflow.providers.apache.spark.hooks.spark_submit.SparkSubmitHook","filename":"spark_submit.py","lineno":705}
{"timestamp":"2026-05-20T14:52:37.450592Z","level":"info","event":"File \"/opt/airflow/jobs/pre-processing.py\", line 45, in __init__","logger":"airflow.task.hooks.airflow.providers.apache.spark.hooks.spark_submit.SparkSubmitHook","filename":"spark_submit.py","lineno":705}
{"timestamp":"2026-05-20T14:52:37.455720Z","level":"info","event":"self.save_filtered_dataset(raw_dataset, rdd_dataframe, hdfs_path)","logger":"airflow.task.hooks.airflow.providers.apache.spark.hooks.spark_submit.SparkSubmitHook","filename":"spark_submit.py","lineno":705}
{"timestamp":"2026-05-20T14:52:37.456000Z","level":"info","event":"File \"/opt/airflow/jobs/pre-processing.py\", line 91, in save_filtered_dataset","logger":"airflow.task.hooks.airflow.providers.apache.spark.hooks.spark_submit.SparkSubmitHook","filename":"spark_submit.py","lineno":705}
{"timestamp":"2026-05-20T14:52:37.462669Z","level":"info","event":"dataset.saveAsTextFile(hdfs_path + \"dataset/dataset.csv\")","logger":"airflow.task.hooks.airflow.providers.apache.spark.hooks.spark_submit.SparkSubmitHook","filename":"spark_submit.py","lineno":705}
{"timestamp":"2026-05-20T14:52:37.462956Z","level":"info","event":"File \"/opt/spark/python/lib/pyspark.zip/pyspark/rdd.py\", line 3406, in saveAsTextFile","logger":"airflow.task.hooks.airflow.providers.apache.spark.hooks.spark_submit.SparkSubmitHook","filename":"spark_submit.py","lineno":705}
{"timestamp":"2026-05-20T14:52:37.463507Z","level":"info","event":"File \"/opt/spark/python/lib/py4j-0.10.9.7-src.zip/py4j/java_gateway.py\", line 1322, in __call__","logger":"airflow.task.hooks.airflow.providers.apache.spark.hooks.spark_submit.SparkSubmitHook","filename":"spark_submit.py","lineno":705}
{"timestamp":"2026-05-20T14:52:37.464711Z","level":"info","event":"File \"/opt/spark/python/lib/pyspark.zip/pyspark/errors/exceptions/captured.py\", line 169, in deco","logger":"airflow.task.hooks.airflow.providers.apache.spark.hooks.spark_submit.SparkSubmitHook","filename":"spark_submit.py","lineno":705}
{"timestamp":"2026-05-20T14:52:37.465442Z","level":"info","event":"File \"/opt/spark/python/lib/py4j-0.10.9.7-src.zip/py4j/protocol.py\", line 326, in get_return_value","logger":"airflow.task.hooks.airflow.providers.apache.spark.hooks.spark_submit.SparkSubmitHook","filename":"spark_submit.py","lineno":705}
{"timestamp":"2026-05-20T14:52:37.509360Z","level":"info","event":"py4j.protocol.Py4JJavaError: An error occurred while calling o60.saveAsTextFile.","logger":"airflow.task.hooks.airflow.providers.apache.spark.hooks.spark_submit.SparkSubmitHook","filename":"spark_submit.py","lineno":705}
{"timestamp":"2026-05-20T14:52:37.509654Z","level":"info","event":": org.apache.hadoop.security.AccessControlException: Permission denied: user=airflow, access=WRITE, inode=\"/user/root/data\":root:supergroup:drwxr-xr-x","logger":"airflow.task.hooks.airflow.providers.apache.spark.hooks.spark_submit.SparkSubmitHook","filename":"spark_submit.py","lineno":705}
{"timestamp":"2026-05-20T14:52:37.509790Z","level":"info","event":"at org.apache.hadoop.hdfs.server.namenode.FSPermissionChecker.check(FSPermissionChecker.java:506)","logger":"airflow.task.hooks.airflow.providers.apache.spark.hooks.spark_submit.SparkSubmitHook","filename":"spark_submit.py","lineno":705}
{"timestamp":"2026-05-20T14:52:37.509887Z","level":"info","event":"at org.apache.hadoop.hdfs.server.namenode.FSPermissionChecker.checkPermission(FSPermissionChecker.java:346)","logger":"airflow.task.hooks.airflow.providers.apache.spark.hooks.spark_submit.SparkSubmitHook","filename":"spark_submit.py","lineno":705}
{"timestamp":"2026-05-20T14:52:37.509977Z","level":"info","event":"at org.apache.hadoop.hdfs.server.namenode.FSPermissionChecker.checkPermissionWithContext(FSPermissionChecker.java:370)","logger":"airflow.task.hooks.airflow.providers.apache.spark.hooks.spark_submit.SparkSubmitHook","filename":"spark_submit.py","lineno":705}
{"timestamp":"2026-05-20T14:52:37.510069Z","level":"info","event":"at org.apache.hadoop.hdfs.server.namenode.FSPermissionChecker.checkPermission(FSPermissionChecker.java:240)","logger":"airflow.task.hooks.airflow.providers.apache.spark.hooks.spark_submit.SparkSubmitHook","filename":"spark_submit.py","lineno":705}
{"timestamp":"2026-05-20T14:52:37.510209Z","level":"info","event":"at org.apache.hadoop.hdfs.server.namenode.FSDirectory.checkPermission(FSDirectory.java:1939)","logger":"airflow.task.hooks.airflow.providers.apache.spark.hooks.spark_submit.SparkSubmitHook","filename":"spark_submit.py","lineno":705}
{"timestamp":"2026-05-20T14:52:37.510314Z","level":"info","event":"at org.apache.hadoop.hdfs.server.namenode.FSDirectory.checkPermission(FSDirectory.java:1923)","logger":"airflow.task.hooks.airflow.providers.apache.spark.hooks.spark_submit.SparkSubmitHook","filename":"spark_submit.py","lineno":705}
{"timestamp":"2026-05-20T14:52:37.510479Z","level":"info","event":"at org.apache.hadoop.hdfs.server.namenode.FSDirectory.checkAncestorAccess(FSDirectory.java:1882)","logger":"airflow.task.hooks.airflow.providers.apache.spark.hooks.spark_submit.SparkSubmitHook","filename":"spark_submit.py","lineno":705}
{"timestamp":"2026-05-20T14:52:37.510630Z","level":"info","event":"at org.apache.hadoop.hdfs.server.namenode.FSDirMkdirOp.mkdirs(FSDirMkdirOp.java:60)","logger":"airflow.task.hooks.airflow.providers.apache.spark.hooks.spark_submit.SparkSubmitHook","filename":"spark_submit.py","lineno":705}
{"timestamp":"2026-05-20T14:52:37.510754Z","level":"info","event":"at org.apache.hadoop.hdfs.server.namenode.FSNamesystem.mkdirs(FSNamesystem.java:3405)","logger":"airflow.task.hooks.airflow.providers.apache.spark.hooks.spark_submit.SparkSubmitHook","filename":"spark_submit.py","lineno":705}
{"timestamp":"2026-05-20T14:52:37.510859Z","level":"info","event":"at org.apache.hadoop.hdfs.server.namenode.NameNodeRpcServer.mkdirs(NameNodeRpcServer.java:1159)","logger":"airflow.task.hooks.airflow.providers.apache.spark.hooks.spark_submit.SparkSubmitHook","filename":"spark_submit.py","lineno":705}
{"timestamp":"2026-05-20T14:52:37.510963Z","level":"info","event":"at org.apache.hadoop.hdfs.protocolPB.ClientNamenodeProtocolServerSideTranslatorPB.mkdirs(ClientNamenodeProtocolServerSideTranslatorPB.java:740)","logger":"airflow.task.hooks.airflow.providers.apache.spark.hooks.spark_submit.SparkSubmitHook","filename":"spark_submit.py","lineno":705}
{"timestamp":"2026-05-20T14:52:37.511058Z","level":"info","event":"at org.apache.hadoop.hdfs.protocol.proto.ClientNamenodeProtocolProtos$ClientNamenodeProtocol$2.callBlockingMethod(ClientNamenodeProtocolProtos.java)","logger":"airflow.task.hooks.airflow.providers.apache.spark.hooks.spark_submit.SparkSubmitHook","filename":"spark_submit.py","lineno":705}
{"timestamp":"2026-05-20T14:52:37.511155Z","level":"info","event":"at org.apache.hadoop.ipc.ProtobufRpcEngine2$Server$ProtoBufRpcInvoker.call(ProtobufRpcEngine2.java:604)","logger":"airflow.task.hooks.airflow.providers.apache.spark.hooks.spark_submit.SparkSubmitHook","filename":"spark_submit.py","lineno":705}
{"timestamp":"2026-05-20T14:52:37.511259Z","level":"info","event":"at org.apache.hadoop.ipc.ProtobufRpcEngine2$Server$ProtoBufRpcInvoker.call(ProtobufRpcEngine2.java:572)","logger":"airflow.task.hooks.airflow.providers.apache.spark.hooks.spark_submit.SparkSubmitHook","filename":"spark_submit.py","lineno":705}
{"timestamp":"2026-05-20T14:52:37.511372Z","level":"info","event":"at org.apache.hadoop.ipc.ProtobufRpcEngine2$Server$ProtoBufRpcInvoker.call(ProtobufRpcEngine2.java:556)","logger":"airflow.task.hooks.airflow.providers.apache.spark.hooks.spark_submit.SparkSubmitHook","filename":"spark_submit.py","lineno":705}
{"timestamp":"2026-05-20T14:52:37.511480Z","level":"info","event":"at org.apache.hadoop.ipc.RPC$Server.call(RPC.java:1093)","logger":"airflow.task.hooks.airflow.providers.apache.spark.hooks.spark_submit.SparkSubmitHook","filename":"spark_submit.py","lineno":705}
{"timestamp":"2026-05-20T14:52:37.511587Z","level":"info","event":"at org.apache.hadoop.ipc.Server$RpcCall.run(Server.java:1043)","logger":"airflow.task.hooks.airflow.providers.apache.spark.hooks.spark_submit.SparkSubmitHook","filename":"spark_submit.py","lineno":705}
{"timestamp":"2026-05-20T14:52:37.511694Z","level":"info","event":"at org.apache.hadoop.ipc.Server$RpcCall.run(Server.java:971)","logger":"airflow.task.hooks.airflow.providers.apache.spark.hooks.spark_submit.SparkSubmitHook","filename":"spark_submit.py","lineno":705}
{"timestamp":"2026-05-20T14:52:37.511818Z","level":"info","event":"at java.security.AccessController.doPrivileged(Native Method)","logger":"airflow.task.hooks.airflow.providers.apache.spark.hooks.spark_submit.SparkSubmitHook","filename":"spark_submit.py","lineno":705}
{"timestamp":"2026-05-20T14:52:37.511912Z","level":"info","event":"at javax.security.auth.Subject.doAs(Subject.java:422)","logger":"airflow.task.hooks.airflow.providers.apache.spark.hooks.spark_submit.SparkSubmitHook","filename":"spark_submit.py","lineno":705}
{"timestamp":"2026-05-20T14:52:37.512001Z","level":"info","event":"at org.apache.hadoop.security.UserGroupInformation.doAs(UserGroupInformation.java:1878)","logger":"airflow.task.hooks.airflow.providers.apache.spark.hooks.spark_submit.SparkSubmitHook","filename":"spark_submit.py","lineno":705}
{"timestamp":"2026-05-20T14:52:37.512090Z","level":"info","event":"at org.apache.hadoop.ipc.Server$Handler.run(Server.java:2976)","logger":"airflow.task.hooks.airflow.providers.apache.spark.hooks.spark_submit.SparkSubmitHook","filename":"spark_submit.py","lineno":705}
{"timestamp":"2026-05-20T14:52:37.512234Z","level":"info","event":"","logger":"airflow.task.hooks.airflow.providers.apache.spark.hooks.spark_submit.SparkSubmitHook","filename":"spark_submit.py","lineno":705}
{"timestamp":"2026-05-20T14:52:37.512373Z","level":"info","event":"at java.base/jdk.internal.reflect.NativeConstructorAccessorImpl.newInstance0(Native Method)","logger":"airflow.task.hooks.airflow.providers.apache.spark.hooks.spark_submit.SparkSubmitHook","filename":"spark_submit.py","lineno":705}
{"timestamp":"2026-05-20T14:52:37.512466Z","level":"info","event":"at java.base/jdk.internal.reflect.NativeConstructorAccessorImpl.newInstance(NativeConstructorAccessorImpl.java:77)","logger":"airflow.task.hooks.airflow.providers.apache.spark.hooks.spark_submit.SparkSubmitHook","filename":"spark_submit.py","lineno":705}
{"timestamp":"2026-05-20T14:52:37.512555Z","level":"info","event":"at java.base/jdk.internal.reflect.DelegatingConstructorAccessorImpl.newInstance(DelegatingConstructorAccessorImpl.java:45)","logger":"airflow.task.hooks.airflow.providers.apache.spark.hooks.spark_submit.SparkSubmitHook","filename":"spark_submit.py","lineno":705}
{"timestamp":"2026-05-20T14:52:37.512642Z","level":"info","event":"at java.base/java.lang.reflect.Constructor.newInstanceWithCaller(Constructor.java:500)","logger":"airflow.task.hooks.airflow.providers.apache.spark.hooks.spark_submit.SparkSubmitHook","filename":"spark_submit.py","lineno":705}
{"timestamp":"2026-05-20T14:52:37.512727Z","level":"info","event":"at java.base/java.lang.reflect.Constructor.newInstance(Constructor.java:481)","logger":"airflow.task.hooks.airflow.providers.apache.spark.hooks.spark_submit.SparkSubmitHook","filename":"spark_submit.py","lineno":705}
{"timestamp":"2026-05-20T14:52:37.512814Z","level":"info","event":"at org.apache.hadoop.ipc.RemoteException.instantiateException(RemoteException.java:121)","logger":"airflow.task.hooks.airflow.providers.apache.spark.hooks.spark_submit.SparkSubmitHook","filename":"spark_submit.py","lineno":705}
{"timestamp":"2026-05-20T14:52:37.512909Z","level":"info","event":"at org.apache.hadoop.ipc.RemoteException.unwrapRemoteException(RemoteException.java:88)","logger":"airflow.task.hooks.airflow.providers.apache.spark.hooks.spark_submit.SparkSubmitHook","filename":"spark_submit.py","lineno":705}
{"timestamp":"2026-05-20T14:52:37.513011Z","level":"info","event":"at org.apache.hadoop.hdfs.DFSClient.primitiveMkdir(DFSClient.java:2509)","logger":"airflow.task.hooks.airflow.providers.apache.spark.hooks.spark_submit.SparkSubmitHook","filename":"spark_submit.py","lineno":705}
{"timestamp":"2026-05-20T14:52:37.513115Z","level":"info","event":"at org.apache.hadoop.hdfs.DFSClient.mkdirs(DFSClient.java:2483)","logger":"airflow.task.hooks.airflow.providers.apache.spark.hooks.spark_submit.SparkSubmitHook","filename":"spark_submit.py","lineno":705}
{"timestamp":"2026-05-20T14:52:37.513220Z","level":"info","event":"at org.apache.hadoop.hdfs.DistributedFileSystem$27.doCall(DistributedFileSystem.java:1485)","logger":"airflow.task.hooks.airflow.providers.apache.spark.hooks.spark_submit.SparkSubmitHook","filename":"spark_submit.py","lineno":705}
{"timestamp":"2026-05-20T14:52:37.513336Z","level":"info","event":"at org.apache.hadoop.hdfs.DistributedFileSystem$27.doCall(DistributedFileSystem.java:1482)","logger":"airflow.task.hooks.airflow.providers.apache.spark.hooks.spark_submit.SparkSubmitHook","filename":"spark_submit.py","lineno":705}
{"timestamp":"2026-05-20T14:52:37.513451Z","level":"info","event":"at org.apache.hadoop.fs.FileSystemLinkResolver.resolve(FileSystemLinkResolver.java:81)","logger":"airflow.task.hooks.airflow.providers.apache.spark.hooks.spark_submit.SparkSubmitHook","filename":"spark_submit.py","lineno":705}
{"timestamp":"2026-05-20T14:52:37.513557Z","level":"info","event":"at org.apache.hadoop.hdfs.DistributedFileSystem.mkdirsInternal(DistributedFileSystem.java:1499)","logger":"airflow.task.hooks.airflow.providers.apache.spark.hooks.spark_submit.SparkSubmitHook","filename":"spark_submit.py","lineno":705}
{"timestamp":"2026-05-20T14:52:37.513745Z","level":"info","event":"at org.apache.hadoop.hdfs.DistributedFileSystem.mkdirs(DistributedFileSystem.java:1474)","logger":"airflow.task.hooks.airflow.providers.apache.spark.hooks.spark_submit.SparkSubmitHook","filename":"spark_submit.py","lineno":705}
{"timestamp":"2026-05-20T14:52:37.513881Z","level":"info","event":"at org.apache.hadoop.fs.FileSystem.mkdirs(FileSystem.java:2388)","logger":"airflow.task.hooks.airflow.providers.apache.spark.hooks.spark_submit.SparkSubmitHook","filename":"spark_submit.py","lineno":705}
{"timestamp":"2026-05-20T14:52:37.513991Z","level":"info","event":"at org.apache.hadoop.mapreduce.lib.output.FileOutputCommitter.setupJob(FileOutputCommitter.java:356)","logger":"airflow.task.hooks.airflow.providers.apache.spark.hooks.spark_submit.SparkSubmitHook","filename":"spark_submit.py","lineno":705}
{"timestamp":"2026-05-20T14:52:37.514098Z","level":"info","event":"at org.apache.hadoop.mapred.FileOutputCommitter.setupJob(FileOutputCommitter.java:131)","logger":"airflow.task.hooks.airflow.providers.apache.spark.hooks.spark_submit.SparkSubmitHook","filename":"spark_submit.py","lineno":705}
{"timestamp":"2026-05-20T14:52:37.514260Z","level":"info","event":"at org.apache.hadoop.mapred.OutputCommitter.setupJob(OutputCommitter.java:265)","logger":"airflow.task.hooks.airflow.providers.apache.spark.hooks.spark_submit.SparkSubmitHook","filename":"spark_submit.py","lineno":705}
{"timestamp":"2026-05-20T14:52:37.514383Z","level":"info","event":"at org.apache.spark.internal.io.HadoopMapReduceCommitProtocol.setupJob(HadoopMapReduceCommitProtocol.scala:188)","logger":"airflow.task.hooks.airflow.providers.apache.spark.hooks.spark_submit.SparkSubmitHook","filename":"spark_submit.py","lineno":705}
{"timestamp":"2026-05-20T14:52:37.514495Z","level":"info","event":"at org.apache.spark.internal.io.SparkHadoopWriter$.write(SparkHadoopWriter.scala:79)","logger":"airflow.task.hooks.airflow.providers.apache.spark.hooks.spark_submit.SparkSubmitHook","filename":"spark_submit.py","lineno":705}
{"timestamp":"2026-05-20T14:52:37.514602Z","level":"info","event":"at org.apache.spark.rdd.PairRDDFunctions.$anonfun$saveAsHadoopDataset$1(PairRDDFunctions.scala:1091)","logger":"airflow.task.hooks.airflow.providers.apache.spark.hooks.spark_submit.SparkSubmitHook","filename":"spark_submit.py","lineno":705}
{"timestamp":"2026-05-20T14:52:37.514708Z","level":"info","event":"at scala.runtime.java8.JFunction0$mcV$sp.apply(JFunction0$mcV$sp.java:23)","logger":"airflow.task.hooks.airflow.providers.apache.spark.hooks.spark_submit.SparkSubmitHook","filename":"spark_submit.py","lineno":705}
{"timestamp":"2026-05-20T14:52:37.514822Z","level":"info","event":"at org.apache.spark.rdd.RDDOperationScope$.withScope(RDDOperationScope.scala:151)","logger":"airflow.task.hooks.airflow.providers.apache.spark.hooks.spark_submit.SparkSubmitHook","filename":"spark_submit.py","lineno":705}
{"timestamp":"2026-05-20T14:52:37.514932Z","level":"info","event":"at org.apache.spark.rdd.RDDOperationScope$.withScope(RDDOperationScope.scala:112)","logger":"airflow.task.hooks.airflow.providers.apache.spark.hooks.spark_submit.SparkSubmitHook","filename":"spark_submit.py","lineno":705}
{"timestamp":"2026-05-20T14:52:37.515035Z","level":"info","event":"at org.apache.spark.rdd.RDD.withScope(RDD.scala:405)","logger":"airflow.task.hooks.airflow.providers.apache.spark.hooks.spark_submit.SparkSubmitHook","filename":"spark_submit.py","lineno":705}
{"timestamp":"2026-05-20T14:52:37.515132Z","level":"info","event":"at org.apache.spark.rdd.PairRDDFunctions.saveAsHadoopDataset(PairRDDFunctions.scala:1089)","logger":"airflow.task.hooks.airflow.providers.apache.spark.hooks.spark_submit.SparkSubmitHook","filename":"spark_submit.py","lineno":705}
{"timestamp":"2026-05-20T14:52:37.515232Z","level":"info","event":"at org.apache.spark.rdd.PairRDDFunctions.$anonfun$saveAsHadoopFile$4(PairRDDFunctions.scala:1062)","logger":"airflow.task.hooks.airflow.providers.apache.spark.hooks.spark_submit.SparkSubmitHook","filename":"spark_submit.py","lineno":705}
{"timestamp":"2026-05-20T14:52:37.515329Z","level":"info","event":"at scala.runtime.java8.JFunction0$mcV$sp.apply(JFunction0$mcV$sp.java:23)","logger":"airflow.task.hooks.airflow.providers.apache.spark.hooks.spark_submit.SparkSubmitHook","filename":"spark_submit.py","lineno":705}
{"timestamp":"2026-05-20T14:52:37.515428Z","level":"info","event":"at org.apache.spark.rdd.RDDOperationScope$.withScope(RDDOperationScope.scala:151)","logger":"airflow.task.hooks.airflow.providers.apache.spark.hooks.spark_submit.SparkSubmitHook","filename":"spark_submit.py","lineno":705}
{"timestamp":"2026-05-20T14:52:37.515529Z","level":"info","event":"at org.apache.spark.rdd.RDDOperationScope$.withScope(RDDOperationScope.scala:112)","logger":"airflow.task.hooks.airflow.providers.apache.spark.hooks.spark_submit.SparkSubmitHook","filename":"spark_submit.py","lineno":705}
{"timestamp":"2026-05-20T14:52:37.515643Z","level":"info","event":"at org.apache.spark.rdd.RDD.withScope(RDD.scala:405)","logger":"airflow.task.hooks.airflow.providers.apache.spark.hooks.spark_submit.SparkSubmitHook","filename":"spark_submit.py","lineno":705}
{"timestamp":"2026-05-20T14:52:37.515748Z","level":"info","event":"at org.apache.spark.rdd.PairRDDFunctions.saveAsHadoopFile(PairRDDFunctions.scala:1027)","logger":"airflow.task.hooks.airflow.providers.apache.spark.hooks.spark_submit.SparkSubmitHook","filename":"spark_submit.py","lineno":705}
{"timestamp":"2026-05-20T14:52:37.515854Z","level":"info","event":"at org.apache.spark.rdd.PairRDDFunctions.$anonfun$saveAsHadoopFile$3(PairRDDFunctions.scala:1009)","logger":"airflow.task.hooks.airflow.providers.apache.spark.hooks.spark_submit.SparkSubmitHook","filename":"spark_submit.py","lineno":705}
{"timestamp":"2026-05-20T14:52:37.515960Z","level":"info","event":"at scala.runtime.java8.JFunction0$mcV$sp.apply(JFunction0$mcV$sp.java:23)","logger":"airflow.task.hooks.airflow.providers.apache.spark.hooks.spark_submit.SparkSubmitHook","filename":"spark_submit.py","lineno":705}
{"timestamp":"2026-05-20T14:52:37.516064Z","level":"info","event":"at org.apache.spark.rdd.RDDOperationScope$.withScope(RDDOperationScope.scala:151)","logger":"airflow.task.hooks.airflow.providers.apache.spark.hooks.spark_submit.SparkSubmitHook","filename":"spark_submit.py","lineno":705}
{"timestamp":"2026-05-20T14:52:37.516207Z","level":"info","event":"at org.apache.spark.rdd.RDDOperationScope$.withScope(RDDOperationScope.scala:112)","logger":"airflow.task.hooks.airflow.providers.apache.spark.hooks.spark_submit.SparkSubmitHook","filename":"spark_submit.py","lineno":705}
{"timestamp":"2026-05-20T14:52:37.516380Z","level":"info","event":"at org.apache.spark.rdd.RDD.withScope(RDD.scala:405)","logger":"airflow.task.hooks.airflow.providers.apache.spark.hooks.spark_submit.SparkSubmitHook","filename":"spark_submit.py","lineno":705}
{"timestamp":"2026-05-20T14:52:37.516501Z","level":"info","event":"at org.apache.spark.rdd.PairRDDFunctions.saveAsHadoopFile(PairRDDFunctions.scala:1008)","logger":"airflow.task.hooks.airflow.providers.apache.spark.hooks.spark_submit.SparkSubmitHook","filename":"spark_submit.py","lineno":705}
{"timestamp":"2026-05-20T14:52:37.516612Z","level":"info","event":"at org.apache.spark.rdd.PairRDDFunctions.$anonfun$saveAsHadoopFile$2(PairRDDFunctions.scala:965)","logger":"airflow.task.hooks.airflow.providers.apache.spark.hooks.spark_submit.SparkSubmitHook","filename":"spark_submit.py","lineno":705}
{"timestamp":"2026-05-20T14:52:37.517377Z","level":"info","event":"at scala.runtime.java8.JFunction0$mcV$sp.apply(JFunction0$mcV$sp.java:23)","logger":"airflow.task.hooks.airflow.providers.apache.spark.hooks.spark_submit.SparkSubmitHook","filename":"spark_submit.py","lineno":705}
{"timestamp":"2026-05-20T14:52:37.517570Z","level":"info","event":"at org.apache.spark.rdd.RDDOperationScope$.withScope(RDDOperationScope.scala:151)","logger":"airflow.task.hooks.airflow.providers.apache.spark.hooks.spark_submit.SparkSubmitHook","filename":"spark_submit.py","lineno":705}
{"timestamp":"2026-05-20T14:52:37.517873Z","level":"info","event":"at org.apache.spark.rdd.RDDOperationScope$.withScope(RDDOperationScope.scala:112)","logger":"airflow.task.hooks.airflow.providers.apache.spark.hooks.spark_submit.SparkSubmitHook","filename":"spark_submit.py","lineno":705}
{"timestamp":"2026-05-20T14:52:37.518607Z","level":"info","event":"at org.apache.spark.rdd.RDD.withScope(RDD.scala:405)","logger":"airflow.task.hooks.airflow.providers.apache.spark.hooks.spark_submit.SparkSubmitHook","filename":"spark_submit.py","lineno":705}
{"timestamp":"2026-05-20T14:52:37.520135Z","level":"info","event":"at org.apache.spark.rdd.PairRDDFunctions.saveAsHadoopFile(PairRDDFunctions.scala:963)","logger":"airflow.task.hooks.airflow.providers.apache.spark.hooks.spark_submit.SparkSubmitHook","filename":"spark_submit.py","lineno":705}
{"timestamp":"2026-05-20T14:52:37.521716Z","level":"info","event":"at org.apache.spark.rdd.RDD.$anonfun$saveAsTextFile$2(RDD.scala:1593)","logger":"airflow.task.hooks.airflow.providers.apache.spark.hooks.spark_submit.SparkSubmitHook","filename":"spark_submit.py","lineno":705}
{"timestamp":"2026-05-20T14:52:37.523461Z","level":"info","event":"at scala.runtime.java8.JFunction0$mcV$sp.apply(JFunction0$mcV$sp.java:23)","logger":"airflow.task.hooks.airflow.providers.apache.spark.hooks.spark_submit.SparkSubmitHook","filename":"spark_submit.py","lineno":705}
{"timestamp":"2026-05-20T14:52:37.524258Z","level":"info","event":"at org.apache.spark.rdd.RDDOperationScope$.withScope(RDDOperationScope.scala:151)","logger":"airflow.task.hooks.airflow.providers.apache.spark.hooks.spark_submit.SparkSubmitHook","filename":"spark_submit.py","lineno":705}
{"timestamp":"2026-05-20T14:52:37.524481Z","level":"info","event":"at org.apache.spark.rdd.RDDOperationScope$.withScope(RDDOperationScope.scala:112)","logger":"airflow.task.hooks.airflow.providers.apache.spark.hooks.spark_submit.SparkSubmitHook","filename":"spark_submit.py","lineno":705}
{"timestamp":"2026-05-20T14:52:37.524987Z","level":"info","event":"at org.apache.spark.rdd.RDD.withScope(RDD.scala:405)","logger":"airflow.task.hooks.airflow.providers.apache.spark.hooks.spark_submit.SparkSubmitHook","filename":"spark_submit.py","lineno":705}
{"timestamp":"2026-05-20T14:52:37.525156Z","level":"info","event":"at org.apache.spark.rdd.RDD.saveAsTextFile(RDD.scala:1593)","logger":"airflow.task.hooks.airflow.providers.apache.spark.hooks.spark_submit.SparkSubmitHook","filename":"spark_submit.py","lineno":705}
{"timestamp":"2026-05-20T14:52:37.525326Z","level":"info","event":"at org.apache.spark.rdd.RDD.$anonfun$saveAsTextFile$1(RDD.scala:1579)","logger":"airflow.task.hooks.airflow.providers.apache.spark.hooks.spark_submit.SparkSubmitHook","filename":"spark_submit.py","lineno":705}
{"timestamp":"2026-05-20T14:52:37.525947Z","level":"info","event":"at scala.runtime.java8.JFunction0$mcV$sp.apply(JFunction0$mcV$sp.java:23)","logger":"airflow.task.hooks.airflow.providers.apache.spark.hooks.spark_submit.SparkSubmitHook","filename":"spark_submit.py","lineno":705}
{"timestamp":"2026-05-20T14:52:37.526278Z","level":"info","event":"at org.apache.spark.rdd.RDDOperationScope$.withScope(RDDOperationScope.scala:151)","logger":"airflow.task.hooks.airflow.providers.apache.spark.hooks.spark_submit.SparkSubmitHook","filename":"spark_submit.py","lineno":705}
{"timestamp":"2026-05-20T14:52:37.526419Z","level":"info","event":"at org.apache.spark.rdd.RDDOperationScope$.withScope(RDDOperationScope.scala:112)","logger":"airflow.task.hooks.airflow.providers.apache.spark.hooks.spark_submit.SparkSubmitHook","filename":"spark_submit.py","lineno":705}
{"timestamp":"2026-05-20T14:52:37.526775Z","level":"info","event":"at org.apache.spark.rdd.RDD.withScope(RDD.scala:405)","logger":"airflow.task.hooks.airflow.providers.apache.spark.hooks.spark_submit.SparkSubmitHook","filename":"spark_submit.py","lineno":705}
{"timestamp":"2026-05-20T14:52:37.526940Z","level":"info","event":"at org.apache.spark.rdd.RDD.saveAsTextFile(RDD.scala:1579)","logger":"airflow.task.hooks.airflow.providers.apache.spark.hooks.spark_submit.SparkSubmitHook","filename":"spark_submit.py","lineno":705}
{"timestamp":"2026-05-20T14:52:37.527065Z","level":"info","event":"at org.apache.spark.api.java.JavaRDDLike.saveAsTextFile(JavaRDDLike.scala:564)","logger":"airflow.task.hooks.airflow.providers.apache.spark.hooks.spark_submit.SparkSubmitHook","filename":"spark_submit.py","lineno":705}
{"timestamp":"2026-05-20T14:52:37.527174Z","level":"info","event":"at org.apache.spark.api.java.JavaRDDLike.saveAsTextFile$(JavaRDDLike.scala:563)","logger":"airflow.task.hooks.airflow.providers.apache.spark.hooks.spark_submit.SparkSubmitHook","filename":"spark_submit.py","lineno":705}
{"timestamp":"2026-05-20T14:52:37.527282Z","level":"info","event":"at org.apache.spark.api.java.AbstractJavaRDDLike.saveAsTextFile(JavaRDDLike.scala:45)","logger":"airflow.task.hooks.airflow.providers.apache.spark.hooks.spark_submit.SparkSubmitHook","filename":"spark_submit.py","lineno":705}
{"timestamp":"2026-05-20T14:52:37.527397Z","level":"info","event":"at java.base/jdk.internal.reflect.NativeMethodAccessorImpl.invoke0(Native Method)","logger":"airflow.task.hooks.airflow.providers.apache.spark.hooks.spark_submit.SparkSubmitHook","filename":"spark_submit.py","lineno":705}
{"timestamp":"2026-05-20T14:52:37.527503Z","level":"info","event":"at java.base/jdk.internal.reflect.NativeMethodAccessorImpl.invoke(NativeMethodAccessorImpl.java:77)","logger":"airflow.task.hooks.airflow.providers.apache.spark.hooks.spark_submit.SparkSubmitHook","filename":"spark_submit.py","lineno":705}
{"timestamp":"2026-05-20T14:52:37.527616Z","level":"info","event":"at java.base/jdk.internal.reflect.DelegatingMethodAccessorImpl.invoke(DelegatingMethodAccessorImpl.java:43)","logger":"airflow.task.hooks.airflow.providers.apache.spark.hooks.spark_submit.SparkSubmitHook","filename":"spark_submit.py","lineno":705}
{"timestamp":"2026-05-20T14:52:37.527725Z","level":"info","event":"at java.base/java.lang.reflect.Method.invoke(Method.java:569)","logger":"airflow.task.hooks.airflow.providers.apache.spark.hooks.spark_submit.SparkSubmitHook","filename":"spark_submit.py","lineno":705}
{"timestamp":"2026-05-20T14:52:37.527833Z","level":"info","event":"at py4j.reflection.MethodInvoker.invoke(MethodInvoker.java:244)","logger":"airflow.task.hooks.airflow.providers.apache.spark.hooks.spark_submit.SparkSubmitHook","filename":"spark_submit.py","lineno":705}
{"timestamp":"2026-05-20T14:52:37.527944Z","level":"info","event":"at py4j.reflection.ReflectionEngine.invoke(ReflectionEngine.java:374)","logger":"airflow.task.hooks.airflow.providers.apache.spark.hooks.spark_submit.SparkSubmitHook","filename":"spark_submit.py","lineno":705}
{"timestamp":"2026-05-20T14:52:37.528052Z","level":"info","event":"at py4j.Gateway.invoke(Gateway.java:282)","logger":"airflow.task.hooks.airflow.providers.apache.spark.hooks.spark_submit.SparkSubmitHook","filename":"spark_submit.py","lineno":705}
{"timestamp":"2026-05-20T14:52:37.528164Z","level":"info","event":"at py4j.commands.AbstractCommand.invokeMethod(AbstractCommand.java:132)","logger":"airflow.task.hooks.airflow.providers.apache.spark.hooks.spark_submit.SparkSubmitHook","filename":"spark_submit.py","lineno":705}
{"timestamp":"2026-05-20T14:52:37.528332Z","level":"info","event":"at py4j.commands.CallCommand.execute(CallCommand.java:79)","logger":"airflow.task.hooks.airflow.providers.apache.spark.hooks.spark_submit.SparkSubmitHook","filename":"spark_submit.py","lineno":705}
{"timestamp":"2026-05-20T14:52:37.528472Z","level":"info","event":"at py4j.ClientServerConnection.waitForCommands(ClientServerConnection.java:182)","logger":"airflow.task.hooks.airflow.providers.apache.spark.hooks.spark_submit.SparkSubmitHook","filename":"spark_submit.py","lineno":705}
{"timestamp":"2026-05-20T14:52:37.528580Z","level":"info","event":"at py4j.ClientServerConnection.run(ClientServerConnection.java:106)","logger":"airflow.task.hooks.airflow.providers.apache.spark.hooks.spark_submit.SparkSubmitHook","filename":"spark_submit.py","lineno":705}
{"timestamp":"2026-05-20T14:52:37.528688Z","level":"info","event":"at java.base/java.lang.Thread.run(Thread.java:840)","logger":"airflow.task.hooks.airflow.providers.apache.spark.hooks.spark_submit.SparkSubmitHook","filename":"spark_submit.py","lineno":705}
{"timestamp":"2026-05-20T14:52:37.528793Z","level":"info","event":"Caused by: org.apache.hadoop.ipc.RemoteException(org.apache.hadoop.security.AccessControlException): Permission denied: user=airflow, access=WRITE, inode=\"/user/root/data\":root:supergroup:drwxr-xr-x","logger":"airflow.task.hooks.airflow.providers.apache.spark.hooks.spark_submit.SparkSubmitHook","filename":"spark_submit.py","lineno":705}
{"timestamp":"2026-05-20T14:52:37.528905Z","level":"info","event":"at org.apache.hadoop.hdfs.server.namenode.FSPermissionChecker.check(FSPermissionChecker.java:506)","logger":"airflow.task.hooks.airflow.providers.apache.spark.hooks.spark_submit.SparkSubmitHook","filename":"spark_submit.py","lineno":705}
{"timestamp":"2026-05-20T14:52:37.529011Z","level":"info","event":"at org.apache.hadoop.hdfs.server.namenode.FSPermissionChecker.checkPermission(FSPermissionChecker.java:346)","logger":"airflow.task.hooks.airflow.providers.apache.spark.hooks.spark_submit.SparkSubmitHook","filename":"spark_submit.py","lineno":705}
{"timestamp":"2026-05-20T14:52:37.529113Z","level":"info","event":"at org.apache.hadoop.hdfs.server.namenode.FSPermissionChecker.checkPermissionWithContext(FSPermissionChecker.java:370)","logger":"airflow.task.hooks.airflow.providers.apache.spark.hooks.spark_submit.SparkSubmitHook","filename":"spark_submit.py","lineno":705}
{"timestamp":"2026-05-20T14:52:37.529214Z","level":"info","event":"at org.apache.hadoop.hdfs.server.namenode.FSPermissionChecker.checkPermission(FSPermissionChecker.java:240)","logger":"airflow.task.hooks.airflow.providers.apache.spark.hooks.spark_submit.SparkSubmitHook","filename":"spark_submit.py","lineno":705}
{"timestamp":"2026-05-20T14:52:37.529316Z","level":"info","event":"at org.apache.hadoop.hdfs.server.namenode.FSDirectory.checkPermission(FSDirectory.java:1939)","logger":"airflow.task.hooks.airflow.providers.apache.spark.hooks.spark_submit.SparkSubmitHook","filename":"spark_submit.py","lineno":705}
{"timestamp":"2026-05-20T14:52:37.529414Z","level":"info","event":"at org.apache.hadoop.hdfs.server.namenode.FSDirectory.checkPermission(FSDirectory.java:1923)","logger":"airflow.task.hooks.airflow.providers.apache.spark.hooks.spark_submit.SparkSubmitHook","filename":"spark_submit.py","lineno":705}
{"timestamp":"2026-05-20T14:52:37.529527Z","level":"info","event":"at org.apache.hadoop.hdfs.server.namenode.FSDirectory.checkAncestorAccess(FSDirectory.java:1882)","logger":"airflow.task.hooks.airflow.providers.apache.spark.hooks.spark_submit.SparkSubmitHook","filename":"spark_submit.py","lineno":705}
{"timestamp":"2026-05-20T14:52:37.529634Z","level":"info","event":"at org.apache.hadoop.hdfs.server.namenode.FSDirMkdirOp.mkdirs(FSDirMkdirOp.java:60)","logger":"airflow.task.hooks.airflow.providers.apache.spark.hooks.spark_submit.SparkSubmitHook","filename":"spark_submit.py","lineno":705}
{"timestamp":"2026-05-20T14:52:37.529742Z","level":"info","event":"at org.apache.hadoop.hdfs.server.namenode.FSNamesystem.mkdirs(FSNamesystem.java:3405)","logger":"airflow.task.hooks.airflow.providers.apache.spark.hooks.spark_submit.SparkSubmitHook","filename":"spark_submit.py","lineno":705}
{"timestamp":"2026-05-20T14:52:37.529855Z","level":"info","event":"at org.apache.hadoop.hdfs.server.namenode.NameNodeRpcServer.mkdirs(NameNodeRpcServer.java:1159)","logger":"airflow.task.hooks.airflow.providers.apache.spark.hooks.spark_submit.SparkSubmitHook","filename":"spark_submit.py","lineno":705}
{"timestamp":"2026-05-20T14:52:37.529966Z","level":"info","event":"at org.apache.hadoop.hdfs.protocolPB.ClientNamenodeProtocolServerSideTranslatorPB.mkdirs(ClientNamenodeProtocolServerSideTranslatorPB.java:740)","logger":"airflow.task.hooks.airflow.providers.apache.spark.hooks.spark_submit.SparkSubmitHook","filename":"spark_submit.py","lineno":705}
{"timestamp":"2026-05-20T14:52:37.530114Z","level":"info","event":"at org.apache.hadoop.hdfs.protocol.proto.ClientNamenodeProtocolProtos$ClientNamenodeProtocol$2.callBlockingMethod(ClientNamenodeProtocolProtos.java)","logger":"airflow.task.hooks.airflow.providers.apache.spark.hooks.spark_submit.SparkSubmitHook","filename":"spark_submit.py","lineno":705}
{"timestamp":"2026-05-20T14:52:37.530211Z","level":"info","event":"at org.apache.hadoop.ipc.ProtobufRpcEngine2$Server$ProtoBufRpcInvoker.call(ProtobufRpcEngine2.java:604)","logger":"airflow.task.hooks.airflow.providers.apache.spark.hooks.spark_submit.SparkSubmitHook","filename":"spark_submit.py","lineno":705}
{"timestamp":"2026-05-20T14:52:37.530291Z","level":"info","event":"at org.apache.hadoop.ipc.ProtobufRpcEngine2$Server$ProtoBufRpcInvoker.call(ProtobufRpcEngine2.java:572)","logger":"airflow.task.hooks.airflow.providers.apache.spark.hooks.spark_submit.SparkSubmitHook","filename":"spark_submit.py","lineno":705}
{"timestamp":"2026-05-20T14:52:37.530425Z","level":"info","event":"at org.apache.hadoop.ipc.ProtobufRpcEngine2$Server$ProtoBufRpcInvoker.call(ProtobufRpcEngine2.java:556)","logger":"airflow.task.hooks.airflow.providers.apache.spark.hooks.spark_submit.SparkSubmitHook","filename":"spark_submit.py","lineno":705}
{"timestamp":"2026-05-20T14:52:37.530526Z","level":"info","event":"at org.apache.hadoop.ipc.RPC$Server.call(RPC.java:1093)","logger":"airflow.task.hooks.airflow.providers.apache.spark.hooks.spark_submit.SparkSubmitHook","filename":"spark_submit.py","lineno":705}
{"timestamp":"2026-05-20T14:52:37.530633Z","level":"info","event":"at org.apache.hadoop.ipc.Server$RpcCall.run(Server.java:1043)","logger":"airflow.task.hooks.airflow.providers.apache.spark.hooks.spark_submit.SparkSubmitHook","filename":"spark_submit.py","lineno":705}
{"timestamp":"2026-05-20T14:52:37.530738Z","level":"info","event":"at org.apache.hadoop.ipc.Server$RpcCall.run(Server.java:971)","logger":"airflow.task.hooks.airflow.providers.apache.spark.hooks.spark_submit.SparkSubmitHook","filename":"spark_submit.py","lineno":705}
{"timestamp":"2026-05-20T14:52:37.530843Z","level":"info","event":"at java.security.AccessController.doPrivileged(Native Method)","logger":"airflow.task.hooks.airflow.providers.apache.spark.hooks.spark_submit.SparkSubmitHook","filename":"spark_submit.py","lineno":705}
{"timestamp":"2026-05-20T14:52:37.530941Z","level":"info","event":"at javax.security.auth.Subject.doAs(Subject.java:422)","logger":"airflow.task.hooks.airflow.providers.apache.spark.hooks.spark_submit.SparkSubmitHook","filename":"spark_submit.py","lineno":705}
{"timestamp":"2026-05-20T14:52:37.531045Z","level":"info","event":"at org.apache.hadoop.security.UserGroupInformation.doAs(UserGroupInformation.java:1878)","logger":"airflow.task.hooks.airflow.providers.apache.spark.hooks.spark_submit.SparkSubmitHook","filename":"spark_submit.py","lineno":705}
{"timestamp":"2026-05-20T14:52:37.531156Z","level":"info","event":"at org.apache.hadoop.ipc.Server$Handler.run(Server.java:2976)","logger":"airflow.task.hooks.airflow.providers.apache.spark.hooks.spark_submit.SparkSubmitHook","filename":"spark_submit.py","lineno":705}
{"timestamp":"2026-05-20T14:52:37.531263Z","level":"info","event":"","logger":"airflow.task.hooks.airflow.providers.apache.spark.hooks.spark_submit.SparkSubmitHook","filename":"spark_submit.py","lineno":705}
{"timestamp":"2026-05-20T14:52:37.531408Z","level":"info","event":"at org.apache.hadoop.ipc.Client.getRpcResponse(Client.java:1612)","logger":"airflow.task.hooks.airflow.providers.apache.spark.hooks.spark_submit.SparkSubmitHook","filename":"spark_submit.py","lineno":705}
{"timestamp":"2026-05-20T14:52:37.531524Z","level":"info","event":"at org.apache.hadoop.ipc.Client.call(Client.java:1558)","logger":"airflow.task.hooks.airflow.providers.apache.spark.hooks.spark_submit.SparkSubmitHook","filename":"spark_submit.py","lineno":705}
{"timestamp":"2026-05-20T14:52:37.531629Z","level":"info","event":"at org.apache.hadoop.ipc.Client.call(Client.java:1455)","logger":"airflow.task.hooks.airflow.providers.apache.spark.hooks.spark_submit.SparkSubmitHook","filename":"spark_submit.py","lineno":705}
{"timestamp":"2026-05-20T14:52:37.531743Z","level":"info","event":"at org.apache.hadoop.ipc.ProtobufRpcEngine2$Invoker.invoke(ProtobufRpcEngine2.java:242)","logger":"airflow.task.hooks.airflow.providers.apache.spark.hooks.spark_submit.SparkSubmitHook","filename":"spark_submit.py","lineno":705}
{"timestamp":"2026-05-20T14:52:37.531851Z","level":"info","event":"at org.apache.hadoop.ipc.ProtobufRpcEngine2$Invoker.invoke(ProtobufRpcEngine2.java:129)","logger":"airflow.task.hooks.airflow.providers.apache.spark.hooks.spark_submit.SparkSubmitHook","filename":"spark_submit.py","lineno":705}
{"timestamp":"2026-05-20T14:52:37.531956Z","level":"info","event":"at jdk.proxy2/jdk.proxy2.$Proxy38.mkdirs(Unknown Source)","logger":"airflow.task.hooks.airflow.providers.apache.spark.hooks.spark_submit.SparkSubmitHook","filename":"spark_submit.py","lineno":705}
{"timestamp":"2026-05-20T14:52:37.532064Z","level":"info","event":"at org.apache.hadoop.hdfs.protocolPB.ClientNamenodeProtocolTranslatorPB.mkdirs(ClientNamenodeProtocolTranslatorPB.java:674)","logger":"airflow.task.hooks.airflow.providers.apache.spark.hooks.spark_submit.SparkSubmitHook","filename":"spark_submit.py","lineno":705}
{"timestamp":"2026-05-20T14:52:37.532173Z","level":"info","event":"at java.base/jdk.internal.reflect.NativeMethodAccessorImpl.invoke0(Native Method)","logger":"airflow.task.hooks.airflow.providers.apache.spark.hooks.spark_submit.SparkSubmitHook","filename":"spark_submit.py","lineno":705}
{"timestamp":"2026-05-20T14:52:37.532315Z","level":"info","event":"at java.base/jdk.internal.reflect.NativeMethodAccessorImpl.invoke(NativeMethodAccessorImpl.java:77)","logger":"airflow.task.hooks.airflow.providers.apache.spark.hooks.spark_submit.SparkSubmitHook","filename":"spark_submit.py","lineno":705}
{"timestamp":"2026-05-20T14:52:37.532479Z","level":"info","event":"at java.base/jdk.internal.reflect.DelegatingMethodAccessorImpl.invoke(DelegatingMethodAccessorImpl.java:43)","logger":"airflow.task.hooks.airflow.providers.apache.spark.hooks.spark_submit.SparkSubmitHook","filename":"spark_submit.py","lineno":705}
{"timestamp":"2026-05-20T14:52:37.532599Z","level":"info","event":"at java.base/java.lang.reflect.Method.invoke(Method.java:569)","logger":"airflow.task.hooks.airflow.providers.apache.spark.hooks.spark_submit.SparkSubmitHook","filename":"spark_submit.py","lineno":705}
{"timestamp":"2026-05-20T14:52:37.532719Z","level":"info","event":"at org.apache.hadoop.io.retry.RetryInvocationHandler.invokeMethod(RetryInvocationHandler.java:422)","logger":"airflow.task.hooks.airflow.providers.apache.spark.hooks.spark_submit.SparkSubmitHook","filename":"spark_submit.py","lineno":705}
{"timestamp":"2026-05-20T14:52:37.532829Z","level":"info","event":"at org.apache.hadoop.io.retry.RetryInvocationHandler$Call.invokeMethod(RetryInvocationHandler.java:165)","logger":"airflow.task.hooks.airflow.providers.apache.spark.hooks.spark_submit.SparkSubmitHook","filename":"spark_submit.py","lineno":705}
{"timestamp":"2026-05-20T14:52:37.532945Z","level":"info","event":"at org.apache.hadoop.io.retry.RetryInvocationHandler$Call.invoke(RetryInvocationHandler.java:157)","logger":"airflow.task.hooks.airflow.providers.apache.spark.hooks.spark_submit.SparkSubmitHook","filename":"spark_submit.py","lineno":705}
{"timestamp":"2026-05-20T14:52:37.533056Z","level":"info","event":"at org.apache.hadoop.io.retry.RetryInvocationHandler$Call.invokeOnce(RetryInvocationHandler.java:95)","logger":"airflow.task.hooks.airflow.providers.apache.spark.hooks.spark_submit.SparkSubmitHook","filename":"spark_submit.py","lineno":705}
{"timestamp":"2026-05-20T14:52:37.533165Z","level":"info","event":"at org.apache.hadoop.io.retry.RetryInvocationHandler.invoke(RetryInvocationHandler.java:359)","logger":"airflow.task.hooks.airflow.providers.apache.spark.hooks.spark_submit.SparkSubmitHook","filename":"spark_submit.py","lineno":705}
{"timestamp":"2026-05-20T14:52:37.533271Z","level":"info","event":"at jdk.proxy2/jdk.proxy2.$Proxy39.mkdirs(Unknown Source)","logger":"airflow.task.hooks.airflow.providers.apache.spark.hooks.spark_submit.SparkSubmitHook","filename":"spark_submit.py","lineno":705}
{"timestamp":"2026-05-20T14:52:37.533372Z","level":"info","event":"at org.apache.hadoop.hdfs.DFSClient.primitiveMkdir(DFSClient.java:2507)","logger":"airflow.task.hooks.airflow.providers.apache.spark.hooks.spark_submit.SparkSubmitHook","filename":"spark_submit.py","lineno":705}
{"timestamp":"2026-05-20T14:52:37.533475Z","level":"info","event":"... 63 more","logger":"airflow.task.hooks.airflow.providers.apache.spark.hooks.spark_submit.SparkSubmitHook","filename":"spark_submit.py","lineno":705}
{"timestamp":"2026-05-20T14:52:37.533578Z","level":"info","event":"","logger":"airflow.task.hooks.airflow.providers.apache.spark.hooks.spark_submit.SparkSubmitHook","filename":"spark_submit.py","lineno":705}
{"timestamp":"2026-05-20T14:52:38.099364Z","level":"error","event":"Task failed with exception","logger":"task","filename":"task_runner.py","lineno":1325,"error_detail":[{"exc_type":"AirflowException","exc_value":"Cannot execute: spark-submit --master spark://spark-master:7077 --conf spark.master=spark://spark-master:7077 --conf spark.submit.deployMode=client --name arrow-spark --deploy-mode client /opt/airflow/jobs/pre-processing.py. Error code is: 1.","exc_notes":[],"syntax_error":null,"is_cause":false,"frames":[{"filename":"/home/airflow/.local/lib/python3.10/site-packages/airflow/sdk/execution_time/task_runner.py","lineno":1263,"name":"run"},{"filename":"/home/airflow/.local/lib/python3.10/site-packages/airflow/sdk/execution_time/task_runner.py","lineno":1678,"name":"_execute_task"},{"filename":"/home/airflow/.local/lib/python3.10/site-packages/airflow/sdk/bases/operator.py","lineno":443,"name":"wrapper"},{"filename":"/home/airflow/.local/lib/python3.10/site-packages/airflow/providers/apache/spark/operators/spark_submit.py","lineno":201,"name":"execute"},{"filename":"/home/airflow/.local/lib/python3.10/site-packages/airflow/providers/apache/spark/hooks/spark_submit.py","lineno":625,"name":"submit"}],"is_group":false,"exceptions":[]}]}
