{"timestamp":"2026-05-20T15:12:45.988469Z","level":"info","event":"DAG bundles loaded: dags-folder","logger":"airflow.dag_processing.bundles.manager.DagBundlesManager","filename":"manager.py","lineno":209}
{"timestamp":"2026-05-20T15:12:46.000837Z","level":"info","event":"Filling up the DagBag from /opt/airflow/dags/dag.py","logger":"airflow.dag_processing.dagbag.BundleDagBag","filename":"dagbag.py","lineno":469}
{"timestamp":"2026-05-20T15:12:49.007097Z","level":"info","event":"Inizializzazione del DAG","logger":"root","filename":"dag.py","lineno":18}
{"timestamp":"2026-05-20T15:12:49.207090Z","level":"info","event":"Spark-Submit cmd: spark-submit --master spark://spark-master:7077 --conf spark.master=spark://spark-master:7077 --conf spark.submit.deployMode=client --name arrow-spark --deploy-mode client /opt/airflow/jobs/processing.py","logger":"airflow.task.hooks.airflow.providers.apache.spark.hooks.spark_submit.SparkSubmitHook","filename":"spark_submit.py","lineno":500}
{"timestamp":"2026-05-20T15:12:49.220783Z","level":"info","event":"/opt/spark/bin/load-spark-env.sh: line 68: ps: command not found","logger":"airflow.task.hooks.airflow.providers.apache.spark.hooks.spark_submit.SparkSubmitHook","filename":"spark_submit.py","lineno":705}
{"timestamp":"2026-05-20T15:12:53.057804Z","level":"info","event":"26/05/20 15:12:53 INFO SparkContext: Running Spark version 3.4.0","logger":"airflow.task.hooks.airflow.providers.apache.spark.hooks.spark_submit.SparkSubmitHook","filename":"spark_submit.py","lineno":705}
{"timestamp":"2026-05-20T15:12:53.170425Z","level":"info","event":"26/05/20 15:12:53 WARN NativeCodeLoader: Unable to load native-hadoop library for your platform... using builtin-java classes where applicable","logger":"airflow.task.hooks.airflow.providers.apache.spark.hooks.spark_submit.SparkSubmitHook","filename":"spark_submit.py","lineno":705}
{"timestamp":"2026-05-20T15:12:53.308931Z","level":"info","event":"26/05/20 15:12:53 INFO ResourceUtils: ==============================================================","logger":"airflow.task.hooks.airflow.providers.apache.spark.hooks.spark_submit.SparkSubmitHook","filename":"spark_submit.py","lineno":705}
{"timestamp":"2026-05-20T15:12:53.309726Z","level":"info","event":"26/05/20 15:12:53 INFO ResourceUtils: No custom resources configured for spark.driver.","logger":"airflow.task.hooks.airflow.providers.apache.spark.hooks.spark_submit.SparkSubmitHook","filename":"spark_submit.py","lineno":705}
{"timestamp":"2026-05-20T15:12:53.310723Z","level":"info","event":"26/05/20 15:12:53 INFO ResourceUtils: ==============================================================","logger":"airflow.task.hooks.airflow.providers.apache.spark.hooks.spark_submit.SparkSubmitHook","filename":"spark_submit.py","lineno":705}
{"timestamp":"2026-05-20T15:12:53.311803Z","level":"info","event":"26/05/20 15:12:53 INFO SparkContext: Submitted application: Progetto-1","logger":"airflow.task.hooks.airflow.providers.apache.spark.hooks.spark_submit.SparkSubmitHook","filename":"spark_submit.py","lineno":705}
{"timestamp":"2026-05-20T15:12:53.346979Z","level":"info","event":"26/05/20 15:12:53 INFO ResourceProfile: Default ResourceProfile created, executor resources: Map(memory -> name: memory, amount: 1024, script: , vendor: , offHeap -> name: offHeap, amount: 0, script: , vendor: ), task resources: Map(cpus -> name: cpus, amount: 1.0)","logger":"airflow.task.hooks.airflow.providers.apache.spark.hooks.spark_submit.SparkSubmitHook","filename":"spark_submit.py","lineno":705}
{"timestamp":"2026-05-20T15:12:53.358338Z","level":"info","event":"26/05/20 15:12:53 INFO ResourceProfile: Limiting resource is cpu","logger":"airflow.task.hooks.airflow.providers.apache.spark.hooks.spark_submit.SparkSubmitHook","filename":"spark_submit.py","lineno":705}
{"timestamp":"2026-05-20T15:12:53.360292Z","level":"info","event":"26/05/20 15:12:53 INFO ResourceProfileManager: Added ResourceProfile id: 0","logger":"airflow.task.hooks.airflow.providers.apache.spark.hooks.spark_submit.SparkSubmitHook","filename":"spark_submit.py","lineno":705}
{"timestamp":"2026-05-20T15:12:53.431937Z","level":"info","event":"26/05/20 15:12:53 INFO SecurityManager: Changing view acls to: airflow","logger":"airflow.task.hooks.airflow.providers.apache.spark.hooks.spark_submit.SparkSubmitHook","filename":"spark_submit.py","lineno":705}
{"timestamp":"2026-05-20T15:12:53.433141Z","level":"info","event":"26/05/20 15:12:53 INFO SecurityManager: Changing modify acls to: airflow","logger":"airflow.task.hooks.airflow.providers.apache.spark.hooks.spark_submit.SparkSubmitHook","filename":"spark_submit.py","lineno":705}
{"timestamp":"2026-05-20T15:12:53.434114Z","level":"info","event":"26/05/20 15:12:53 INFO SecurityManager: Changing view acls groups to:","logger":"airflow.task.hooks.airflow.providers.apache.spark.hooks.spark_submit.SparkSubmitHook","filename":"spark_submit.py","lineno":705}
{"timestamp":"2026-05-20T15:12:53.435058Z","level":"info","event":"26/05/20 15:12:53 INFO SecurityManager: Changing modify acls groups to:","logger":"airflow.task.hooks.airflow.providers.apache.spark.hooks.spark_submit.SparkSubmitHook","filename":"spark_submit.py","lineno":705}
{"timestamp":"2026-05-20T15:12:53.435893Z","level":"info","event":"26/05/20 15:12:53 INFO SecurityManager: SecurityManager: authentication disabled; ui acls disabled; users with view permissions: airflow; groups with view permissions: EMPTY; users with modify permissions: airflow; groups with modify permissions: EMPTY","logger":"airflow.task.hooks.airflow.providers.apache.spark.hooks.spark_submit.SparkSubmitHook","filename":"spark_submit.py","lineno":705}
{"timestamp":"2026-05-20T15:12:53.904964Z","level":"info","event":"26/05/20 15:12:53 INFO Utils: Successfully started service 'sparkDriver' on port 33811.","logger":"airflow.task.hooks.airflow.providers.apache.spark.hooks.spark_submit.SparkSubmitHook","filename":"spark_submit.py","lineno":705}
{"timestamp":"2026-05-20T15:12:53.957203Z","level":"info","event":"26/05/20 15:12:53 INFO SparkEnv: Registering MapOutputTracker","logger":"airflow.task.hooks.airflow.providers.apache.spark.hooks.spark_submit.SparkSubmitHook","filename":"spark_submit.py","lineno":705}
{"timestamp":"2026-05-20T15:12:54.012966Z","level":"info","event":"26/05/20 15:12:54 INFO SparkEnv: Registering BlockManagerMaster","logger":"airflow.task.hooks.airflow.providers.apache.spark.hooks.spark_submit.SparkSubmitHook","filename":"spark_submit.py","lineno":705}
{"timestamp":"2026-05-20T15:12:54.054843Z","level":"info","event":"26/05/20 15:12:54 INFO BlockManagerMasterEndpoint: Using org.apache.spark.storage.DefaultTopologyMapper for getting topology information","logger":"airflow.task.hooks.airflow.providers.apache.spark.hooks.spark_submit.SparkSubmitHook","filename":"spark_submit.py","lineno":705}
{"timestamp":"2026-05-20T15:12:54.056232Z","level":"info","event":"26/05/20 15:12:54 INFO BlockManagerMasterEndpoint: BlockManagerMasterEndpoint up","logger":"airflow.task.hooks.airflow.providers.apache.spark.hooks.spark_submit.SparkSubmitHook","filename":"spark_submit.py","lineno":705}
{"timestamp":"2026-05-20T15:12:54.064245Z","level":"info","event":"26/05/20 15:12:54 INFO SparkEnv: Registering BlockManagerMasterHeartbeat","logger":"airflow.task.hooks.airflow.providers.apache.spark.hooks.spark_submit.SparkSubmitHook","filename":"spark_submit.py","lineno":705}
{"timestamp":"2026-05-20T15:12:54.094054Z","level":"info","event":"26/05/20 15:12:54 INFO DiskBlockManager: Created local directory at /tmp/blockmgr-6745e9c0-85db-48b7-8da3-668c0d0da703","logger":"airflow.task.hooks.airflow.providers.apache.spark.hooks.spark_submit.SparkSubmitHook","filename":"spark_submit.py","lineno":705}
{"timestamp":"2026-05-20T15:12:54.118479Z","level":"info","event":"26/05/20 15:12:54 INFO MemoryStore: MemoryStore started with capacity 434.4 MiB","logger":"airflow.task.hooks.airflow.providers.apache.spark.hooks.spark_submit.SparkSubmitHook","filename":"spark_submit.py","lineno":705}
{"timestamp":"2026-05-20T15:12:54.145548Z","level":"info","event":"26/05/20 15:12:54 INFO SparkEnv: Registering OutputCommitCoordinator","logger":"airflow.task.hooks.airflow.providers.apache.spark.hooks.spark_submit.SparkSubmitHook","filename":"spark_submit.py","lineno":705}
{"timestamp":"2026-05-20T15:12:54.331021Z","level":"info","event":"26/05/20 15:12:54 INFO JettyUtils: Start Jetty 0.0.0.0:4040 for SparkUI","logger":"airflow.task.hooks.airflow.providers.apache.spark.hooks.spark_submit.SparkSubmitHook","filename":"spark_submit.py","lineno":705}
{"timestamp":"2026-05-20T15:12:54.412988Z","level":"info","event":"26/05/20 15:12:54 INFO Utils: Successfully started service 'SparkUI' on port 4040.","logger":"airflow.task.hooks.airflow.providers.apache.spark.hooks.spark_submit.SparkSubmitHook","filename":"spark_submit.py","lineno":705}
{"timestamp":"2026-05-20T15:12:54.568455Z","level":"info","event":"26/05/20 15:12:54 INFO StandaloneAppClient$ClientEndpoint: Connecting to master spark://spark-master:7077...","logger":"airflow.task.hooks.airflow.providers.apache.spark.hooks.spark_submit.SparkSubmitHook","filename":"spark_submit.py","lineno":705}
{"timestamp":"2026-05-20T15:12:54.626371Z","level":"info","event":"26/05/20 15:12:54 INFO TransportClientFactory: Successfully created connection to spark-master/172.18.0.3:7077 after 35 ms (0 ms spent in bootstraps)","logger":"airflow.task.hooks.airflow.providers.apache.spark.hooks.spark_submit.SparkSubmitHook","filename":"spark_submit.py","lineno":705}
{"timestamp":"2026-05-20T15:12:54.734681Z","level":"info","event":"26/05/20 15:12:54 INFO StandaloneSchedulerBackend: Connected to Spark cluster with app ID app-20260520151254-0002","logger":"airflow.task.hooks.airflow.providers.apache.spark.hooks.spark_submit.SparkSubmitHook","filename":"spark_submit.py","lineno":705}
{"timestamp":"2026-05-20T15:12:54.739074Z","level":"info","event":"26/05/20 15:12:54 INFO StandaloneAppClient$ClientEndpoint: Executor added: app-20260520151254-0002/0 on worker-20260520150741-172.18.0.4-36099 (172.18.0.4:36099) with 8 core(s)","logger":"airflow.task.hooks.airflow.providers.apache.spark.hooks.spark_submit.SparkSubmitHook","filename":"spark_submit.py","lineno":705}
{"timestamp":"2026-05-20T15:12:54.741806Z","level":"info","event":"26/05/20 15:12:54 INFO StandaloneSchedulerBackend: Granted executor ID app-20260520151254-0002/0 on hostPort 172.18.0.4:36099 with 8 core(s), 1024.0 MiB RAM","logger":"airflow.task.hooks.airflow.providers.apache.spark.hooks.spark_submit.SparkSubmitHook","filename":"spark_submit.py","lineno":705}
{"timestamp":"2026-05-20T15:12:54.744705Z","level":"info","event":"26/05/20 15:12:54 INFO Utils: Successfully started service 'org.apache.spark.network.netty.NettyBlockTransferService' on port 37005.","logger":"airflow.task.hooks.airflow.providers.apache.spark.hooks.spark_submit.SparkSubmitHook","filename":"spark_submit.py","lineno":705}
{"timestamp":"2026-05-20T15:12:54.745184Z","level":"info","event":"26/05/20 15:12:54 INFO NettyBlockTransferService: Server created on 8a5bb24e145f:37005","logger":"airflow.task.hooks.airflow.providers.apache.spark.hooks.spark_submit.SparkSubmitHook","filename":"spark_submit.py","lineno":705}
{"timestamp":"2026-05-20T15:12:54.748629Z","level":"info","event":"26/05/20 15:12:54 INFO BlockManager: Using org.apache.spark.storage.RandomBlockReplicationPolicy for block replication policy","logger":"airflow.task.hooks.airflow.providers.apache.spark.hooks.spark_submit.SparkSubmitHook","filename":"spark_submit.py","lineno":705}
{"timestamp":"2026-05-20T15:12:54.757346Z","level":"info","event":"26/05/20 15:12:54 INFO BlockManagerMaster: Registering BlockManager BlockManagerId(driver, 8a5bb24e145f, 37005, None)","logger":"airflow.task.hooks.airflow.providers.apache.spark.hooks.spark_submit.SparkSubmitHook","filename":"spark_submit.py","lineno":705}
{"timestamp":"2026-05-20T15:12:54.762033Z","level":"info","event":"26/05/20 15:12:54 INFO BlockManagerMasterEndpoint: Registering block manager 8a5bb24e145f:37005 with 434.4 MiB RAM, BlockManagerId(driver, 8a5bb24e145f, 37005, None)","logger":"airflow.task.hooks.airflow.providers.apache.spark.hooks.spark_submit.SparkSubmitHook","filename":"spark_submit.py","lineno":705}
{"timestamp":"2026-05-20T15:12:54.765543Z","level":"info","event":"26/05/20 15:12:54 INFO BlockManagerMaster: Registered BlockManager BlockManagerId(driver, 8a5bb24e145f, 37005, None)","logger":"airflow.task.hooks.airflow.providers.apache.spark.hooks.spark_submit.SparkSubmitHook","filename":"spark_submit.py","lineno":705}
{"timestamp":"2026-05-20T15:12:54.767175Z","level":"info","event":"26/05/20 15:12:54 INFO BlockManager: Initialized BlockManager: BlockManagerId(driver, 8a5bb24e145f, 37005, None)","logger":"airflow.task.hooks.airflow.providers.apache.spark.hooks.spark_submit.SparkSubmitHook","filename":"spark_submit.py","lineno":705}
{"timestamp":"2026-05-20T15:12:54.810950Z","level":"info","event":"26/05/20 15:12:54 INFO StandaloneAppClient$ClientEndpoint: Executor updated: app-20260520151254-0002/0 is now RUNNING","logger":"airflow.task.hooks.airflow.providers.apache.spark.hooks.spark_submit.SparkSubmitHook","filename":"spark_submit.py","lineno":705}
{"timestamp":"2026-05-20T15:12:55.111541Z","level":"info","event":"26/05/20 15:12:55 INFO StandaloneSchedulerBackend: SchedulerBackend is ready for scheduling beginning after reached minRegisteredResourcesRatio: 0.0","logger":"airflow.task.hooks.airflow.providers.apache.spark.hooks.spark_submit.SparkSubmitHook","filename":"spark_submit.py","lineno":705}
{"timestamp":"2026-05-20T15:13:09.911308Z","level":"info","event":"26/05/20 15:13:09 WARN TaskSetManager: Lost task 0.0 in stage 3.0 (TID 6) (172.18.0.4 executor 0): org.apache.spark.api.python.PythonException: Traceback (most recent call last):","logger":"airflow.task.hooks.airflow.providers.apache.spark.hooks.spark_submit.SparkSubmitHook","filename":"spark_submit.py","lineno":705}
{"timestamp":"2026-05-20T15:13:09.911620Z","level":"info","event":"File \"/opt/spark/python/lib/pyspark.zip/pyspark/worker.py\", line 830, in main","logger":"airflow.task.hooks.airflow.providers.apache.spark.hooks.spark_submit.SparkSubmitHook","filename":"spark_submit.py","lineno":705}
{"timestamp":"2026-05-20T15:13:09.911788Z","level":"info","event":"process()","logger":"airflow.task.hooks.airflow.providers.apache.spark.hooks.spark_submit.SparkSubmitHook","filename":"spark_submit.py","lineno":705}
{"timestamp":"2026-05-20T15:13:09.911916Z","level":"info","event":"File \"/opt/spark/python/lib/pyspark.zip/pyspark/worker.py\", line 820, in process","logger":"airflow.task.hooks.airflow.providers.apache.spark.hooks.spark_submit.SparkSubmitHook","filename":"spark_submit.py","lineno":705}
{"timestamp":"2026-05-20T15:13:09.913240Z","level":"info","event":"out_iter = func(split_index, iterator)","logger":"airflow.task.hooks.airflow.providers.apache.spark.hooks.spark_submit.SparkSubmitHook","filename":"spark_submit.py","lineno":705}
{"timestamp":"2026-05-20T15:13:09.913418Z","level":"info","event":"File \"/opt/spark/python/lib/pyspark.zip/pyspark/rdd.py\", line 5405, in pipeline_func","logger":"airflow.task.hooks.airflow.providers.apache.spark.hooks.spark_submit.SparkSubmitHook","filename":"spark_submit.py","lineno":705}
{"timestamp":"2026-05-20T15:13:09.913805Z","level":"info","event":"File \"/opt/spark/python/lib/pyspark.zip/pyspark/rdd.py\", line 5405, in pipeline_func","logger":"airflow.task.hooks.airflow.providers.apache.spark.hooks.spark_submit.SparkSubmitHook","filename":"spark_submit.py","lineno":705}
{"timestamp":"2026-05-20T15:13:09.914009Z","level":"info","event":"File \"/opt/spark/python/lib/pyspark.zip/pyspark/rdd.py\", line 828, in func","logger":"airflow.task.hooks.airflow.providers.apache.spark.hooks.spark_submit.SparkSubmitHook","filename":"spark_submit.py","lineno":705}
{"timestamp":"2026-05-20T15:13:09.914133Z","level":"info","event":"File \"/opt/spark/python/lib/pyspark.zip/pyspark/rdd.py\", line 3964, in combineLocally","logger":"airflow.task.hooks.airflow.providers.apache.spark.hooks.spark_submit.SparkSubmitHook","filename":"spark_submit.py","lineno":705}
{"timestamp":"2026-05-20T15:13:09.914297Z","level":"info","event":"File \"/opt/spark/python/lib/pyspark.zip/pyspark/shuffle.py\", line 258, in mergeValues","logger":"airflow.task.hooks.airflow.providers.apache.spark.hooks.spark_submit.SparkSubmitHook","filename":"spark_submit.py","lineno":705}
{"timestamp":"2026-05-20T15:13:09.914767Z","level":"info","event":"d[k] = comb(d[k], v) if k in d else creator(v)","logger":"airflow.task.hooks.airflow.providers.apache.spark.hooks.spark_submit.SparkSubmitHook","filename":"spark_submit.py","lineno":705}
{"timestamp":"2026-05-20T15:13:09.915095Z","level":"info","event":"File \"/opt/spark/python/lib/pyspark.zip/pyspark/util.py\", line 81, in wrapper","logger":"airflow.task.hooks.airflow.providers.apache.spark.hooks.spark_submit.SparkSubmitHook","filename":"spark_submit.py","lineno":705}
{"timestamp":"2026-05-20T15:13:09.915876Z","level":"info","event":"File \"/opt/spark/python/lib/pyspark.zip/pyspark/rdd.py\", line 4034, in <lambda>","logger":"airflow.task.hooks.airflow.providers.apache.spark.hooks.spark_submit.SparkSubmitHook","filename":"spark_submit.py","lineno":705}
{"timestamp":"2026-05-20T15:13:09.916265Z","level":"info","event":"File \"/opt/airflow/jobs/processing.py\", line 99, in seq_func2","logger":"airflow.task.hooks.airflow.providers.apache.spark.hooks.spark_submit.SparkSubmitHook","filename":"spark_submit.py","lineno":705}
{"timestamp":"2026-05-20T15:13:09.921506Z","level":"info","event":"ValueError: could not convert string to float: \"'\"","logger":"airflow.task.hooks.airflow.providers.apache.spark.hooks.spark_submit.SparkSubmitHook","filename":"spark_submit.py","lineno":705}
{"timestamp":"2026-05-20T15:13:09.921806Z","level":"info","event":"","logger":"airflow.task.hooks.airflow.providers.apache.spark.hooks.spark_submit.SparkSubmitHook","filename":"spark_submit.py","lineno":705}
{"timestamp":"2026-05-20T15:13:09.922010Z","level":"info","event":"at org.apache.spark.api.python.BasePythonRunner$ReaderIterator.handlePythonException(PythonRunner.scala:561)","logger":"airflow.task.hooks.airflow.providers.apache.spark.hooks.spark_submit.SparkSubmitHook","filename":"spark_submit.py","lineno":705}
{"timestamp":"2026-05-20T15:13:09.922418Z","level":"info","event":"at org.apache.spark.api.python.PythonRunner$$anon$3.read(PythonRunner.scala:767)","logger":"airflow.task.hooks.airflow.providers.apache.spark.hooks.spark_submit.SparkSubmitHook","filename":"spark_submit.py","lineno":705}
{"timestamp":"2026-05-20T15:13:09.922614Z","level":"info","event":"at org.apache.spark.api.python.PythonRunner$$anon$3.read(PythonRunner.scala:749)","logger":"airflow.task.hooks.airflow.providers.apache.spark.hooks.spark_submit.SparkSubmitHook","filename":"spark_submit.py","lineno":705}
{"timestamp":"2026-05-20T15:13:09.922757Z","level":"info","event":"at org.apache.spark.api.python.BasePythonRunner$ReaderIterator.hasNext(PythonRunner.scala:514)","logger":"airflow.task.hooks.airflow.providers.apache.spark.hooks.spark_submit.SparkSubmitHook","filename":"spark_submit.py","lineno":705}
{"timestamp":"2026-05-20T15:13:09.922886Z","level":"info","event":"at org.apache.spark.InterruptibleIterator.hasNext(InterruptibleIterator.scala:37)","logger":"airflow.task.hooks.airflow.providers.apache.spark.hooks.spark_submit.SparkSubmitHook","filename":"spark_submit.py","lineno":705}
{"timestamp":"2026-05-20T15:13:09.923010Z","level":"info","event":"at scala.collection.Iterator$GroupedIterator.fill(Iterator.scala:1211)","logger":"airflow.task.hooks.airflow.providers.apache.spark.hooks.spark_submit.SparkSubmitHook","filename":"spark_submit.py","lineno":705}
{"timestamp":"2026-05-20T15:13:09.923185Z","level":"info","event":"at scala.collection.Iterator$GroupedIterator.hasNext(Iterator.scala:1217)","logger":"airflow.task.hooks.airflow.providers.apache.spark.hooks.spark_submit.SparkSubmitHook","filename":"spark_submit.py","lineno":705}
{"timestamp":"2026-05-20T15:13:09.923321Z","level":"info","event":"at scala.collection.Iterator$$anon$10.hasNext(Iterator.scala:460)","logger":"airflow.task.hooks.airflow.providers.apache.spark.hooks.spark_submit.SparkSubmitHook","filename":"spark_submit.py","lineno":705}
{"timestamp":"2026-05-20T15:13:09.923440Z","level":"info","event":"at org.apache.spark.shuffle.sort.BypassMergeSortShuffleWriter.write(BypassMergeSortShuffleWriter.java:140)","logger":"airflow.task.hooks.airflow.providers.apache.spark.hooks.spark_submit.SparkSubmitHook","filename":"spark_submit.py","lineno":705}
{"timestamp":"2026-05-20T15:13:09.923563Z","level":"info","event":"at org.apache.spark.shuffle.ShuffleWriteProcessor.write(ShuffleWriteProcessor.scala:59)","logger":"airflow.task.hooks.airflow.providers.apache.spark.hooks.spark_submit.SparkSubmitHook","filename":"spark_submit.py","lineno":705}
{"timestamp":"2026-05-20T15:13:09.923689Z","level":"info","event":"at org.apache.spark.scheduler.ShuffleMapTask.runTask(ShuffleMapTask.scala:101)","logger":"airflow.task.hooks.airflow.providers.apache.spark.hooks.spark_submit.SparkSubmitHook","filename":"spark_submit.py","lineno":705}
{"timestamp":"2026-05-20T15:13:09.923816Z","level":"info","event":"at org.apache.spark.scheduler.ShuffleMapTask.runTask(ShuffleMapTask.scala:53)","logger":"airflow.task.hooks.airflow.providers.apache.spark.hooks.spark_submit.SparkSubmitHook","filename":"spark_submit.py","lineno":705}
{"timestamp":"2026-05-20T15:13:09.923944Z","level":"info","event":"at org.apache.spark.TaskContext.runTaskWithListeners(TaskContext.scala:161)","logger":"airflow.task.hooks.airflow.providers.apache.spark.hooks.spark_submit.SparkSubmitHook","filename":"spark_submit.py","lineno":705}
{"timestamp":"2026-05-20T15:13:09.924077Z","level":"info","event":"at org.apache.spark.scheduler.Task.run(Task.scala:139)","logger":"airflow.task.hooks.airflow.providers.apache.spark.hooks.spark_submit.SparkSubmitHook","filename":"spark_submit.py","lineno":705}
{"timestamp":"2026-05-20T15:13:09.924209Z","level":"info","event":"at org.apache.spark.executor.Executor$TaskRunner.$anonfun$run$3(Executor.scala:554)","logger":"airflow.task.hooks.airflow.providers.apache.spark.hooks.spark_submit.SparkSubmitHook","filename":"spark_submit.py","lineno":705}
{"timestamp":"2026-05-20T15:13:09.924334Z","level":"info","event":"at org.apache.spark.util.Utils$.tryWithSafeFinally(Utils.scala:1529)","logger":"airflow.task.hooks.airflow.providers.apache.spark.hooks.spark_submit.SparkSubmitHook","filename":"spark_submit.py","lineno":705}
{"timestamp":"2026-05-20T15:13:09.924450Z","level":"info","event":"at org.apache.spark.executor.Executor$TaskRunner.run(Executor.scala:557)","logger":"airflow.task.hooks.airflow.providers.apache.spark.hooks.spark_submit.SparkSubmitHook","filename":"spark_submit.py","lineno":705}
{"timestamp":"2026-05-20T15:13:09.924566Z","level":"info","event":"at java.base/java.util.concurrent.ThreadPoolExecutor.runWorker(Unknown Source)","logger":"airflow.task.hooks.airflow.providers.apache.spark.hooks.spark_submit.SparkSubmitHook","filename":"spark_submit.py","lineno":705}
{"timestamp":"2026-05-20T15:13:09.924686Z","level":"info","event":"at java.base/java.util.concurrent.ThreadPoolExecutor$Worker.run(Unknown Source)","logger":"airflow.task.hooks.airflow.providers.apache.spark.hooks.spark_submit.SparkSubmitHook","filename":"spark_submit.py","lineno":705}
{"timestamp":"2026-05-20T15:13:09.924803Z","level":"info","event":"at java.base/java.lang.Thread.run(Unknown Source)","logger":"airflow.task.hooks.airflow.providers.apache.spark.hooks.spark_submit.SparkSubmitHook","filename":"spark_submit.py","lineno":705}
{"timestamp":"2026-05-20T15:13:09.924924Z","level":"info","event":"","logger":"airflow.task.hooks.airflow.providers.apache.spark.hooks.spark_submit.SparkSubmitHook","filename":"spark_submit.py","lineno":705}
{"timestamp":"2026-05-20T15:13:13.871137Z","level":"info","event":"26/05/20 15:13:13 ERROR TaskSetManager: Task 1 in stage 3.0 failed 4 times; aborting job","logger":"airflow.task.hooks.airflow.providers.apache.spark.hooks.spark_submit.SparkSubmitHook","filename":"spark_submit.py","lineno":705}
{"timestamp":"2026-05-20T15:13:13.917841Z","level":"info","event":"26/05/20 15:13:13 WARN TaskSetManager: Lost task 2.3 in stage 3.0 (TID 21) (172.18.0.4 executor 0): TaskKilled (Stage cancelled)","logger":"airflow.task.hooks.airflow.providers.apache.spark.hooks.spark_submit.SparkSubmitHook","filename":"spark_submit.py","lineno":705}
{"timestamp":"2026-05-20T15:13:13.918742Z","level":"info","event":"26/05/20 15:13:13 WARN TaskSetManager: Lost task 3.3 in stage 3.0 (TID 20) (172.18.0.4 executor 0): TaskKilled (Stage cancelled)","logger":"airflow.task.hooks.airflow.providers.apache.spark.hooks.spark_submit.SparkSubmitHook","filename":"spark_submit.py","lineno":705}
{"timestamp":"2026-05-20T15:13:13.921552Z","level":"info","event":"26/05/20 15:13:13 WARN TaskSetManager: Lost task 0.3 in stage 3.0 (TID 19) (172.18.0.4 executor 0): TaskKilled (Stage cancelled)","logger":"airflow.task.hooks.airflow.providers.apache.spark.hooks.spark_submit.SparkSubmitHook","filename":"spark_submit.py","lineno":705}
{"timestamp":"2026-05-20T15:13:14.083848Z","level":"info","event":"Traceback (most recent call last):","logger":"airflow.task.hooks.airflow.providers.apache.spark.hooks.spark_submit.SparkSubmitHook","filename":"spark_submit.py","lineno":705}
{"timestamp":"2026-05-20T15:13:14.084143Z","level":"info","event":"File \"/opt/airflow/jobs/processing.py\", line 319, in <module>","logger":"airflow.task.hooks.airflow.providers.apache.spark.hooks.spark_submit.SparkSubmitHook","filename":"spark_submit.py","lineno":705}
{"timestamp":"2026-05-20T15:13:14.089675Z","level":"info","event":"main()","logger":"airflow.task.hooks.airflow.providers.apache.spark.hooks.spark_submit.SparkSubmitHook","filename":"spark_submit.py","lineno":705}
{"timestamp":"2026-05-20T15:13:14.089989Z","level":"info","event":"File \"/opt/airflow/jobs/processing.py\", line 316, in main","logger":"airflow.task.hooks.airflow.providers.apache.spark.hooks.spark_submit.SparkSubmitHook","filename":"spark_submit.py","lineno":705}
{"timestamp":"2026-05-20T15:13:14.094116Z","level":"info","event":"executor = Executor(spark, hdfs_file_path, rdd_dataframe)","logger":"airflow.task.hooks.airflow.providers.apache.spark.hooks.spark_submit.SparkSubmitHook","filename":"spark_submit.py","lineno":705}
{"timestamp":"2026-05-20T15:13:14.094412Z","level":"info","event":"File \"/opt/airflow/jobs/processing.py\", line 174, in __init__","logger":"airflow.task.hooks.airflow.providers.apache.spark.hooks.spark_submit.SparkSubmitHook","filename":"spark_submit.py","lineno":705}
{"timestamp":"2026-05-20T15:13:14.097073Z","level":"info","event":"self.query2(dataset, rdd_dataframe, hdfs_path, sc)","logger":"airflow.task.hooks.airflow.providers.apache.spark.hooks.spark_submit.SparkSubmitHook","filename":"spark_submit.py","lineno":705}
{"timestamp":"2026-05-20T15:13:14.097344Z","level":"info","event":"File \"/opt/airflow/jobs/processing.py\", line 268, in query2","logger":"airflow.task.hooks.airflow.providers.apache.spark.hooks.spark_submit.SparkSubmitHook","filename":"spark_submit.py","lineno":705}
{"timestamp":"2026-05-20T15:13:14.100908Z","level":"info","event":"rdd_list = dataset.map(lambda x: ((x[1]), (x[2:])))  \\","logger":"airflow.task.hooks.airflow.providers.apache.spark.hooks.spark_submit.SparkSubmitHook","filename":"spark_submit.py","lineno":705}
{"timestamp":"2026-05-20T15:13:14.101191Z","level":"info","event":"File \"/opt/spark/python/lib/pyspark.zip/pyspark/rdd.py\", line 1559, in sortBy","logger":"airflow.task.hooks.airflow.providers.apache.spark.hooks.spark_submit.SparkSubmitHook","filename":"spark_submit.py","lineno":705}
{"timestamp":"2026-05-20T15:13:14.101533Z","level":"info","event":"File \"/opt/spark/python/lib/pyspark.zip/pyspark/rdd.py\", line 1495, in sortByKey","logger":"airflow.task.hooks.airflow.providers.apache.spark.hooks.spark_submit.SparkSubmitHook","filename":"spark_submit.py","lineno":705}
{"timestamp":"2026-05-20T15:13:14.102214Z","level":"info","event":"File \"/opt/spark/python/lib/pyspark.zip/pyspark/rdd.py\", line 2297, in count","logger":"airflow.task.hooks.airflow.providers.apache.spark.hooks.spark_submit.SparkSubmitHook","filename":"spark_submit.py","lineno":705}
{"timestamp":"2026-05-20T15:13:14.102800Z","level":"info","event":"File \"/opt/spark/python/lib/pyspark.zip/pyspark/rdd.py\", line 2272, in sum","logger":"airflow.task.hooks.airflow.providers.apache.spark.hooks.spark_submit.SparkSubmitHook","filename":"spark_submit.py","lineno":705}
{"timestamp":"2026-05-20T15:13:14.103373Z","level":"info","event":"File \"/opt/spark/python/lib/pyspark.zip/pyspark/rdd.py\", line 2025, in fold","logger":"airflow.task.hooks.airflow.providers.apache.spark.hooks.spark_submit.SparkSubmitHook","filename":"spark_submit.py","lineno":705}
{"timestamp":"2026-05-20T15:13:14.104310Z","level":"info","event":"File \"/opt/spark/python/lib/pyspark.zip/pyspark/rdd.py\", line 1814, in collect","logger":"airflow.task.hooks.airflow.providers.apache.spark.hooks.spark_submit.SparkSubmitHook","filename":"spark_submit.py","lineno":705}
{"timestamp":"2026-05-20T15:13:14.104944Z","level":"info","event":"File \"/opt/spark/python/lib/py4j-0.10.9.7-src.zip/py4j/java_gateway.py\", line 1322, in __call__","logger":"airflow.task.hooks.airflow.providers.apache.spark.hooks.spark_submit.SparkSubmitHook","filename":"spark_submit.py","lineno":705}
{"timestamp":"2026-05-20T15:13:14.105572Z","level":"info","event":"File \"/opt/spark/python/lib/pyspark.zip/pyspark/errors/exceptions/captured.py\", line 169, in deco","logger":"airflow.task.hooks.airflow.providers.apache.spark.hooks.spark_submit.SparkSubmitHook","filename":"spark_submit.py","lineno":705}
{"timestamp":"2026-05-20T15:13:14.106150Z","level":"info","event":"File \"/opt/spark/python/lib/py4j-0.10.9.7-src.zip/py4j/protocol.py\", line 326, in get_return_value","logger":"airflow.task.hooks.airflow.providers.apache.spark.hooks.spark_submit.SparkSubmitHook","filename":"spark_submit.py","lineno":705}
{"timestamp":"2026-05-20T15:13:14.150495Z","level":"info","event":"py4j.protocol.Py4JJavaError: An error occurred while calling z:org.apache.spark.api.python.PythonRDD.collectAndServe.","logger":"airflow.task.hooks.airflow.providers.apache.spark.hooks.spark_submit.SparkSubmitHook","filename":"spark_submit.py","lineno":705}
{"timestamp":"2026-05-20T15:13:14.150787Z","level":"info","event":": org.apache.spark.SparkException: Job aborted due to stage failure: Task 1 in stage 3.0 failed 4 times, most recent failure: Lost task 1.3 in stage 3.0 (TID 18) (172.18.0.4 executor 0): org.apache.spark.api.python.PythonException: Traceback (most recent call last):","logger":"airflow.task.hooks.airflow.providers.apache.spark.hooks.spark_submit.SparkSubmitHook","filename":"spark_submit.py","lineno":705}
{"timestamp":"2026-05-20T15:13:14.150934Z","level":"info","event":"File \"/opt/spark/python/lib/pyspark.zip/pyspark/worker.py\", line 830, in main","logger":"airflow.task.hooks.airflow.providers.apache.spark.hooks.spark_submit.SparkSubmitHook","filename":"spark_submit.py","lineno":705}
{"timestamp":"2026-05-20T15:13:14.151049Z","level":"info","event":"process()","logger":"airflow.task.hooks.airflow.providers.apache.spark.hooks.spark_submit.SparkSubmitHook","filename":"spark_submit.py","lineno":705}
{"timestamp":"2026-05-20T15:13:14.151156Z","level":"info","event":"File \"/opt/spark/python/lib/pyspark.zip/pyspark/worker.py\", line 820, in process","logger":"airflow.task.hooks.airflow.providers.apache.spark.hooks.spark_submit.SparkSubmitHook","filename":"spark_submit.py","lineno":705}
{"timestamp":"2026-05-20T15:13:14.151266Z","level":"info","event":"out_iter = func(split_index, iterator)","logger":"airflow.task.hooks.airflow.providers.apache.spark.hooks.spark_submit.SparkSubmitHook","filename":"spark_submit.py","lineno":705}
{"timestamp":"2026-05-20T15:13:14.151371Z","level":"info","event":"File \"/opt/spark/python/lib/pyspark.zip/pyspark/rdd.py\", line 5405, in pipeline_func","logger":"airflow.task.hooks.airflow.providers.apache.spark.hooks.spark_submit.SparkSubmitHook","filename":"spark_submit.py","lineno":705}
{"timestamp":"2026-05-20T15:13:14.151456Z","level":"info","event":"File \"/opt/spark/python/lib/pyspark.zip/pyspark/rdd.py\", line 5405, in pipeline_func","logger":"airflow.task.hooks.airflow.providers.apache.spark.hooks.spark_submit.SparkSubmitHook","filename":"spark_submit.py","lineno":705}
{"timestamp":"2026-05-20T15:13:14.151541Z","level":"info","event":"File \"/opt/spark/python/lib/pyspark.zip/pyspark/rdd.py\", line 828, in func","logger":"airflow.task.hooks.airflow.providers.apache.spark.hooks.spark_submit.SparkSubmitHook","filename":"spark_submit.py","lineno":705}
{"timestamp":"2026-05-20T15:13:14.151639Z","level":"info","event":"File \"/opt/spark/python/lib/pyspark.zip/pyspark/rdd.py\", line 3964, in combineLocally","logger":"airflow.task.hooks.airflow.providers.apache.spark.hooks.spark_submit.SparkSubmitHook","filename":"spark_submit.py","lineno":705}
{"timestamp":"2026-05-20T15:13:14.151724Z","level":"info","event":"File \"/opt/spark/python/lib/pyspark.zip/pyspark/shuffle.py\", line 258, in mergeValues","logger":"airflow.task.hooks.airflow.providers.apache.spark.hooks.spark_submit.SparkSubmitHook","filename":"spark_submit.py","lineno":705}
{"timestamp":"2026-05-20T15:13:14.151832Z","level":"info","event":"d[k] = comb(d[k], v) if k in d else creator(v)","logger":"airflow.task.hooks.airflow.providers.apache.spark.hooks.spark_submit.SparkSubmitHook","filename":"spark_submit.py","lineno":705}
{"timestamp":"2026-05-20T15:13:14.151940Z","level":"info","event":"File \"/opt/spark/python/lib/pyspark.zip/pyspark/util.py\", line 81, in wrapper","logger":"airflow.task.hooks.airflow.providers.apache.spark.hooks.spark_submit.SparkSubmitHook","filename":"spark_submit.py","lineno":705}
{"timestamp":"2026-05-20T15:13:14.152057Z","level":"info","event":"File \"/opt/spark/python/lib/pyspark.zip/pyspark/rdd.py\", line 4034, in <lambda>","logger":"airflow.task.hooks.airflow.providers.apache.spark.hooks.spark_submit.SparkSubmitHook","filename":"spark_submit.py","lineno":705}
{"timestamp":"2026-05-20T15:13:14.152427Z","level":"info","event":"File \"/opt/airflow/jobs/processing.py\", line 99, in seq_func2","logger":"airflow.task.hooks.airflow.providers.apache.spark.hooks.spark_submit.SparkSubmitHook","filename":"spark_submit.py","lineno":705}
{"timestamp":"2026-05-20T15:13:14.152576Z","level":"info","event":"ValueError: could not convert string to float: \"'\"","logger":"airflow.task.hooks.airflow.providers.apache.spark.hooks.spark_submit.SparkSubmitHook","filename":"spark_submit.py","lineno":705}
{"timestamp":"2026-05-20T15:13:14.152699Z","level":"info","event":"","logger":"airflow.task.hooks.airflow.providers.apache.spark.hooks.spark_submit.SparkSubmitHook","filename":"spark_submit.py","lineno":705}
{"timestamp":"2026-05-20T15:13:14.152850Z","level":"info","event":"at org.apache.spark.api.python.BasePythonRunner$ReaderIterator.handlePythonException(PythonRunner.scala:561)","logger":"airflow.task.hooks.airflow.providers.apache.spark.hooks.spark_submit.SparkSubmitHook","filename":"spark_submit.py","lineno":705}
{"timestamp":"2026-05-20T15:13:14.152964Z","level":"info","event":"at org.apache.spark.api.python.PythonRunner$$anon$3.read(PythonRunner.scala:767)","logger":"airflow.task.hooks.airflow.providers.apache.spark.hooks.spark_submit.SparkSubmitHook","filename":"spark_submit.py","lineno":705}
{"timestamp":"2026-05-20T15:13:14.153035Z","level":"info","event":"at org.apache.spark.api.python.PythonRunner$$anon$3.read(PythonRunner.scala:749)","logger":"airflow.task.hooks.airflow.providers.apache.spark.hooks.spark_submit.SparkSubmitHook","filename":"spark_submit.py","lineno":705}
{"timestamp":"2026-05-20T15:13:14.153098Z","level":"info","event":"at org.apache.spark.api.python.BasePythonRunner$ReaderIterator.hasNext(PythonRunner.scala:514)","logger":"airflow.task.hooks.airflow.providers.apache.spark.hooks.spark_submit.SparkSubmitHook","filename":"spark_submit.py","lineno":705}
{"timestamp":"2026-05-20T15:13:14.153157Z","level":"info","event":"at org.apache.spark.InterruptibleIterator.hasNext(InterruptibleIterator.scala:37)","logger":"airflow.task.hooks.airflow.providers.apache.spark.hooks.spark_submit.SparkSubmitHook","filename":"spark_submit.py","lineno":705}
{"timestamp":"2026-05-20T15:13:14.153223Z","level":"info","event":"at scala.collection.Iterator$GroupedIterator.fill(Iterator.scala:1211)","logger":"airflow.task.hooks.airflow.providers.apache.spark.hooks.spark_submit.SparkSubmitHook","filename":"spark_submit.py","lineno":705}
{"timestamp":"2026-05-20T15:13:14.153306Z","level":"info","event":"at scala.collection.Iterator$GroupedIterator.hasNext(Iterator.scala:1217)","logger":"airflow.task.hooks.airflow.providers.apache.spark.hooks.spark_submit.SparkSubmitHook","filename":"spark_submit.py","lineno":705}
{"timestamp":"2026-05-20T15:13:14.153367Z","level":"info","event":"at scala.collection.Iterator$$anon$10.hasNext(Iterator.scala:460)","logger":"airflow.task.hooks.airflow.providers.apache.spark.hooks.spark_submit.SparkSubmitHook","filename":"spark_submit.py","lineno":705}
{"timestamp":"2026-05-20T15:13:14.153425Z","level":"info","event":"at org.apache.spark.shuffle.sort.BypassMergeSortShuffleWriter.write(BypassMergeSortShuffleWriter.java:140)","logger":"airflow.task.hooks.airflow.providers.apache.spark.hooks.spark_submit.SparkSubmitHook","filename":"spark_submit.py","lineno":705}
{"timestamp":"2026-05-20T15:13:14.153485Z","level":"info","event":"at org.apache.spark.shuffle.ShuffleWriteProcessor.write(ShuffleWriteProcessor.scala:59)","logger":"airflow.task.hooks.airflow.providers.apache.spark.hooks.spark_submit.SparkSubmitHook","filename":"spark_submit.py","lineno":705}
{"timestamp":"2026-05-20T15:13:14.153573Z","level":"info","event":"at org.apache.spark.scheduler.ShuffleMapTask.runTask(ShuffleMapTask.scala:101)","logger":"airflow.task.hooks.airflow.providers.apache.spark.hooks.spark_submit.SparkSubmitHook","filename":"spark_submit.py","lineno":705}
{"timestamp":"2026-05-20T15:13:14.153653Z","level":"info","event":"at org.apache.spark.scheduler.ShuffleMapTask.runTask(ShuffleMapTask.scala:53)","logger":"airflow.task.hooks.airflow.providers.apache.spark.hooks.spark_submit.SparkSubmitHook","filename":"spark_submit.py","lineno":705}
{"timestamp":"2026-05-20T15:13:14.153714Z","level":"info","event":"at org.apache.spark.TaskContext.runTaskWithListeners(TaskContext.scala:161)","logger":"airflow.task.hooks.airflow.providers.apache.spark.hooks.spark_submit.SparkSubmitHook","filename":"spark_submit.py","lineno":705}
{"timestamp":"2026-05-20T15:13:14.153870Z","level":"info","event":"at org.apache.spark.scheduler.Task.run(Task.scala:139)","logger":"airflow.task.hooks.airflow.providers.apache.spark.hooks.spark_submit.SparkSubmitHook","filename":"spark_submit.py","lineno":705}
{"timestamp":"2026-05-20T15:13:14.154014Z","level":"info","event":"at org.apache.spark.executor.Executor$TaskRunner.$anonfun$run$3(Executor.scala:554)","logger":"airflow.task.hooks.airflow.providers.apache.spark.hooks.spark_submit.SparkSubmitHook","filename":"spark_submit.py","lineno":705}
{"timestamp":"2026-05-20T15:13:14.154126Z","level":"info","event":"at org.apache.spark.util.Utils$.tryWithSafeFinally(Utils.scala:1529)","logger":"airflow.task.hooks.airflow.providers.apache.spark.hooks.spark_submit.SparkSubmitHook","filename":"spark_submit.py","lineno":705}
{"timestamp":"2026-05-20T15:13:14.154220Z","level":"info","event":"at org.apache.spark.executor.Executor$TaskRunner.run(Executor.scala:557)","logger":"airflow.task.hooks.airflow.providers.apache.spark.hooks.spark_submit.SparkSubmitHook","filename":"spark_submit.py","lineno":705}
{"timestamp":"2026-05-20T15:13:14.154370Z","level":"info","event":"at java.base/java.util.concurrent.ThreadPoolExecutor.runWorker(Unknown Source)","logger":"airflow.task.hooks.airflow.providers.apache.spark.hooks.spark_submit.SparkSubmitHook","filename":"spark_submit.py","lineno":705}
{"timestamp":"2026-05-20T15:13:14.154490Z","level":"info","event":"at java.base/java.util.concurrent.ThreadPoolExecutor$Worker.run(Unknown Source)","logger":"airflow.task.hooks.airflow.providers.apache.spark.hooks.spark_submit.SparkSubmitHook","filename":"spark_submit.py","lineno":705}
{"timestamp":"2026-05-20T15:13:14.154603Z","level":"info","event":"at java.base/java.lang.Thread.run(Unknown Source)","logger":"airflow.task.hooks.airflow.providers.apache.spark.hooks.spark_submit.SparkSubmitHook","filename":"spark_submit.py","lineno":705}
{"timestamp":"2026-05-20T15:13:14.154719Z","level":"info","event":"","logger":"airflow.task.hooks.airflow.providers.apache.spark.hooks.spark_submit.SparkSubmitHook","filename":"spark_submit.py","lineno":705}
{"timestamp":"2026-05-20T15:13:14.154823Z","level":"info","event":"Driver stacktrace:","logger":"airflow.task.hooks.airflow.providers.apache.spark.hooks.spark_submit.SparkSubmitHook","filename":"spark_submit.py","lineno":705}
{"timestamp":"2026-05-20T15:13:14.154907Z","level":"info","event":"at org.apache.spark.scheduler.DAGScheduler.failJobAndIndependentStages(DAGScheduler.scala:2785)","logger":"airflow.task.hooks.airflow.providers.apache.spark.hooks.spark_submit.SparkSubmitHook","filename":"spark_submit.py","lineno":705}
{"timestamp":"2026-05-20T15:13:14.154969Z","level":"info","event":"at org.apache.spark.scheduler.DAGScheduler.$anonfun$abortStage$2(DAGScheduler.scala:2721)","logger":"airflow.task.hooks.airflow.providers.apache.spark.hooks.spark_submit.SparkSubmitHook","filename":"spark_submit.py","lineno":705}
{"timestamp":"2026-05-20T15:13:14.155028Z","level":"info","event":"at org.apache.spark.scheduler.DAGScheduler.$anonfun$abortStage$2$adapted(DAGScheduler.scala:2720)","logger":"airflow.task.hooks.airflow.providers.apache.spark.hooks.spark_submit.SparkSubmitHook","filename":"spark_submit.py","lineno":705}
{"timestamp":"2026-05-20T15:13:14.155086Z","level":"info","event":"at scala.collection.mutable.ResizableArray.foreach(ResizableArray.scala:62)","logger":"airflow.task.hooks.airflow.providers.apache.spark.hooks.spark_submit.SparkSubmitHook","filename":"spark_submit.py","lineno":705}
{"timestamp":"2026-05-20T15:13:14.155145Z","level":"info","event":"at scala.collection.mutable.ResizableArray.foreach$(ResizableArray.scala:55)","logger":"airflow.task.hooks.airflow.providers.apache.spark.hooks.spark_submit.SparkSubmitHook","filename":"spark_submit.py","lineno":705}
{"timestamp":"2026-05-20T15:13:14.155201Z","level":"info","event":"at scala.collection.mutable.ArrayBuffer.foreach(ArrayBuffer.scala:49)","logger":"airflow.task.hooks.airflow.providers.apache.spark.hooks.spark_submit.SparkSubmitHook","filename":"spark_submit.py","lineno":705}
{"timestamp":"2026-05-20T15:13:14.155260Z","level":"info","event":"at org.apache.spark.scheduler.DAGScheduler.abortStage(DAGScheduler.scala:2720)","logger":"airflow.task.hooks.airflow.providers.apache.spark.hooks.spark_submit.SparkSubmitHook","filename":"spark_submit.py","lineno":705}
{"timestamp":"2026-05-20T15:13:14.155316Z","level":"info","event":"at org.apache.spark.scheduler.DAGScheduler.$anonfun$handleTaskSetFailed$1(DAGScheduler.scala:1206)","logger":"airflow.task.hooks.airflow.providers.apache.spark.hooks.spark_submit.SparkSubmitHook","filename":"spark_submit.py","lineno":705}
{"timestamp":"2026-05-20T15:13:14.155372Z","level":"info","event":"at org.apache.spark.scheduler.DAGScheduler.$anonfun$handleTaskSetFailed$1$adapted(DAGScheduler.scala:1206)","logger":"airflow.task.hooks.airflow.providers.apache.spark.hooks.spark_submit.SparkSubmitHook","filename":"spark_submit.py","lineno":705}
{"timestamp":"2026-05-20T15:13:14.155430Z","level":"info","event":"at scala.Option.foreach(Option.scala:407)","logger":"airflow.task.hooks.airflow.providers.apache.spark.hooks.spark_submit.SparkSubmitHook","filename":"spark_submit.py","lineno":705}
{"timestamp":"2026-05-20T15:13:14.155486Z","level":"info","event":"at org.apache.spark.scheduler.DAGScheduler.handleTaskSetFailed(DAGScheduler.scala:1206)","logger":"airflow.task.hooks.airflow.providers.apache.spark.hooks.spark_submit.SparkSubmitHook","filename":"spark_submit.py","lineno":705}
{"timestamp":"2026-05-20T15:13:14.155543Z","level":"info","event":"at org.apache.spark.scheduler.DAGSchedulerEventProcessLoop.doOnReceive(DAGScheduler.scala:2984)","logger":"airflow.task.hooks.airflow.providers.apache.spark.hooks.spark_submit.SparkSubmitHook","filename":"spark_submit.py","lineno":705}
{"timestamp":"2026-05-20T15:13:14.155598Z","level":"info","event":"at org.apache.spark.scheduler.DAGSchedulerEventProcessLoop.onReceive(DAGScheduler.scala:2923)","logger":"airflow.task.hooks.airflow.providers.apache.spark.hooks.spark_submit.SparkSubmitHook","filename":"spark_submit.py","lineno":705}
{"timestamp":"2026-05-20T15:13:14.155661Z","level":"info","event":"at org.apache.spark.scheduler.DAGSchedulerEventProcessLoop.onReceive(DAGScheduler.scala:2912)","logger":"airflow.task.hooks.airflow.providers.apache.spark.hooks.spark_submit.SparkSubmitHook","filename":"spark_submit.py","lineno":705}
{"timestamp":"2026-05-20T15:13:14.155727Z","level":"info","event":"at org.apache.spark.util.EventLoop$$anon$1.run(EventLoop.scala:49)","logger":"airflow.task.hooks.airflow.providers.apache.spark.hooks.spark_submit.SparkSubmitHook","filename":"spark_submit.py","lineno":705}
{"timestamp":"2026-05-20T15:13:14.155785Z","level":"info","event":"at org.apache.spark.scheduler.DAGScheduler.runJob(DAGScheduler.scala:971)","logger":"airflow.task.hooks.airflow.providers.apache.spark.hooks.spark_submit.SparkSubmitHook","filename":"spark_submit.py","lineno":705}
{"timestamp":"2026-05-20T15:13:14.155842Z","level":"info","event":"at org.apache.spark.SparkContext.runJob(SparkContext.scala:2263)","logger":"airflow.task.hooks.airflow.providers.apache.spark.hooks.spark_submit.SparkSubmitHook","filename":"spark_submit.py","lineno":705}
{"timestamp":"2026-05-20T15:13:14.155898Z","level":"info","event":"at org.apache.spark.SparkContext.runJob(SparkContext.scala:2284)","logger":"airflow.task.hooks.airflow.providers.apache.spark.hooks.spark_submit.SparkSubmitHook","filename":"spark_submit.py","lineno":705}
{"timestamp":"2026-05-20T15:13:14.155953Z","level":"info","event":"at org.apache.spark.SparkContext.runJob(SparkContext.scala:2303)","logger":"airflow.task.hooks.airflow.providers.apache.spark.hooks.spark_submit.SparkSubmitHook","filename":"spark_submit.py","lineno":705}
{"timestamp":"2026-05-20T15:13:14.156009Z","level":"info","event":"at org.apache.spark.SparkContext.runJob(SparkContext.scala:2328)","logger":"airflow.task.hooks.airflow.providers.apache.spark.hooks.spark_submit.SparkSubmitHook","filename":"spark_submit.py","lineno":705}
{"timestamp":"2026-05-20T15:13:14.156065Z","level":"info","event":"at org.apache.spark.rdd.RDD.$anonfun$collect$1(RDD.scala:1019)","logger":"airflow.task.hooks.airflow.providers.apache.spark.hooks.spark_submit.SparkSubmitHook","filename":"spark_submit.py","lineno":705}
{"timestamp":"2026-05-20T15:13:14.156121Z","level":"info","event":"at org.apache.spark.rdd.RDDOperationScope$.withScope(RDDOperationScope.scala:151)","logger":"airflow.task.hooks.airflow.providers.apache.spark.hooks.spark_submit.SparkSubmitHook","filename":"spark_submit.py","lineno":705}
{"timestamp":"2026-05-20T15:13:14.156178Z","level":"info","event":"at org.apache.spark.rdd.RDDOperationScope$.withScope(RDDOperationScope.scala:112)","logger":"airflow.task.hooks.airflow.providers.apache.spark.hooks.spark_submit.SparkSubmitHook","filename":"spark_submit.py","lineno":705}
{"timestamp":"2026-05-20T15:13:14.156234Z","level":"info","event":"at org.apache.spark.rdd.RDD.withScope(RDD.scala:405)","logger":"airflow.task.hooks.airflow.providers.apache.spark.hooks.spark_submit.SparkSubmitHook","filename":"spark_submit.py","lineno":705}
{"timestamp":"2026-05-20T15:13:14.156291Z","level":"info","event":"at org.apache.spark.rdd.RDD.collect(RDD.scala:1018)","logger":"airflow.task.hooks.airflow.providers.apache.spark.hooks.spark_submit.SparkSubmitHook","filename":"spark_submit.py","lineno":705}
{"timestamp":"2026-05-20T15:13:14.156406Z","level":"info","event":"at org.apache.spark.api.python.PythonRDD$.collectAndServe(PythonRDD.scala:193)","logger":"airflow.task.hooks.airflow.providers.apache.spark.hooks.spark_submit.SparkSubmitHook","filename":"spark_submit.py","lineno":705}
{"timestamp":"2026-05-20T15:13:14.156473Z","level":"info","event":"at org.apache.spark.api.python.PythonRDD.collectAndServe(PythonRDD.scala)","logger":"airflow.task.hooks.airflow.providers.apache.spark.hooks.spark_submit.SparkSubmitHook","filename":"spark_submit.py","lineno":705}
{"timestamp":"2026-05-20T15:13:14.156534Z","level":"info","event":"at java.base/jdk.internal.reflect.NativeMethodAccessorImpl.invoke0(Native Method)","logger":"airflow.task.hooks.airflow.providers.apache.spark.hooks.spark_submit.SparkSubmitHook","filename":"spark_submit.py","lineno":705}
{"timestamp":"2026-05-20T15:13:14.156592Z","level":"info","event":"at java.base/jdk.internal.reflect.NativeMethodAccessorImpl.invoke(NativeMethodAccessorImpl.java:77)","logger":"airflow.task.hooks.airflow.providers.apache.spark.hooks.spark_submit.SparkSubmitHook","filename":"spark_submit.py","lineno":705}
{"timestamp":"2026-05-20T15:13:14.156651Z","level":"info","event":"at java.base/jdk.internal.reflect.DelegatingMethodAccessorImpl.invoke(DelegatingMethodAccessorImpl.java:43)","logger":"airflow.task.hooks.airflow.providers.apache.spark.hooks.spark_submit.SparkSubmitHook","filename":"spark_submit.py","lineno":705}
{"timestamp":"2026-05-20T15:13:14.156719Z","level":"info","event":"at java.base/java.lang.reflect.Method.invoke(Method.java:569)","logger":"airflow.task.hooks.airflow.providers.apache.spark.hooks.spark_submit.SparkSubmitHook","filename":"spark_submit.py","lineno":705}
{"timestamp":"2026-05-20T15:13:14.156777Z","level":"info","event":"at py4j.reflection.MethodInvoker.invoke(MethodInvoker.java:244)","logger":"airflow.task.hooks.airflow.providers.apache.spark.hooks.spark_submit.SparkSubmitHook","filename":"spark_submit.py","lineno":705}
{"timestamp":"2026-05-20T15:13:14.156833Z","level":"info","event":"at py4j.reflection.ReflectionEngine.invoke(ReflectionEngine.java:374)","logger":"airflow.task.hooks.airflow.providers.apache.spark.hooks.spark_submit.SparkSubmitHook","filename":"spark_submit.py","lineno":705}
{"timestamp":"2026-05-20T15:13:14.156888Z","level":"info","event":"at py4j.Gateway.invoke(Gateway.java:282)","logger":"airflow.task.hooks.airflow.providers.apache.spark.hooks.spark_submit.SparkSubmitHook","filename":"spark_submit.py","lineno":705}
{"timestamp":"2026-05-20T15:13:14.156943Z","level":"info","event":"at py4j.commands.AbstractCommand.invokeMethod(AbstractCommand.java:132)","logger":"airflow.task.hooks.airflow.providers.apache.spark.hooks.spark_submit.SparkSubmitHook","filename":"spark_submit.py","lineno":705}
{"timestamp":"2026-05-20T15:13:14.156999Z","level":"info","event":"at py4j.commands.CallCommand.execute(CallCommand.java:79)","logger":"airflow.task.hooks.airflow.providers.apache.spark.hooks.spark_submit.SparkSubmitHook","filename":"spark_submit.py","lineno":705}
{"timestamp":"2026-05-20T15:13:14.157053Z","level":"info","event":"at py4j.ClientServerConnection.waitForCommands(ClientServerConnection.java:182)","logger":"airflow.task.hooks.airflow.providers.apache.spark.hooks.spark_submit.SparkSubmitHook","filename":"spark_submit.py","lineno":705}
{"timestamp":"2026-05-20T15:13:14.157244Z","level":"info","event":"at py4j.ClientServerConnection.run(ClientServerConnection.java:106)","logger":"airflow.task.hooks.airflow.providers.apache.spark.hooks.spark_submit.SparkSubmitHook","filename":"spark_submit.py","lineno":705}
{"timestamp":"2026-05-20T15:13:14.157320Z","level":"info","event":"at java.base/java.lang.Thread.run(Thread.java:840)","logger":"airflow.task.hooks.airflow.providers.apache.spark.hooks.spark_submit.SparkSubmitHook","filename":"spark_submit.py","lineno":705}
{"timestamp":"2026-05-20T15:13:14.157382Z","level":"info","event":"Caused by: org.apache.spark.api.python.PythonException: Traceback (most recent call last):","logger":"airflow.task.hooks.airflow.providers.apache.spark.hooks.spark_submit.SparkSubmitHook","filename":"spark_submit.py","lineno":705}
{"timestamp":"2026-05-20T15:13:14.157441Z","level":"info","event":"File \"/opt/spark/python/lib/pyspark.zip/pyspark/worker.py\", line 830, in main","logger":"airflow.task.hooks.airflow.providers.apache.spark.hooks.spark_submit.SparkSubmitHook","filename":"spark_submit.py","lineno":705}
{"timestamp":"2026-05-20T15:13:14.157498Z","level":"info","event":"process()","logger":"airflow.task.hooks.airflow.providers.apache.spark.hooks.spark_submit.SparkSubmitHook","filename":"spark_submit.py","lineno":705}
{"timestamp":"2026-05-20T15:13:14.157582Z","level":"info","event":"File \"/opt/spark/python/lib/pyspark.zip/pyspark/worker.py\", line 820, in process","logger":"airflow.task.hooks.airflow.providers.apache.spark.hooks.spark_submit.SparkSubmitHook","filename":"spark_submit.py","lineno":705}
{"timestamp":"2026-05-20T15:13:14.157642Z","level":"info","event":"out_iter = func(split_index, iterator)","logger":"airflow.task.hooks.airflow.providers.apache.spark.hooks.spark_submit.SparkSubmitHook","filename":"spark_submit.py","lineno":705}
{"timestamp":"2026-05-20T15:13:14.157714Z","level":"info","event":"File \"/opt/spark/python/lib/pyspark.zip/pyspark/rdd.py\", line 5405, in pipeline_func","logger":"airflow.task.hooks.airflow.providers.apache.spark.hooks.spark_submit.SparkSubmitHook","filename":"spark_submit.py","lineno":705}
{"timestamp":"2026-05-20T15:13:14.157871Z","level":"info","event":"File \"/opt/spark/python/lib/pyspark.zip/pyspark/rdd.py\", line 5405, in pipeline_func","logger":"airflow.task.hooks.airflow.providers.apache.spark.hooks.spark_submit.SparkSubmitHook","filename":"spark_submit.py","lineno":705}
{"timestamp":"2026-05-20T15:13:14.157978Z","level":"info","event":"File \"/opt/spark/python/lib/pyspark.zip/pyspark/rdd.py\", line 828, in func","logger":"airflow.task.hooks.airflow.providers.apache.spark.hooks.spark_submit.SparkSubmitHook","filename":"spark_submit.py","lineno":705}
{"timestamp":"2026-05-20T15:13:14.158079Z","level":"info","event":"File \"/opt/spark/python/lib/pyspark.zip/pyspark/rdd.py\", line 3964, in combineLocally","logger":"airflow.task.hooks.airflow.providers.apache.spark.hooks.spark_submit.SparkSubmitHook","filename":"spark_submit.py","lineno":705}
{"timestamp":"2026-05-20T15:13:14.158167Z","level":"info","event":"File \"/opt/spark/python/lib/pyspark.zip/pyspark/shuffle.py\", line 258, in mergeValues","logger":"airflow.task.hooks.airflow.providers.apache.spark.hooks.spark_submit.SparkSubmitHook","filename":"spark_submit.py","lineno":705}
{"timestamp":"2026-05-20T15:13:14.158250Z","level":"info","event":"d[k] = comb(d[k], v) if k in d else creator(v)","logger":"airflow.task.hooks.airflow.providers.apache.spark.hooks.spark_submit.SparkSubmitHook","filename":"spark_submit.py","lineno":705}
{"timestamp":"2026-05-20T15:13:14.158401Z","level":"info","event":"File \"/opt/spark/python/lib/pyspark.zip/pyspark/util.py\", line 81, in wrapper","logger":"airflow.task.hooks.airflow.providers.apache.spark.hooks.spark_submit.SparkSubmitHook","filename":"spark_submit.py","lineno":705}
{"timestamp":"2026-05-20T15:13:14.158531Z","level":"info","event":"File \"/opt/spark/python/lib/pyspark.zip/pyspark/rdd.py\", line 4034, in <lambda>","logger":"airflow.task.hooks.airflow.providers.apache.spark.hooks.spark_submit.SparkSubmitHook","filename":"spark_submit.py","lineno":705}
{"timestamp":"2026-05-20T15:13:14.158649Z","level":"info","event":"File \"/opt/airflow/jobs/processing.py\", line 99, in seq_func2","logger":"airflow.task.hooks.airflow.providers.apache.spark.hooks.spark_submit.SparkSubmitHook","filename":"spark_submit.py","lineno":705}
{"timestamp":"2026-05-20T15:13:14.158869Z","level":"info","event":"ValueError: could not convert string to float: \"'\"","logger":"airflow.task.hooks.airflow.providers.apache.spark.hooks.spark_submit.SparkSubmitHook","filename":"spark_submit.py","lineno":705}
{"timestamp":"2026-05-20T15:13:14.158982Z","level":"info","event":"","logger":"airflow.task.hooks.airflow.providers.apache.spark.hooks.spark_submit.SparkSubmitHook","filename":"spark_submit.py","lineno":705}
{"timestamp":"2026-05-20T15:13:14.159083Z","level":"info","event":"at org.apache.spark.api.python.BasePythonRunner$ReaderIterator.handlePythonException(PythonRunner.scala:561)","logger":"airflow.task.hooks.airflow.providers.apache.spark.hooks.spark_submit.SparkSubmitHook","filename":"spark_submit.py","lineno":705}
{"timestamp":"2026-05-20T15:13:14.159183Z","level":"info","event":"at org.apache.spark.api.python.PythonRunner$$anon$3.read(PythonRunner.scala:767)","logger":"airflow.task.hooks.airflow.providers.apache.spark.hooks.spark_submit.SparkSubmitHook","filename":"spark_submit.py","lineno":705}
{"timestamp":"2026-05-20T15:13:14.159282Z","level":"info","event":"at org.apache.spark.api.python.PythonRunner$$anon$3.read(PythonRunner.scala:749)","logger":"airflow.task.hooks.airflow.providers.apache.spark.hooks.spark_submit.SparkSubmitHook","filename":"spark_submit.py","lineno":705}
{"timestamp":"2026-05-20T15:13:14.159525Z","level":"info","event":"at org.apache.spark.api.python.BasePythonRunner$ReaderIterator.hasNext(PythonRunner.scala:514)","logger":"airflow.task.hooks.airflow.providers.apache.spark.hooks.spark_submit.SparkSubmitHook","filename":"spark_submit.py","lineno":705}
{"timestamp":"2026-05-20T15:13:14.159650Z","level":"info","event":"at org.apache.spark.InterruptibleIterator.hasNext(InterruptibleIterator.scala:37)","logger":"airflow.task.hooks.airflow.providers.apache.spark.hooks.spark_submit.SparkSubmitHook","filename":"spark_submit.py","lineno":705}
{"timestamp":"2026-05-20T15:13:14.159752Z","level":"info","event":"at scala.collection.Iterator$GroupedIterator.fill(Iterator.scala:1211)","logger":"airflow.task.hooks.airflow.providers.apache.spark.hooks.spark_submit.SparkSubmitHook","filename":"spark_submit.py","lineno":705}
{"timestamp":"2026-05-20T15:13:14.159849Z","level":"info","event":"at scala.collection.Iterator$GroupedIterator.hasNext(Iterator.scala:1217)","logger":"airflow.task.hooks.airflow.providers.apache.spark.hooks.spark_submit.SparkSubmitHook","filename":"spark_submit.py","lineno":705}
{"timestamp":"2026-05-20T15:13:14.160013Z","level":"info","event":"at scala.collection.Iterator$$anon$10.hasNext(Iterator.scala:460)","logger":"airflow.task.hooks.airflow.providers.apache.spark.hooks.spark_submit.SparkSubmitHook","filename":"spark_submit.py","lineno":705}
{"timestamp":"2026-05-20T15:13:14.160215Z","level":"info","event":"at org.apache.spark.shuffle.sort.BypassMergeSortShuffleWriter.write(BypassMergeSortShuffleWriter.java:140)","logger":"airflow.task.hooks.airflow.providers.apache.spark.hooks.spark_submit.SparkSubmitHook","filename":"spark_submit.py","lineno":705}
{"timestamp":"2026-05-20T15:13:14.160372Z","level":"info","event":"at org.apache.spark.shuffle.ShuffleWriteProcessor.write(ShuffleWriteProcessor.scala:59)","logger":"airflow.task.hooks.airflow.providers.apache.spark.hooks.spark_submit.SparkSubmitHook","filename":"spark_submit.py","lineno":705}
{"timestamp":"2026-05-20T15:13:14.160540Z","level":"info","event":"at org.apache.spark.scheduler.ShuffleMapTask.runTask(ShuffleMapTask.scala:101)","logger":"airflow.task.hooks.airflow.providers.apache.spark.hooks.spark_submit.SparkSubmitHook","filename":"spark_submit.py","lineno":705}
{"timestamp":"2026-05-20T15:13:14.160864Z","level":"info","event":"at org.apache.spark.scheduler.ShuffleMapTask.runTask(ShuffleMapTask.scala:53)","logger":"airflow.task.hooks.airflow.providers.apache.spark.hooks.spark_submit.SparkSubmitHook","filename":"spark_submit.py","lineno":705}
{"timestamp":"2026-05-20T15:13:14.160961Z","level":"info","event":"at org.apache.spark.TaskContext.runTaskWithListeners(TaskContext.scala:161)","logger":"airflow.task.hooks.airflow.providers.apache.spark.hooks.spark_submit.SparkSubmitHook","filename":"spark_submit.py","lineno":705}
{"timestamp":"2026-05-20T15:13:14.161086Z","level":"info","event":"at org.apache.spark.scheduler.Task.run(Task.scala:139)","logger":"airflow.task.hooks.airflow.providers.apache.spark.hooks.spark_submit.SparkSubmitHook","filename":"spark_submit.py","lineno":705}
{"timestamp":"2026-05-20T15:13:14.161174Z","level":"info","event":"at org.apache.spark.executor.Executor$TaskRunner.$anonfun$run$3(Executor.scala:554)","logger":"airflow.task.hooks.airflow.providers.apache.spark.hooks.spark_submit.SparkSubmitHook","filename":"spark_submit.py","lineno":705}
{"timestamp":"2026-05-20T15:13:14.161306Z","level":"info","event":"at org.apache.spark.util.Utils$.tryWithSafeFinally(Utils.scala:1529)","logger":"airflow.task.hooks.airflow.providers.apache.spark.hooks.spark_submit.SparkSubmitHook","filename":"spark_submit.py","lineno":705}
{"timestamp":"2026-05-20T15:13:14.161659Z","level":"info","event":"at org.apache.spark.executor.Executor$TaskRunner.run(Executor.scala:557)","logger":"airflow.task.hooks.airflow.providers.apache.spark.hooks.spark_submit.SparkSubmitHook","filename":"spark_submit.py","lineno":705}
{"timestamp":"2026-05-20T15:13:14.161864Z","level":"info","event":"at java.base/java.util.concurrent.ThreadPoolExecutor.runWorker(Unknown Source)","logger":"airflow.task.hooks.airflow.providers.apache.spark.hooks.spark_submit.SparkSubmitHook","filename":"spark_submit.py","lineno":705}
{"timestamp":"2026-05-20T15:13:14.161982Z","level":"info","event":"at java.base/java.util.concurrent.ThreadPoolExecutor$Worker.run(Unknown Source)","logger":"airflow.task.hooks.airflow.providers.apache.spark.hooks.spark_submit.SparkSubmitHook","filename":"spark_submit.py","lineno":705}
{"timestamp":"2026-05-20T15:13:14.162051Z","level":"info","event":"at java.base/java.lang.Thread.run(Unknown Source)","logger":"airflow.task.hooks.airflow.providers.apache.spark.hooks.spark_submit.SparkSubmitHook","filename":"spark_submit.py","lineno":705}
{"timestamp":"2026-05-20T15:13:14.162111Z","level":"info","event":"","logger":"airflow.task.hooks.airflow.providers.apache.spark.hooks.spark_submit.SparkSubmitHook","filename":"spark_submit.py","lineno":705}
{"timestamp":"2026-05-20T15:13:14.415148Z","level":"error","event":"Task failed with exception","logger":"task","filename":"task_runner.py","lineno":1325,"error_detail":[{"exc_type":"AirflowException","exc_value":"Cannot execute: spark-submit --master spark://spark-master:7077 --conf spark.master=spark://spark-master:7077 --conf spark.submit.deployMode=client --name arrow-spark --deploy-mode client /opt/airflow/jobs/processing.py. Error code is: 1.","exc_notes":[],"syntax_error":null,"is_cause":false,"frames":[{"filename":"/home/airflow/.local/lib/python3.10/site-packages/airflow/sdk/execution_time/task_runner.py","lineno":1263,"name":"run"},{"filename":"/home/airflow/.local/lib/python3.10/site-packages/airflow/sdk/execution_time/task_runner.py","lineno":1678,"name":"_execute_task"},{"filename":"/home/airflow/.local/lib/python3.10/site-packages/airflow/sdk/bases/operator.py","lineno":443,"name":"wrapper"},{"filename":"/home/airflow/.local/lib/python3.10/site-packages/airflow/providers/apache/spark/operators/spark_submit.py","lineno":201,"name":"execute"},{"filename":"/home/airflow/.local/lib/python3.10/site-packages/airflow/providers/apache/spark/hooks/spark_submit.py","lineno":625,"name":"submit"}],"is_group":false,"exceptions":[]}]}
