{"timestamp":"2026-05-20T16:06:36.494052Z","level":"info","event":"DAG bundles loaded: dags-folder","logger":"airflow.dag_processing.bundles.manager.DagBundlesManager","filename":"manager.py","lineno":209}
{"timestamp":"2026-05-20T16:06:36.496630Z","level":"info","event":"Filling up the DagBag from /opt/airflow/dags/dag.py","logger":"airflow.dag_processing.dagbag.BundleDagBag","filename":"dagbag.py","lineno":469}
{"timestamp":"2026-05-20T16:06:37.140896Z","level":"info","event":"Inizializzazione del DAG","logger":"root","filename":"dag.py","lineno":18}
{"timestamp":"2026-05-20T16:06:37.208397Z","level":"info","event":"Spark-Submit cmd: spark-submit --master spark://spark-master:7077 --conf spark.master=spark://spark-master:7077 --conf spark.submit.deployMode=client --name arrow-spark --deploy-mode client /opt/airflow/jobs/processing.py","logger":"airflow.task.hooks.airflow.providers.apache.spark.hooks.spark_submit.SparkSubmitHook","filename":"spark_submit.py","lineno":500}
{"timestamp":"2026-05-20T16:06:37.217177Z","level":"info","event":"/opt/spark/bin/load-spark-env.sh: line 68: ps: command not found","logger":"airflow.task.hooks.airflow.providers.apache.spark.hooks.spark_submit.SparkSubmitHook","filename":"spark_submit.py","lineno":705}
{"timestamp":"2026-05-20T16:06:40.598014Z","level":"info","event":"26/05/20 16:06:40 INFO SparkContext: Running Spark version 3.4.0","logger":"airflow.task.hooks.airflow.providers.apache.spark.hooks.spark_submit.SparkSubmitHook","filename":"spark_submit.py","lineno":705}
{"timestamp":"2026-05-20T16:06:40.665322Z","level":"info","event":"26/05/20 16:06:40 WARN NativeCodeLoader: Unable to load native-hadoop library for your platform... using builtin-java classes where applicable","logger":"airflow.task.hooks.airflow.providers.apache.spark.hooks.spark_submit.SparkSubmitHook","filename":"spark_submit.py","lineno":705}
{"timestamp":"2026-05-20T16:06:40.768612Z","level":"info","event":"26/05/20 16:06:40 INFO ResourceUtils: ==============================================================","logger":"airflow.task.hooks.airflow.providers.apache.spark.hooks.spark_submit.SparkSubmitHook","filename":"spark_submit.py","lineno":705}
{"timestamp":"2026-05-20T16:06:40.769254Z","level":"info","event":"26/05/20 16:06:40 INFO ResourceUtils: No custom resources configured for spark.driver.","logger":"airflow.task.hooks.airflow.providers.apache.spark.hooks.spark_submit.SparkSubmitHook","filename":"spark_submit.py","lineno":705}
{"timestamp":"2026-05-20T16:06:40.770030Z","level":"info","event":"26/05/20 16:06:40 INFO ResourceUtils: ==============================================================","logger":"airflow.task.hooks.airflow.providers.apache.spark.hooks.spark_submit.SparkSubmitHook","filename":"spark_submit.py","lineno":705}
{"timestamp":"2026-05-20T16:06:40.770749Z","level":"info","event":"26/05/20 16:06:40 INFO SparkContext: Submitted application: Progetto-1","logger":"airflow.task.hooks.airflow.providers.apache.spark.hooks.spark_submit.SparkSubmitHook","filename":"spark_submit.py","lineno":705}
{"timestamp":"2026-05-20T16:06:40.799643Z","level":"info","event":"26/05/20 16:06:40 INFO ResourceProfile: Default ResourceProfile created, executor resources: Map(memory -> name: memory, amount: 1024, script: , vendor: , offHeap -> name: offHeap, amount: 0, script: , vendor: ), task resources: Map(cpus -> name: cpus, amount: 1.0)","logger":"airflow.task.hooks.airflow.providers.apache.spark.hooks.spark_submit.SparkSubmitHook","filename":"spark_submit.py","lineno":705}
{"timestamp":"2026-05-20T16:06:40.811120Z","level":"info","event":"26/05/20 16:06:40 INFO ResourceProfile: Limiting resource is cpu","logger":"airflow.task.hooks.airflow.providers.apache.spark.hooks.spark_submit.SparkSubmitHook","filename":"spark_submit.py","lineno":705}
{"timestamp":"2026-05-20T16:06:40.812644Z","level":"info","event":"26/05/20 16:06:40 INFO ResourceProfileManager: Added ResourceProfile id: 0","logger":"airflow.task.hooks.airflow.providers.apache.spark.hooks.spark_submit.SparkSubmitHook","filename":"spark_submit.py","lineno":705}
{"timestamp":"2026-05-20T16:06:40.883764Z","level":"info","event":"26/05/20 16:06:40 INFO SecurityManager: Changing view acls to: airflow","logger":"airflow.task.hooks.airflow.providers.apache.spark.hooks.spark_submit.SparkSubmitHook","filename":"spark_submit.py","lineno":705}
{"timestamp":"2026-05-20T16:06:40.884563Z","level":"info","event":"26/05/20 16:06:40 INFO SecurityManager: Changing modify acls to: airflow","logger":"airflow.task.hooks.airflow.providers.apache.spark.hooks.spark_submit.SparkSubmitHook","filename":"spark_submit.py","lineno":705}
{"timestamp":"2026-05-20T16:06:40.885507Z","level":"info","event":"26/05/20 16:06:40 INFO SecurityManager: Changing view acls groups to:","logger":"airflow.task.hooks.airflow.providers.apache.spark.hooks.spark_submit.SparkSubmitHook","filename":"spark_submit.py","lineno":705}
{"timestamp":"2026-05-20T16:06:40.886207Z","level":"info","event":"26/05/20 16:06:40 INFO SecurityManager: Changing modify acls groups to:","logger":"airflow.task.hooks.airflow.providers.apache.spark.hooks.spark_submit.SparkSubmitHook","filename":"spark_submit.py","lineno":705}
{"timestamp":"2026-05-20T16:06:40.887140Z","level":"info","event":"26/05/20 16:06:40 INFO SecurityManager: SecurityManager: authentication disabled; ui acls disabled; users with view permissions: airflow; groups with view permissions: EMPTY; users with modify permissions: airflow; groups with modify permissions: EMPTY","logger":"airflow.task.hooks.airflow.providers.apache.spark.hooks.spark_submit.SparkSubmitHook","filename":"spark_submit.py","lineno":705}
{"timestamp":"2026-05-20T16:06:41.161640Z","level":"info","event":"26/05/20 16:06:41 INFO Utils: Successfully started service 'sparkDriver' on port 36755.","logger":"airflow.task.hooks.airflow.providers.apache.spark.hooks.spark_submit.SparkSubmitHook","filename":"spark_submit.py","lineno":705}
{"timestamp":"2026-05-20T16:06:41.195890Z","level":"info","event":"26/05/20 16:06:41 INFO SparkEnv: Registering MapOutputTracker","logger":"airflow.task.hooks.airflow.providers.apache.spark.hooks.spark_submit.SparkSubmitHook","filename":"spark_submit.py","lineno":705}
{"timestamp":"2026-05-20T16:06:41.241233Z","level":"info","event":"26/05/20 16:06:41 INFO SparkEnv: Registering BlockManagerMaster","logger":"airflow.task.hooks.airflow.providers.apache.spark.hooks.spark_submit.SparkSubmitHook","filename":"spark_submit.py","lineno":705}
{"timestamp":"2026-05-20T16:06:41.274634Z","level":"info","event":"26/05/20 16:06:41 INFO BlockManagerMasterEndpoint: Using org.apache.spark.storage.DefaultTopologyMapper for getting topology information","logger":"airflow.task.hooks.airflow.providers.apache.spark.hooks.spark_submit.SparkSubmitHook","filename":"spark_submit.py","lineno":705}
{"timestamp":"2026-05-20T16:06:41.276704Z","level":"info","event":"26/05/20 16:06:41 INFO BlockManagerMasterEndpoint: BlockManagerMasterEndpoint up","logger":"airflow.task.hooks.airflow.providers.apache.spark.hooks.spark_submit.SparkSubmitHook","filename":"spark_submit.py","lineno":705}
{"timestamp":"2026-05-20T16:06:41.286474Z","level":"info","event":"26/05/20 16:06:41 INFO SparkEnv: Registering BlockManagerMasterHeartbeat","logger":"airflow.task.hooks.airflow.providers.apache.spark.hooks.spark_submit.SparkSubmitHook","filename":"spark_submit.py","lineno":705}
{"timestamp":"2026-05-20T16:06:41.329860Z","level":"info","event":"26/05/20 16:06:41 INFO DiskBlockManager: Created local directory at /tmp/blockmgr-35830c15-d66a-4b76-a2bd-a610ae0e7dc4","logger":"airflow.task.hooks.airflow.providers.apache.spark.hooks.spark_submit.SparkSubmitHook","filename":"spark_submit.py","lineno":705}
{"timestamp":"2026-05-20T16:06:41.413820Z","level":"info","event":"26/05/20 16:06:41 INFO MemoryStore: MemoryStore started with capacity 434.4 MiB","logger":"airflow.task.hooks.airflow.providers.apache.spark.hooks.spark_submit.SparkSubmitHook","filename":"spark_submit.py","lineno":705}
{"timestamp":"2026-05-20T16:06:41.490739Z","level":"info","event":"26/05/20 16:06:41 INFO SparkEnv: Registering OutputCommitCoordinator","logger":"airflow.task.hooks.airflow.providers.apache.spark.hooks.spark_submit.SparkSubmitHook","filename":"spark_submit.py","lineno":705}
{"timestamp":"2026-05-20T16:06:41.771517Z","level":"info","event":"26/05/20 16:06:41 INFO JettyUtils: Start Jetty 0.0.0.0:4040 for SparkUI","logger":"airflow.task.hooks.airflow.providers.apache.spark.hooks.spark_submit.SparkSubmitHook","filename":"spark_submit.py","lineno":705}
{"timestamp":"2026-05-20T16:06:41.864699Z","level":"info","event":"26/05/20 16:06:41 INFO Utils: Successfully started service 'SparkUI' on port 4040.","logger":"airflow.task.hooks.airflow.providers.apache.spark.hooks.spark_submit.SparkSubmitHook","filename":"spark_submit.py","lineno":705}
{"timestamp":"2026-05-20T16:06:42.039433Z","level":"info","event":"26/05/20 16:06:42 INFO StandaloneAppClient$ClientEndpoint: Connecting to master spark://spark-master:7077...","logger":"airflow.task.hooks.airflow.providers.apache.spark.hooks.spark_submit.SparkSubmitHook","filename":"spark_submit.py","lineno":705}
{"timestamp":"2026-05-20T16:06:42.093210Z","level":"info","event":"26/05/20 16:06:42 INFO TransportClientFactory: Successfully created connection to spark-master/172.18.0.2:7077 after 31 ms (0 ms spent in bootstraps)","logger":"airflow.task.hooks.airflow.providers.apache.spark.hooks.spark_submit.SparkSubmitHook","filename":"spark_submit.py","lineno":705}
{"timestamp":"2026-05-20T16:06:42.200235Z","level":"info","event":"26/05/20 16:06:42 INFO StandaloneSchedulerBackend: Connected to Spark cluster with app ID app-20260520160642-0001","logger":"airflow.task.hooks.airflow.providers.apache.spark.hooks.spark_submit.SparkSubmitHook","filename":"spark_submit.py","lineno":705}
{"timestamp":"2026-05-20T16:06:42.203887Z","level":"info","event":"26/05/20 16:06:42 INFO StandaloneAppClient$ClientEndpoint: Executor added: app-20260520160642-0001/0 on worker-20260520160358-172.18.0.4-41259 (172.18.0.4:41259) with 8 core(s)","logger":"airflow.task.hooks.airflow.providers.apache.spark.hooks.spark_submit.SparkSubmitHook","filename":"spark_submit.py","lineno":705}
{"timestamp":"2026-05-20T16:06:42.206946Z","level":"info","event":"26/05/20 16:06:42 INFO StandaloneSchedulerBackend: Granted executor ID app-20260520160642-0001/0 on hostPort 172.18.0.4:41259 with 8 core(s), 1024.0 MiB RAM","logger":"airflow.task.hooks.airflow.providers.apache.spark.hooks.spark_submit.SparkSubmitHook","filename":"spark_submit.py","lineno":705}
{"timestamp":"2026-05-20T16:06:42.211613Z","level":"info","event":"26/05/20 16:06:42 INFO Utils: Successfully started service 'org.apache.spark.network.netty.NettyBlockTransferService' on port 35971.","logger":"airflow.task.hooks.airflow.providers.apache.spark.hooks.spark_submit.SparkSubmitHook","filename":"spark_submit.py","lineno":705}
{"timestamp":"2026-05-20T16:06:42.211898Z","level":"info","event":"26/05/20 16:06:42 INFO NettyBlockTransferService: Server created on d5503fb81ab4:35971","logger":"airflow.task.hooks.airflow.providers.apache.spark.hooks.spark_submit.SparkSubmitHook","filename":"spark_submit.py","lineno":705}
{"timestamp":"2026-05-20T16:06:42.214365Z","level":"info","event":"26/05/20 16:06:42 INFO BlockManager: Using org.apache.spark.storage.RandomBlockReplicationPolicy for block replication policy","logger":"airflow.task.hooks.airflow.providers.apache.spark.hooks.spark_submit.SparkSubmitHook","filename":"spark_submit.py","lineno":705}
{"timestamp":"2026-05-20T16:06:42.224117Z","level":"info","event":"26/05/20 16:06:42 INFO BlockManagerMaster: Registering BlockManager BlockManagerId(driver, d5503fb81ab4, 35971, None)","logger":"airflow.task.hooks.airflow.providers.apache.spark.hooks.spark_submit.SparkSubmitHook","filename":"spark_submit.py","lineno":705}
{"timestamp":"2026-05-20T16:06:42.228399Z","level":"info","event":"26/05/20 16:06:42 INFO BlockManagerMasterEndpoint: Registering block manager d5503fb81ab4:35971 with 434.4 MiB RAM, BlockManagerId(driver, d5503fb81ab4, 35971, None)","logger":"airflow.task.hooks.airflow.providers.apache.spark.hooks.spark_submit.SparkSubmitHook","filename":"spark_submit.py","lineno":705}
{"timestamp":"2026-05-20T16:06:42.231291Z","level":"info","event":"26/05/20 16:06:42 INFO BlockManagerMaster: Registered BlockManager BlockManagerId(driver, d5503fb81ab4, 35971, None)","logger":"airflow.task.hooks.airflow.providers.apache.spark.hooks.spark_submit.SparkSubmitHook","filename":"spark_submit.py","lineno":705}
{"timestamp":"2026-05-20T16:06:42.233126Z","level":"info","event":"26/05/20 16:06:42 INFO BlockManager: Initialized BlockManager: BlockManagerId(driver, d5503fb81ab4, 35971, None)","logger":"airflow.task.hooks.airflow.providers.apache.spark.hooks.spark_submit.SparkSubmitHook","filename":"spark_submit.py","lineno":705}
{"timestamp":"2026-05-20T16:06:42.264382Z","level":"info","event":"26/05/20 16:06:42 INFO StandaloneAppClient$ClientEndpoint: Executor updated: app-20260520160642-0001/0 is now RUNNING","logger":"airflow.task.hooks.airflow.providers.apache.spark.hooks.spark_submit.SparkSubmitHook","filename":"spark_submit.py","lineno":705}
{"timestamp":"2026-05-20T16:06:42.644974Z","level":"info","event":"26/05/20 16:06:42 INFO StandaloneSchedulerBackend: SchedulerBackend is ready for scheduling beginning after reached minRegisteredResourcesRatio: 0.0","logger":"airflow.task.hooks.airflow.providers.apache.spark.hooks.spark_submit.SparkSubmitHook","filename":"spark_submit.py","lineno":705}
{"timestamp":"2026-05-20T16:06:56.887668Z","level":"info","event":"26/05/20 16:06:56 WARN TaskSetManager: Lost task 0.0 in stage 3.0 (TID 6) (172.18.0.4 executor 0): org.apache.spark.api.python.PythonException: Traceback (most recent call last):","logger":"airflow.task.hooks.airflow.providers.apache.spark.hooks.spark_submit.SparkSubmitHook","filename":"spark_submit.py","lineno":705}
{"timestamp":"2026-05-20T16:06:56.887970Z","level":"info","event":"File \"/opt/spark/python/lib/pyspark.zip/pyspark/worker.py\", line 830, in main","logger":"airflow.task.hooks.airflow.providers.apache.spark.hooks.spark_submit.SparkSubmitHook","filename":"spark_submit.py","lineno":705}
{"timestamp":"2026-05-20T16:06:56.888118Z","level":"info","event":"process()","logger":"airflow.task.hooks.airflow.providers.apache.spark.hooks.spark_submit.SparkSubmitHook","filename":"spark_submit.py","lineno":705}
{"timestamp":"2026-05-20T16:06:56.888247Z","level":"info","event":"File \"/opt/spark/python/lib/pyspark.zip/pyspark/worker.py\", line 820, in process","logger":"airflow.task.hooks.airflow.providers.apache.spark.hooks.spark_submit.SparkSubmitHook","filename":"spark_submit.py","lineno":705}
{"timestamp":"2026-05-20T16:06:56.888385Z","level":"info","event":"out_iter = func(split_index, iterator)","logger":"airflow.task.hooks.airflow.providers.apache.spark.hooks.spark_submit.SparkSubmitHook","filename":"spark_submit.py","lineno":705}
{"timestamp":"2026-05-20T16:06:56.888504Z","level":"info","event":"File \"/opt/spark/python/lib/pyspark.zip/pyspark/rdd.py\", line 5405, in pipeline_func","logger":"airflow.task.hooks.airflow.providers.apache.spark.hooks.spark_submit.SparkSubmitHook","filename":"spark_submit.py","lineno":705}
{"timestamp":"2026-05-20T16:06:56.888620Z","level":"info","event":"File \"/opt/spark/python/lib/pyspark.zip/pyspark/rdd.py\", line 5405, in pipeline_func","logger":"airflow.task.hooks.airflow.providers.apache.spark.hooks.spark_submit.SparkSubmitHook","filename":"spark_submit.py","lineno":705}
{"timestamp":"2026-05-20T16:06:56.888858Z","level":"info","event":"File \"/opt/spark/python/lib/pyspark.zip/pyspark/rdd.py\", line 828, in func","logger":"airflow.task.hooks.airflow.providers.apache.spark.hooks.spark_submit.SparkSubmitHook","filename":"spark_submit.py","lineno":705}
{"timestamp":"2026-05-20T16:06:56.888987Z","level":"info","event":"File \"/opt/spark/python/lib/pyspark.zip/pyspark/rdd.py\", line 3964, in combineLocally","logger":"airflow.task.hooks.airflow.providers.apache.spark.hooks.spark_submit.SparkSubmitHook","filename":"spark_submit.py","lineno":705}
{"timestamp":"2026-05-20T16:06:56.889108Z","level":"info","event":"File \"/opt/spark/python/lib/pyspark.zip/pyspark/shuffle.py\", line 258, in mergeValues","logger":"airflow.task.hooks.airflow.providers.apache.spark.hooks.spark_submit.SparkSubmitHook","filename":"spark_submit.py","lineno":705}
{"timestamp":"2026-05-20T16:06:56.889230Z","level":"info","event":"d[k] = comb(d[k], v) if k in d else creator(v)","logger":"airflow.task.hooks.airflow.providers.apache.spark.hooks.spark_submit.SparkSubmitHook","filename":"spark_submit.py","lineno":705}
{"timestamp":"2026-05-20T16:06:56.889477Z","level":"info","event":"File \"/opt/spark/python/lib/pyspark.zip/pyspark/util.py\", line 81, in wrapper","logger":"airflow.task.hooks.airflow.providers.apache.spark.hooks.spark_submit.SparkSubmitHook","filename":"spark_submit.py","lineno":705}
{"timestamp":"2026-05-20T16:06:56.889632Z","level":"info","event":"File \"/opt/spark/python/lib/pyspark.zip/pyspark/rdd.py\", line 4034, in <lambda>","logger":"airflow.task.hooks.airflow.providers.apache.spark.hooks.spark_submit.SparkSubmitHook","filename":"spark_submit.py","lineno":705}
{"timestamp":"2026-05-20T16:06:56.889748Z","level":"info","event":"File \"/opt/airflow/jobs/processing.py\", line 88, in seq_func2","logger":"airflow.task.hooks.airflow.providers.apache.spark.hooks.spark_submit.SparkSubmitHook","filename":"spark_submit.py","lineno":705}
{"timestamp":"2026-05-20T16:06:56.889863Z","level":"info","event":"ValueError: could not convert string to float: ','","logger":"airflow.task.hooks.airflow.providers.apache.spark.hooks.spark_submit.SparkSubmitHook","filename":"spark_submit.py","lineno":705}
{"timestamp":"2026-05-20T16:06:56.890275Z","level":"info","event":"","logger":"airflow.task.hooks.airflow.providers.apache.spark.hooks.spark_submit.SparkSubmitHook","filename":"spark_submit.py","lineno":705}
{"timestamp":"2026-05-20T16:06:56.890442Z","level":"info","event":"at org.apache.spark.api.python.BasePythonRunner$ReaderIterator.handlePythonException(PythonRunner.scala:561)","logger":"airflow.task.hooks.airflow.providers.apache.spark.hooks.spark_submit.SparkSubmitHook","filename":"spark_submit.py","lineno":705}
{"timestamp":"2026-05-20T16:06:56.890567Z","level":"info","event":"at org.apache.spark.api.python.PythonRunner$$anon$3.read(PythonRunner.scala:767)","logger":"airflow.task.hooks.airflow.providers.apache.spark.hooks.spark_submit.SparkSubmitHook","filename":"spark_submit.py","lineno":705}
{"timestamp":"2026-05-20T16:06:56.890699Z","level":"info","event":"at org.apache.spark.api.python.PythonRunner$$anon$3.read(PythonRunner.scala:749)","logger":"airflow.task.hooks.airflow.providers.apache.spark.hooks.spark_submit.SparkSubmitHook","filename":"spark_submit.py","lineno":705}
{"timestamp":"2026-05-20T16:06:56.890816Z","level":"info","event":"at org.apache.spark.api.python.BasePythonRunner$ReaderIterator.hasNext(PythonRunner.scala:514)","logger":"airflow.task.hooks.airflow.providers.apache.spark.hooks.spark_submit.SparkSubmitHook","filename":"spark_submit.py","lineno":705}
{"timestamp":"2026-05-20T16:06:56.890931Z","level":"info","event":"at org.apache.spark.InterruptibleIterator.hasNext(InterruptibleIterator.scala:37)","logger":"airflow.task.hooks.airflow.providers.apache.spark.hooks.spark_submit.SparkSubmitHook","filename":"spark_submit.py","lineno":705}
{"timestamp":"2026-05-20T16:06:56.891158Z","level":"info","event":"at scala.collection.Iterator$GroupedIterator.fill(Iterator.scala:1211)","logger":"airflow.task.hooks.airflow.providers.apache.spark.hooks.spark_submit.SparkSubmitHook","filename":"spark_submit.py","lineno":705}
{"timestamp":"2026-05-20T16:06:56.891284Z","level":"info","event":"at scala.collection.Iterator$GroupedIterator.hasNext(Iterator.scala:1217)","logger":"airflow.task.hooks.airflow.providers.apache.spark.hooks.spark_submit.SparkSubmitHook","filename":"spark_submit.py","lineno":705}
{"timestamp":"2026-05-20T16:06:56.891400Z","level":"info","event":"at scala.collection.Iterator$$anon$10.hasNext(Iterator.scala:460)","logger":"airflow.task.hooks.airflow.providers.apache.spark.hooks.spark_submit.SparkSubmitHook","filename":"spark_submit.py","lineno":705}
{"timestamp":"2026-05-20T16:06:56.891511Z","level":"info","event":"at org.apache.spark.shuffle.sort.BypassMergeSortShuffleWriter.write(BypassMergeSortShuffleWriter.java:140)","logger":"airflow.task.hooks.airflow.providers.apache.spark.hooks.spark_submit.SparkSubmitHook","filename":"spark_submit.py","lineno":705}
{"timestamp":"2026-05-20T16:06:56.891624Z","level":"info","event":"at org.apache.spark.shuffle.ShuffleWriteProcessor.write(ShuffleWriteProcessor.scala:59)","logger":"airflow.task.hooks.airflow.providers.apache.spark.hooks.spark_submit.SparkSubmitHook","filename":"spark_submit.py","lineno":705}
{"timestamp":"2026-05-20T16:06:56.891791Z","level":"info","event":"at org.apache.spark.scheduler.ShuffleMapTask.runTask(ShuffleMapTask.scala:101)","logger":"airflow.task.hooks.airflow.providers.apache.spark.hooks.spark_submit.SparkSubmitHook","filename":"spark_submit.py","lineno":705}
{"timestamp":"2026-05-20T16:06:56.892009Z","level":"info","event":"at org.apache.spark.scheduler.ShuffleMapTask.runTask(ShuffleMapTask.scala:53)","logger":"airflow.task.hooks.airflow.providers.apache.spark.hooks.spark_submit.SparkSubmitHook","filename":"spark_submit.py","lineno":705}
{"timestamp":"2026-05-20T16:06:56.892153Z","level":"info","event":"at org.apache.spark.TaskContext.runTaskWithListeners(TaskContext.scala:161)","logger":"airflow.task.hooks.airflow.providers.apache.spark.hooks.spark_submit.SparkSubmitHook","filename":"spark_submit.py","lineno":705}
{"timestamp":"2026-05-20T16:06:56.892267Z","level":"info","event":"at org.apache.spark.scheduler.Task.run(Task.scala:139)","logger":"airflow.task.hooks.airflow.providers.apache.spark.hooks.spark_submit.SparkSubmitHook","filename":"spark_submit.py","lineno":705}
{"timestamp":"2026-05-20T16:06:56.892377Z","level":"info","event":"at org.apache.spark.executor.Executor$TaskRunner.$anonfun$run$3(Executor.scala:554)","logger":"airflow.task.hooks.airflow.providers.apache.spark.hooks.spark_submit.SparkSubmitHook","filename":"spark_submit.py","lineno":705}
{"timestamp":"2026-05-20T16:06:56.892490Z","level":"info","event":"at org.apache.spark.util.Utils$.tryWithSafeFinally(Utils.scala:1529)","logger":"airflow.task.hooks.airflow.providers.apache.spark.hooks.spark_submit.SparkSubmitHook","filename":"spark_submit.py","lineno":705}
{"timestamp":"2026-05-20T16:06:56.892601Z","level":"info","event":"at org.apache.spark.executor.Executor$TaskRunner.run(Executor.scala:557)","logger":"airflow.task.hooks.airflow.providers.apache.spark.hooks.spark_submit.SparkSubmitHook","filename":"spark_submit.py","lineno":705}
{"timestamp":"2026-05-20T16:06:56.892711Z","level":"info","event":"at java.base/java.util.concurrent.ThreadPoolExecutor.runWorker(Unknown Source)","logger":"airflow.task.hooks.airflow.providers.apache.spark.hooks.spark_submit.SparkSubmitHook","filename":"spark_submit.py","lineno":705}
{"timestamp":"2026-05-20T16:06:56.892818Z","level":"info","event":"at java.base/java.util.concurrent.ThreadPoolExecutor$Worker.run(Unknown Source)","logger":"airflow.task.hooks.airflow.providers.apache.spark.hooks.spark_submit.SparkSubmitHook","filename":"spark_submit.py","lineno":705}
{"timestamp":"2026-05-20T16:06:56.892921Z","level":"info","event":"at java.base/java.lang.Thread.run(Unknown Source)","logger":"airflow.task.hooks.airflow.providers.apache.spark.hooks.spark_submit.SparkSubmitHook","filename":"spark_submit.py","lineno":705}
{"timestamp":"2026-05-20T16:06:56.893083Z","level":"info","event":"","logger":"airflow.task.hooks.airflow.providers.apache.spark.hooks.spark_submit.SparkSubmitHook","filename":"spark_submit.py","lineno":705}
{"timestamp":"2026-05-20T16:06:59.277863Z","level":"info","event":"26/05/20 16:06:59 ERROR TaskSetManager: Task 1 in stage 3.0 failed 4 times; aborting job","logger":"airflow.task.hooks.airflow.providers.apache.spark.hooks.spark_submit.SparkSubmitHook","filename":"spark_submit.py","lineno":705}
{"timestamp":"2026-05-20T16:06:59.327103Z","level":"info","event":"26/05/20 16:06:59 WARN TaskSetManager: Lost task 0.3 in stage 3.0 (TID 19) (172.18.0.4 executor 0): TaskKilled (Stage cancelled)","logger":"airflow.task.hooks.airflow.providers.apache.spark.hooks.spark_submit.SparkSubmitHook","filename":"spark_submit.py","lineno":705}
{"timestamp":"2026-05-20T16:06:59.328658Z","level":"info","event":"26/05/20 16:06:59 WARN TaskSetManager: Lost task 3.3 in stage 3.0 (TID 20) (172.18.0.4 executor 0): TaskKilled (Stage cancelled)","logger":"airflow.task.hooks.airflow.providers.apache.spark.hooks.spark_submit.SparkSubmitHook","filename":"spark_submit.py","lineno":705}
{"timestamp":"2026-05-20T16:06:59.329232Z","level":"info","event":"26/05/20 16:06:59 WARN TaskSetManager: Lost task 2.3 in stage 3.0 (TID 21) (172.18.0.4 executor 0): TaskKilled (Stage cancelled)","logger":"airflow.task.hooks.airflow.providers.apache.spark.hooks.spark_submit.SparkSubmitHook","filename":"spark_submit.py","lineno":705}
{"timestamp":"2026-05-20T16:06:59.480797Z","level":"info","event":"Traceback (most recent call last):","logger":"airflow.task.hooks.airflow.providers.apache.spark.hooks.spark_submit.SparkSubmitHook","filename":"spark_submit.py","lineno":705}
{"timestamp":"2026-05-20T16:06:59.481006Z","level":"info","event":"File \"/opt/airflow/jobs/processing.py\", line 319, in <module>","logger":"airflow.task.hooks.airflow.providers.apache.spark.hooks.spark_submit.SparkSubmitHook","filename":"spark_submit.py","lineno":705}
{"timestamp":"2026-05-20T16:06:59.485841Z","level":"info","event":"main()","logger":"airflow.task.hooks.airflow.providers.apache.spark.hooks.spark_submit.SparkSubmitHook","filename":"spark_submit.py","lineno":705}
{"timestamp":"2026-05-20T16:06:59.486125Z","level":"info","event":"File \"/opt/airflow/jobs/processing.py\", line 316, in main","logger":"airflow.task.hooks.airflow.providers.apache.spark.hooks.spark_submit.SparkSubmitHook","filename":"spark_submit.py","lineno":705}
{"timestamp":"2026-05-20T16:06:59.490208Z","level":"info","event":"executor = Executor(spark, hdfs_file_path, rdd_dataframe)","logger":"airflow.task.hooks.airflow.providers.apache.spark.hooks.spark_submit.SparkSubmitHook","filename":"spark_submit.py","lineno":705}
{"timestamp":"2026-05-20T16:06:59.490531Z","level":"info","event":"File \"/opt/airflow/jobs/processing.py\", line 174, in __init__","logger":"airflow.task.hooks.airflow.providers.apache.spark.hooks.spark_submit.SparkSubmitHook","filename":"spark_submit.py","lineno":705}
{"timestamp":"2026-05-20T16:06:59.494090Z","level":"info","event":"self.query2(dataset, rdd_dataframe, hdfs_path, sc)","logger":"airflow.task.hooks.airflow.providers.apache.spark.hooks.spark_submit.SparkSubmitHook","filename":"spark_submit.py","lineno":705}
{"timestamp":"2026-05-20T16:06:59.494365Z","level":"info","event":"File \"/opt/airflow/jobs/processing.py\", line 268, in query2","logger":"airflow.task.hooks.airflow.providers.apache.spark.hooks.spark_submit.SparkSubmitHook","filename":"spark_submit.py","lineno":705}
{"timestamp":"2026-05-20T16:06:59.499811Z","level":"info","event":"rdd_list = dataset.map(lambda x: ((x[1]), (x[2:])))  \\","logger":"airflow.task.hooks.airflow.providers.apache.spark.hooks.spark_submit.SparkSubmitHook","filename":"spark_submit.py","lineno":705}
{"timestamp":"2026-05-20T16:06:59.500050Z","level":"info","event":"File \"/opt/spark/python/lib/pyspark.zip/pyspark/rdd.py\", line 1559, in sortBy","logger":"airflow.task.hooks.airflow.providers.apache.spark.hooks.spark_submit.SparkSubmitHook","filename":"spark_submit.py","lineno":705}
{"timestamp":"2026-05-20T16:06:59.500438Z","level":"info","event":"File \"/opt/spark/python/lib/pyspark.zip/pyspark/rdd.py\", line 1495, in sortByKey","logger":"airflow.task.hooks.airflow.providers.apache.spark.hooks.spark_submit.SparkSubmitHook","filename":"spark_submit.py","lineno":705}
{"timestamp":"2026-05-20T16:06:59.501294Z","level":"info","event":"File \"/opt/spark/python/lib/pyspark.zip/pyspark/rdd.py\", line 2297, in count","logger":"airflow.task.hooks.airflow.providers.apache.spark.hooks.spark_submit.SparkSubmitHook","filename":"spark_submit.py","lineno":705}
{"timestamp":"2026-05-20T16:06:59.502067Z","level":"info","event":"File \"/opt/spark/python/lib/pyspark.zip/pyspark/rdd.py\", line 2272, in sum","logger":"airflow.task.hooks.airflow.providers.apache.spark.hooks.spark_submit.SparkSubmitHook","filename":"spark_submit.py","lineno":705}
{"timestamp":"2026-05-20T16:06:59.502804Z","level":"info","event":"File \"/opt/spark/python/lib/pyspark.zip/pyspark/rdd.py\", line 2025, in fold","logger":"airflow.task.hooks.airflow.providers.apache.spark.hooks.spark_submit.SparkSubmitHook","filename":"spark_submit.py","lineno":705}
{"timestamp":"2026-05-20T16:06:59.503280Z","level":"info","event":"File \"/opt/spark/python/lib/pyspark.zip/pyspark/rdd.py\", line 1814, in collect","logger":"airflow.task.hooks.airflow.providers.apache.spark.hooks.spark_submit.SparkSubmitHook","filename":"spark_submit.py","lineno":705}
{"timestamp":"2026-05-20T16:06:59.503898Z","level":"info","event":"File \"/opt/spark/python/lib/py4j-0.10.9.7-src.zip/py4j/java_gateway.py\", line 1322, in __call__","logger":"airflow.task.hooks.airflow.providers.apache.spark.hooks.spark_submit.SparkSubmitHook","filename":"spark_submit.py","lineno":705}
{"timestamp":"2026-05-20T16:06:59.504975Z","level":"info","event":"File \"/opt/spark/python/lib/pyspark.zip/pyspark/errors/exceptions/captured.py\", line 169, in deco","logger":"airflow.task.hooks.airflow.providers.apache.spark.hooks.spark_submit.SparkSubmitHook","filename":"spark_submit.py","lineno":705}
{"timestamp":"2026-05-20T16:06:59.506018Z","level":"info","event":"File \"/opt/spark/python/lib/py4j-0.10.9.7-src.zip/py4j/protocol.py\", line 326, in get_return_value","logger":"airflow.task.hooks.airflow.providers.apache.spark.hooks.spark_submit.SparkSubmitHook","filename":"spark_submit.py","lineno":705}
{"timestamp":"2026-05-20T16:06:59.550172Z","level":"info","event":"py4j.protocol.Py4JJavaError: An error occurred while calling z:org.apache.spark.api.python.PythonRDD.collectAndServe.","logger":"airflow.task.hooks.airflow.providers.apache.spark.hooks.spark_submit.SparkSubmitHook","filename":"spark_submit.py","lineno":705}
{"timestamp":"2026-05-20T16:06:59.550469Z","level":"info","event":": org.apache.spark.SparkException: Job aborted due to stage failure: Task 1 in stage 3.0 failed 4 times, most recent failure: Lost task 1.3 in stage 3.0 (TID 18) (172.18.0.4 executor 0): org.apache.spark.api.python.PythonException: Traceback (most recent call last):","logger":"airflow.task.hooks.airflow.providers.apache.spark.hooks.spark_submit.SparkSubmitHook","filename":"spark_submit.py","lineno":705}
{"timestamp":"2026-05-20T16:06:59.550630Z","level":"info","event":"File \"/opt/spark/python/lib/pyspark.zip/pyspark/worker.py\", line 830, in main","logger":"airflow.task.hooks.airflow.providers.apache.spark.hooks.spark_submit.SparkSubmitHook","filename":"spark_submit.py","lineno":705}
{"timestamp":"2026-05-20T16:06:59.550753Z","level":"info","event":"process()","logger":"airflow.task.hooks.airflow.providers.apache.spark.hooks.spark_submit.SparkSubmitHook","filename":"spark_submit.py","lineno":705}
{"timestamp":"2026-05-20T16:06:59.550924Z","level":"info","event":"File \"/opt/spark/python/lib/pyspark.zip/pyspark/worker.py\", line 820, in process","logger":"airflow.task.hooks.airflow.providers.apache.spark.hooks.spark_submit.SparkSubmitHook","filename":"spark_submit.py","lineno":705}
{"timestamp":"2026-05-20T16:06:59.551066Z","level":"info","event":"out_iter = func(split_index, iterator)","logger":"airflow.task.hooks.airflow.providers.apache.spark.hooks.spark_submit.SparkSubmitHook","filename":"spark_submit.py","lineno":705}
{"timestamp":"2026-05-20T16:06:59.551178Z","level":"info","event":"File \"/opt/spark/python/lib/pyspark.zip/pyspark/rdd.py\", line 5405, in pipeline_func","logger":"airflow.task.hooks.airflow.providers.apache.spark.hooks.spark_submit.SparkSubmitHook","filename":"spark_submit.py","lineno":705}
{"timestamp":"2026-05-20T16:06:59.551313Z","level":"info","event":"File \"/opt/spark/python/lib/pyspark.zip/pyspark/rdd.py\", line 5405, in pipeline_func","logger":"airflow.task.hooks.airflow.providers.apache.spark.hooks.spark_submit.SparkSubmitHook","filename":"spark_submit.py","lineno":705}
{"timestamp":"2026-05-20T16:06:59.551426Z","level":"info","event":"File \"/opt/spark/python/lib/pyspark.zip/pyspark/rdd.py\", line 828, in func","logger":"airflow.task.hooks.airflow.providers.apache.spark.hooks.spark_submit.SparkSubmitHook","filename":"spark_submit.py","lineno":705}
{"timestamp":"2026-05-20T16:06:59.551531Z","level":"info","event":"File \"/opt/spark/python/lib/pyspark.zip/pyspark/rdd.py\", line 3964, in combineLocally","logger":"airflow.task.hooks.airflow.providers.apache.spark.hooks.spark_submit.SparkSubmitHook","filename":"spark_submit.py","lineno":705}
{"timestamp":"2026-05-20T16:06:59.551639Z","level":"info","event":"File \"/opt/spark/python/lib/pyspark.zip/pyspark/shuffle.py\", line 258, in mergeValues","logger":"airflow.task.hooks.airflow.providers.apache.spark.hooks.spark_submit.SparkSubmitHook","filename":"spark_submit.py","lineno":705}
{"timestamp":"2026-05-20T16:06:59.551741Z","level":"info","event":"d[k] = comb(d[k], v) if k in d else creator(v)","logger":"airflow.task.hooks.airflow.providers.apache.spark.hooks.spark_submit.SparkSubmitHook","filename":"spark_submit.py","lineno":705}
{"timestamp":"2026-05-20T16:06:59.551847Z","level":"info","event":"File \"/opt/spark/python/lib/pyspark.zip/pyspark/util.py\", line 81, in wrapper","logger":"airflow.task.hooks.airflow.providers.apache.spark.hooks.spark_submit.SparkSubmitHook","filename":"spark_submit.py","lineno":705}
{"timestamp":"2026-05-20T16:06:59.551955Z","level":"info","event":"File \"/opt/spark/python/lib/pyspark.zip/pyspark/rdd.py\", line 4034, in <lambda>","logger":"airflow.task.hooks.airflow.providers.apache.spark.hooks.spark_submit.SparkSubmitHook","filename":"spark_submit.py","lineno":705}
{"timestamp":"2026-05-20T16:06:59.552093Z","level":"info","event":"File \"/opt/airflow/jobs/processing.py\", line 88, in seq_func2","logger":"airflow.task.hooks.airflow.providers.apache.spark.hooks.spark_submit.SparkSubmitHook","filename":"spark_submit.py","lineno":705}
{"timestamp":"2026-05-20T16:06:59.552230Z","level":"info","event":"ValueError: could not convert string to float: ','","logger":"airflow.task.hooks.airflow.providers.apache.spark.hooks.spark_submit.SparkSubmitHook","filename":"spark_submit.py","lineno":705}
{"timestamp":"2026-05-20T16:06:59.552350Z","level":"info","event":"","logger":"airflow.task.hooks.airflow.providers.apache.spark.hooks.spark_submit.SparkSubmitHook","filename":"spark_submit.py","lineno":705}
{"timestamp":"2026-05-20T16:06:59.552460Z","level":"info","event":"at org.apache.spark.api.python.BasePythonRunner$ReaderIterator.handlePythonException(PythonRunner.scala:561)","logger":"airflow.task.hooks.airflow.providers.apache.spark.hooks.spark_submit.SparkSubmitHook","filename":"spark_submit.py","lineno":705}
{"timestamp":"2026-05-20T16:06:59.552562Z","level":"info","event":"at org.apache.spark.api.python.PythonRunner$$anon$3.read(PythonRunner.scala:767)","logger":"airflow.task.hooks.airflow.providers.apache.spark.hooks.spark_submit.SparkSubmitHook","filename":"spark_submit.py","lineno":705}
{"timestamp":"2026-05-20T16:06:59.552653Z","level":"info","event":"at org.apache.spark.api.python.PythonRunner$$anon$3.read(PythonRunner.scala:749)","logger":"airflow.task.hooks.airflow.providers.apache.spark.hooks.spark_submit.SparkSubmitHook","filename":"spark_submit.py","lineno":705}
{"timestamp":"2026-05-20T16:06:59.552746Z","level":"info","event":"at org.apache.spark.api.python.BasePythonRunner$ReaderIterator.hasNext(PythonRunner.scala:514)","logger":"airflow.task.hooks.airflow.providers.apache.spark.hooks.spark_submit.SparkSubmitHook","filename":"spark_submit.py","lineno":705}
{"timestamp":"2026-05-20T16:06:59.552900Z","level":"info","event":"at org.apache.spark.InterruptibleIterator.hasNext(InterruptibleIterator.scala:37)","logger":"airflow.task.hooks.airflow.providers.apache.spark.hooks.spark_submit.SparkSubmitHook","filename":"spark_submit.py","lineno":705}
{"timestamp":"2026-05-20T16:06:59.553011Z","level":"info","event":"at scala.collection.Iterator$GroupedIterator.fill(Iterator.scala:1211)","logger":"airflow.task.hooks.airflow.providers.apache.spark.hooks.spark_submit.SparkSubmitHook","filename":"spark_submit.py","lineno":705}
{"timestamp":"2026-05-20T16:06:59.553124Z","level":"info","event":"at scala.collection.Iterator$GroupedIterator.hasNext(Iterator.scala:1217)","logger":"airflow.task.hooks.airflow.providers.apache.spark.hooks.spark_submit.SparkSubmitHook","filename":"spark_submit.py","lineno":705}
{"timestamp":"2026-05-20T16:06:59.553237Z","level":"info","event":"at scala.collection.Iterator$$anon$10.hasNext(Iterator.scala:460)","logger":"airflow.task.hooks.airflow.providers.apache.spark.hooks.spark_submit.SparkSubmitHook","filename":"spark_submit.py","lineno":705}
{"timestamp":"2026-05-20T16:06:59.553536Z","level":"info","event":"at org.apache.spark.shuffle.sort.BypassMergeSortShuffleWriter.write(BypassMergeSortShuffleWriter.java:140)","logger":"airflow.task.hooks.airflow.providers.apache.spark.hooks.spark_submit.SparkSubmitHook","filename":"spark_submit.py","lineno":705}
{"timestamp":"2026-05-20T16:06:59.553719Z","level":"info","event":"at org.apache.spark.shuffle.ShuffleWriteProcessor.write(ShuffleWriteProcessor.scala:59)","logger":"airflow.task.hooks.airflow.providers.apache.spark.hooks.spark_submit.SparkSubmitHook","filename":"spark_submit.py","lineno":705}
{"timestamp":"2026-05-20T16:06:59.553844Z","level":"info","event":"at org.apache.spark.scheduler.ShuffleMapTask.runTask(ShuffleMapTask.scala:101)","logger":"airflow.task.hooks.airflow.providers.apache.spark.hooks.spark_submit.SparkSubmitHook","filename":"spark_submit.py","lineno":705}
{"timestamp":"2026-05-20T16:06:59.553960Z","level":"info","event":"at org.apache.spark.scheduler.ShuffleMapTask.runTask(ShuffleMapTask.scala:53)","logger":"airflow.task.hooks.airflow.providers.apache.spark.hooks.spark_submit.SparkSubmitHook","filename":"spark_submit.py","lineno":705}
{"timestamp":"2026-05-20T16:06:59.554114Z","level":"info","event":"at org.apache.spark.TaskContext.runTaskWithListeners(TaskContext.scala:161)","logger":"airflow.task.hooks.airflow.providers.apache.spark.hooks.spark_submit.SparkSubmitHook","filename":"spark_submit.py","lineno":705}
{"timestamp":"2026-05-20T16:06:59.554234Z","level":"info","event":"at org.apache.spark.scheduler.Task.run(Task.scala:139)","logger":"airflow.task.hooks.airflow.providers.apache.spark.hooks.spark_submit.SparkSubmitHook","filename":"spark_submit.py","lineno":705}
{"timestamp":"2026-05-20T16:06:59.554351Z","level":"info","event":"at org.apache.spark.executor.Executor$TaskRunner.$anonfun$run$3(Executor.scala:554)","logger":"airflow.task.hooks.airflow.providers.apache.spark.hooks.spark_submit.SparkSubmitHook","filename":"spark_submit.py","lineno":705}
{"timestamp":"2026-05-20T16:06:59.554460Z","level":"info","event":"at org.apache.spark.util.Utils$.tryWithSafeFinally(Utils.scala:1529)","logger":"airflow.task.hooks.airflow.providers.apache.spark.hooks.spark_submit.SparkSubmitHook","filename":"spark_submit.py","lineno":705}
{"timestamp":"2026-05-20T16:06:59.554620Z","level":"info","event":"at org.apache.spark.executor.Executor$TaskRunner.run(Executor.scala:557)","logger":"airflow.task.hooks.airflow.providers.apache.spark.hooks.spark_submit.SparkSubmitHook","filename":"spark_submit.py","lineno":705}
{"timestamp":"2026-05-20T16:06:59.554736Z","level":"info","event":"at java.base/java.util.concurrent.ThreadPoolExecutor.runWorker(Unknown Source)","logger":"airflow.task.hooks.airflow.providers.apache.spark.hooks.spark_submit.SparkSubmitHook","filename":"spark_submit.py","lineno":705}
{"timestamp":"2026-05-20T16:06:59.554843Z","level":"info","event":"at java.base/java.util.concurrent.ThreadPoolExecutor$Worker.run(Unknown Source)","logger":"airflow.task.hooks.airflow.providers.apache.spark.hooks.spark_submit.SparkSubmitHook","filename":"spark_submit.py","lineno":705}
{"timestamp":"2026-05-20T16:06:59.554956Z","level":"info","event":"at java.base/java.lang.Thread.run(Unknown Source)","logger":"airflow.task.hooks.airflow.providers.apache.spark.hooks.spark_submit.SparkSubmitHook","filename":"spark_submit.py","lineno":705}
{"timestamp":"2026-05-20T16:06:59.555068Z","level":"info","event":"","logger":"airflow.task.hooks.airflow.providers.apache.spark.hooks.spark_submit.SparkSubmitHook","filename":"spark_submit.py","lineno":705}
{"timestamp":"2026-05-20T16:06:59.555221Z","level":"info","event":"Driver stacktrace:","logger":"airflow.task.hooks.airflow.providers.apache.spark.hooks.spark_submit.SparkSubmitHook","filename":"spark_submit.py","lineno":705}
{"timestamp":"2026-05-20T16:06:59.555349Z","level":"info","event":"at org.apache.spark.scheduler.DAGScheduler.failJobAndIndependentStages(DAGScheduler.scala:2785)","logger":"airflow.task.hooks.airflow.providers.apache.spark.hooks.spark_submit.SparkSubmitHook","filename":"spark_submit.py","lineno":705}
{"timestamp":"2026-05-20T16:06:59.555459Z","level":"info","event":"at org.apache.spark.scheduler.DAGScheduler.$anonfun$abortStage$2(DAGScheduler.scala:2721)","logger":"airflow.task.hooks.airflow.providers.apache.spark.hooks.spark_submit.SparkSubmitHook","filename":"spark_submit.py","lineno":705}
{"timestamp":"2026-05-20T16:06:59.555566Z","level":"info","event":"at org.apache.spark.scheduler.DAGScheduler.$anonfun$abortStage$2$adapted(DAGScheduler.scala:2720)","logger":"airflow.task.hooks.airflow.providers.apache.spark.hooks.spark_submit.SparkSubmitHook","filename":"spark_submit.py","lineno":705}
{"timestamp":"2026-05-20T16:06:59.555672Z","level":"info","event":"at scala.collection.mutable.ResizableArray.foreach(ResizableArray.scala:62)","logger":"airflow.task.hooks.airflow.providers.apache.spark.hooks.spark_submit.SparkSubmitHook","filename":"spark_submit.py","lineno":705}
{"timestamp":"2026-05-20T16:06:59.555782Z","level":"info","event":"at scala.collection.mutable.ResizableArray.foreach$(ResizableArray.scala:55)","logger":"airflow.task.hooks.airflow.providers.apache.spark.hooks.spark_submit.SparkSubmitHook","filename":"spark_submit.py","lineno":705}
{"timestamp":"2026-05-20T16:06:59.555890Z","level":"info","event":"at scala.collection.mutable.ArrayBuffer.foreach(ArrayBuffer.scala:49)","logger":"airflow.task.hooks.airflow.providers.apache.spark.hooks.spark_submit.SparkSubmitHook","filename":"spark_submit.py","lineno":705}
{"timestamp":"2026-05-20T16:06:59.555994Z","level":"info","event":"at org.apache.spark.scheduler.DAGScheduler.abortStage(DAGScheduler.scala:2720)","logger":"airflow.task.hooks.airflow.providers.apache.spark.hooks.spark_submit.SparkSubmitHook","filename":"spark_submit.py","lineno":705}
{"timestamp":"2026-05-20T16:06:59.556096Z","level":"info","event":"at org.apache.spark.scheduler.DAGScheduler.$anonfun$handleTaskSetFailed$1(DAGScheduler.scala:1206)","logger":"airflow.task.hooks.airflow.providers.apache.spark.hooks.spark_submit.SparkSubmitHook","filename":"spark_submit.py","lineno":705}
{"timestamp":"2026-05-20T16:06:59.556202Z","level":"info","event":"at org.apache.spark.scheduler.DAGScheduler.$anonfun$handleTaskSetFailed$1$adapted(DAGScheduler.scala:1206)","logger":"airflow.task.hooks.airflow.providers.apache.spark.hooks.spark_submit.SparkSubmitHook","filename":"spark_submit.py","lineno":705}
{"timestamp":"2026-05-20T16:06:59.556309Z","level":"info","event":"at scala.Option.foreach(Option.scala:407)","logger":"airflow.task.hooks.airflow.providers.apache.spark.hooks.spark_submit.SparkSubmitHook","filename":"spark_submit.py","lineno":705}
{"timestamp":"2026-05-20T16:06:59.556411Z","level":"info","event":"at org.apache.spark.scheduler.DAGScheduler.handleTaskSetFailed(DAGScheduler.scala:1206)","logger":"airflow.task.hooks.airflow.providers.apache.spark.hooks.spark_submit.SparkSubmitHook","filename":"spark_submit.py","lineno":705}
{"timestamp":"2026-05-20T16:06:59.556557Z","level":"info","event":"at org.apache.spark.scheduler.DAGSchedulerEventProcessLoop.doOnReceive(DAGScheduler.scala:2984)","logger":"airflow.task.hooks.airflow.providers.apache.spark.hooks.spark_submit.SparkSubmitHook","filename":"spark_submit.py","lineno":705}
{"timestamp":"2026-05-20T16:06:59.556678Z","level":"info","event":"at org.apache.spark.scheduler.DAGSchedulerEventProcessLoop.onReceive(DAGScheduler.scala:2923)","logger":"airflow.task.hooks.airflow.providers.apache.spark.hooks.spark_submit.SparkSubmitHook","filename":"spark_submit.py","lineno":705}
{"timestamp":"2026-05-20T16:06:59.556784Z","level":"info","event":"at org.apache.spark.scheduler.DAGSchedulerEventProcessLoop.onReceive(DAGScheduler.scala:2912)","logger":"airflow.task.hooks.airflow.providers.apache.spark.hooks.spark_submit.SparkSubmitHook","filename":"spark_submit.py","lineno":705}
{"timestamp":"2026-05-20T16:06:59.556890Z","level":"info","event":"at org.apache.spark.util.EventLoop$$anon$1.run(EventLoop.scala:49)","logger":"airflow.task.hooks.airflow.providers.apache.spark.hooks.spark_submit.SparkSubmitHook","filename":"spark_submit.py","lineno":705}
{"timestamp":"2026-05-20T16:06:59.556991Z","level":"info","event":"at org.apache.spark.scheduler.DAGScheduler.runJob(DAGScheduler.scala:971)","logger":"airflow.task.hooks.airflow.providers.apache.spark.hooks.spark_submit.SparkSubmitHook","filename":"spark_submit.py","lineno":705}
{"timestamp":"2026-05-20T16:06:59.557091Z","level":"info","event":"at org.apache.spark.SparkContext.runJob(SparkContext.scala:2263)","logger":"airflow.task.hooks.airflow.providers.apache.spark.hooks.spark_submit.SparkSubmitHook","filename":"spark_submit.py","lineno":705}
{"timestamp":"2026-05-20T16:06:59.557183Z","level":"info","event":"at org.apache.spark.SparkContext.runJob(SparkContext.scala:2284)","logger":"airflow.task.hooks.airflow.providers.apache.spark.hooks.spark_submit.SparkSubmitHook","filename":"spark_submit.py","lineno":705}
{"timestamp":"2026-05-20T16:06:59.557282Z","level":"info","event":"at org.apache.spark.SparkContext.runJob(SparkContext.scala:2303)","logger":"airflow.task.hooks.airflow.providers.apache.spark.hooks.spark_submit.SparkSubmitHook","filename":"spark_submit.py","lineno":705}
{"timestamp":"2026-05-20T16:06:59.557417Z","level":"info","event":"at org.apache.spark.SparkContext.runJob(SparkContext.scala:2328)","logger":"airflow.task.hooks.airflow.providers.apache.spark.hooks.spark_submit.SparkSubmitHook","filename":"spark_submit.py","lineno":705}
{"timestamp":"2026-05-20T16:06:59.557522Z","level":"info","event":"at org.apache.spark.rdd.RDD.$anonfun$collect$1(RDD.scala:1019)","logger":"airflow.task.hooks.airflow.providers.apache.spark.hooks.spark_submit.SparkSubmitHook","filename":"spark_submit.py","lineno":705}
{"timestamp":"2026-05-20T16:06:59.557622Z","level":"info","event":"at org.apache.spark.rdd.RDDOperationScope$.withScope(RDDOperationScope.scala:151)","logger":"airflow.task.hooks.airflow.providers.apache.spark.hooks.spark_submit.SparkSubmitHook","filename":"spark_submit.py","lineno":705}
{"timestamp":"2026-05-20T16:06:59.557724Z","level":"info","event":"at org.apache.spark.rdd.RDDOperationScope$.withScope(RDDOperationScope.scala:112)","logger":"airflow.task.hooks.airflow.providers.apache.spark.hooks.spark_submit.SparkSubmitHook","filename":"spark_submit.py","lineno":705}
{"timestamp":"2026-05-20T16:06:59.557826Z","level":"info","event":"at org.apache.spark.rdd.RDD.withScope(RDD.scala:405)","logger":"airflow.task.hooks.airflow.providers.apache.spark.hooks.spark_submit.SparkSubmitHook","filename":"spark_submit.py","lineno":705}
{"timestamp":"2026-05-20T16:06:59.557932Z","level":"info","event":"at org.apache.spark.rdd.RDD.collect(RDD.scala:1018)","logger":"airflow.task.hooks.airflow.providers.apache.spark.hooks.spark_submit.SparkSubmitHook","filename":"spark_submit.py","lineno":705}
{"timestamp":"2026-05-20T16:06:59.558038Z","level":"info","event":"at org.apache.spark.api.python.PythonRDD$.collectAndServe(PythonRDD.scala:193)","logger":"airflow.task.hooks.airflow.providers.apache.spark.hooks.spark_submit.SparkSubmitHook","filename":"spark_submit.py","lineno":705}
{"timestamp":"2026-05-20T16:06:59.558150Z","level":"info","event":"at org.apache.spark.api.python.PythonRDD.collectAndServe(PythonRDD.scala)","logger":"airflow.task.hooks.airflow.providers.apache.spark.hooks.spark_submit.SparkSubmitHook","filename":"spark_submit.py","lineno":705}
{"timestamp":"2026-05-20T16:06:59.558266Z","level":"info","event":"at java.base/jdk.internal.reflect.NativeMethodAccessorImpl.invoke0(Native Method)","logger":"airflow.task.hooks.airflow.providers.apache.spark.hooks.spark_submit.SparkSubmitHook","filename":"spark_submit.py","lineno":705}
{"timestamp":"2026-05-20T16:06:59.558370Z","level":"info","event":"at java.base/jdk.internal.reflect.NativeMethodAccessorImpl.invoke(NativeMethodAccessorImpl.java:77)","logger":"airflow.task.hooks.airflow.providers.apache.spark.hooks.spark_submit.SparkSubmitHook","filename":"spark_submit.py","lineno":705}
{"timestamp":"2026-05-20T16:06:59.558477Z","level":"info","event":"at java.base/jdk.internal.reflect.DelegatingMethodAccessorImpl.invoke(DelegatingMethodAccessorImpl.java:43)","logger":"airflow.task.hooks.airflow.providers.apache.spark.hooks.spark_submit.SparkSubmitHook","filename":"spark_submit.py","lineno":705}
{"timestamp":"2026-05-20T16:06:59.558642Z","level":"info","event":"at java.base/java.lang.reflect.Method.invoke(Method.java:569)","logger":"airflow.task.hooks.airflow.providers.apache.spark.hooks.spark_submit.SparkSubmitHook","filename":"spark_submit.py","lineno":705}
{"timestamp":"2026-05-20T16:06:59.558760Z","level":"info","event":"at py4j.reflection.MethodInvoker.invoke(MethodInvoker.java:244)","logger":"airflow.task.hooks.airflow.providers.apache.spark.hooks.spark_submit.SparkSubmitHook","filename":"spark_submit.py","lineno":705}
{"timestamp":"2026-05-20T16:06:59.558871Z","level":"info","event":"at py4j.reflection.ReflectionEngine.invoke(ReflectionEngine.java:374)","logger":"airflow.task.hooks.airflow.providers.apache.spark.hooks.spark_submit.SparkSubmitHook","filename":"spark_submit.py","lineno":705}
{"timestamp":"2026-05-20T16:06:59.558967Z","level":"info","event":"at py4j.Gateway.invoke(Gateway.java:282)","logger":"airflow.task.hooks.airflow.providers.apache.spark.hooks.spark_submit.SparkSubmitHook","filename":"spark_submit.py","lineno":705}
{"timestamp":"2026-05-20T16:06:59.559068Z","level":"info","event":"at py4j.commands.AbstractCommand.invokeMethod(AbstractCommand.java:132)","logger":"airflow.task.hooks.airflow.providers.apache.spark.hooks.spark_submit.SparkSubmitHook","filename":"spark_submit.py","lineno":705}
{"timestamp":"2026-05-20T16:06:59.559171Z","level":"info","event":"at py4j.commands.CallCommand.execute(CallCommand.java:79)","logger":"airflow.task.hooks.airflow.providers.apache.spark.hooks.spark_submit.SparkSubmitHook","filename":"spark_submit.py","lineno":705}
{"timestamp":"2026-05-20T16:06:59.559262Z","level":"info","event":"at py4j.ClientServerConnection.waitForCommands(ClientServerConnection.java:182)","logger":"airflow.task.hooks.airflow.providers.apache.spark.hooks.spark_submit.SparkSubmitHook","filename":"spark_submit.py","lineno":705}
{"timestamp":"2026-05-20T16:06:59.559348Z","level":"info","event":"at py4j.ClientServerConnection.run(ClientServerConnection.java:106)","logger":"airflow.task.hooks.airflow.providers.apache.spark.hooks.spark_submit.SparkSubmitHook","filename":"spark_submit.py","lineno":705}
{"timestamp":"2026-05-20T16:06:59.559753Z","level":"info","event":"at java.base/java.lang.Thread.run(Thread.java:840)","logger":"airflow.task.hooks.airflow.providers.apache.spark.hooks.spark_submit.SparkSubmitHook","filename":"spark_submit.py","lineno":705}
{"timestamp":"2026-05-20T16:06:59.561222Z","level":"info","event":"Caused by: org.apache.spark.api.python.PythonException: Traceback (most recent call last):","logger":"airflow.task.hooks.airflow.providers.apache.spark.hooks.spark_submit.SparkSubmitHook","filename":"spark_submit.py","lineno":705}
{"timestamp":"2026-05-20T16:06:59.561541Z","level":"info","event":"File \"/opt/spark/python/lib/pyspark.zip/pyspark/worker.py\", line 830, in main","logger":"airflow.task.hooks.airflow.providers.apache.spark.hooks.spark_submit.SparkSubmitHook","filename":"spark_submit.py","lineno":705}
{"timestamp":"2026-05-20T16:06:59.561705Z","level":"info","event":"process()","logger":"airflow.task.hooks.airflow.providers.apache.spark.hooks.spark_submit.SparkSubmitHook","filename":"spark_submit.py","lineno":705}
{"timestamp":"2026-05-20T16:06:59.561824Z","level":"info","event":"File \"/opt/spark/python/lib/pyspark.zip/pyspark/worker.py\", line 820, in process","logger":"airflow.task.hooks.airflow.providers.apache.spark.hooks.spark_submit.SparkSubmitHook","filename":"spark_submit.py","lineno":705}
{"timestamp":"2026-05-20T16:06:59.561930Z","level":"info","event":"out_iter = func(split_index, iterator)","logger":"airflow.task.hooks.airflow.providers.apache.spark.hooks.spark_submit.SparkSubmitHook","filename":"spark_submit.py","lineno":705}
{"timestamp":"2026-05-20T16:06:59.562029Z","level":"info","event":"File \"/opt/spark/python/lib/pyspark.zip/pyspark/rdd.py\", line 5405, in pipeline_func","logger":"airflow.task.hooks.airflow.providers.apache.spark.hooks.spark_submit.SparkSubmitHook","filename":"spark_submit.py","lineno":705}
{"timestamp":"2026-05-20T16:06:59.562307Z","level":"info","event":"File \"/opt/spark/python/lib/pyspark.zip/pyspark/rdd.py\", line 5405, in pipeline_func","logger":"airflow.task.hooks.airflow.providers.apache.spark.hooks.spark_submit.SparkSubmitHook","filename":"spark_submit.py","lineno":705}
{"timestamp":"2026-05-20T16:06:59.562850Z","level":"info","event":"File \"/opt/spark/python/lib/pyspark.zip/pyspark/rdd.py\", line 828, in func","logger":"airflow.task.hooks.airflow.providers.apache.spark.hooks.spark_submit.SparkSubmitHook","filename":"spark_submit.py","lineno":705}
{"timestamp":"2026-05-20T16:06:59.563492Z","level":"info","event":"File \"/opt/spark/python/lib/pyspark.zip/pyspark/rdd.py\", line 3964, in combineLocally","logger":"airflow.task.hooks.airflow.providers.apache.spark.hooks.spark_submit.SparkSubmitHook","filename":"spark_submit.py","lineno":705}
{"timestamp":"2026-05-20T16:06:59.563681Z","level":"info","event":"File \"/opt/spark/python/lib/pyspark.zip/pyspark/shuffle.py\", line 258, in mergeValues","logger":"airflow.task.hooks.airflow.providers.apache.spark.hooks.spark_submit.SparkSubmitHook","filename":"spark_submit.py","lineno":705}
{"timestamp":"2026-05-20T16:06:59.563806Z","level":"info","event":"d[k] = comb(d[k], v) if k in d else creator(v)","logger":"airflow.task.hooks.airflow.providers.apache.spark.hooks.spark_submit.SparkSubmitHook","filename":"spark_submit.py","lineno":705}
{"timestamp":"2026-05-20T16:06:59.564377Z","level":"info","event":"File \"/opt/spark/python/lib/pyspark.zip/pyspark/util.py\", line 81, in wrapper","logger":"airflow.task.hooks.airflow.providers.apache.spark.hooks.spark_submit.SparkSubmitHook","filename":"spark_submit.py","lineno":705}
{"timestamp":"2026-05-20T16:06:59.564544Z","level":"info","event":"File \"/opt/spark/python/lib/pyspark.zip/pyspark/rdd.py\", line 4034, in <lambda>","logger":"airflow.task.hooks.airflow.providers.apache.spark.hooks.spark_submit.SparkSubmitHook","filename":"spark_submit.py","lineno":705}
{"timestamp":"2026-05-20T16:06:59.564674Z","level":"info","event":"File \"/opt/airflow/jobs/processing.py\", line 88, in seq_func2","logger":"airflow.task.hooks.airflow.providers.apache.spark.hooks.spark_submit.SparkSubmitHook","filename":"spark_submit.py","lineno":705}
{"timestamp":"2026-05-20T16:06:59.564756Z","level":"info","event":"ValueError: could not convert string to float: ','","logger":"airflow.task.hooks.airflow.providers.apache.spark.hooks.spark_submit.SparkSubmitHook","filename":"spark_submit.py","lineno":705}
{"timestamp":"2026-05-20T16:06:59.564855Z","level":"info","event":"","logger":"airflow.task.hooks.airflow.providers.apache.spark.hooks.spark_submit.SparkSubmitHook","filename":"spark_submit.py","lineno":705}
{"timestamp":"2026-05-20T16:06:59.564992Z","level":"info","event":"at org.apache.spark.api.python.BasePythonRunner$ReaderIterator.handlePythonException(PythonRunner.scala:561)","logger":"airflow.task.hooks.airflow.providers.apache.spark.hooks.spark_submit.SparkSubmitHook","filename":"spark_submit.py","lineno":705}
{"timestamp":"2026-05-20T16:06:59.565111Z","level":"info","event":"at org.apache.spark.api.python.PythonRunner$$anon$3.read(PythonRunner.scala:767)","logger":"airflow.task.hooks.airflow.providers.apache.spark.hooks.spark_submit.SparkSubmitHook","filename":"spark_submit.py","lineno":705}
{"timestamp":"2026-05-20T16:06:59.565219Z","level":"info","event":"at org.apache.spark.api.python.PythonRunner$$anon$3.read(PythonRunner.scala:749)","logger":"airflow.task.hooks.airflow.providers.apache.spark.hooks.spark_submit.SparkSubmitHook","filename":"spark_submit.py","lineno":705}
{"timestamp":"2026-05-20T16:06:59.565324Z","level":"info","event":"at org.apache.spark.api.python.BasePythonRunner$ReaderIterator.hasNext(PythonRunner.scala:514)","logger":"airflow.task.hooks.airflow.providers.apache.spark.hooks.spark_submit.SparkSubmitHook","filename":"spark_submit.py","lineno":705}
{"timestamp":"2026-05-20T16:06:59.565689Z","level":"info","event":"at org.apache.spark.InterruptibleIterator.hasNext(InterruptibleIterator.scala:37)","logger":"airflow.task.hooks.airflow.providers.apache.spark.hooks.spark_submit.SparkSubmitHook","filename":"spark_submit.py","lineno":705}
{"timestamp":"2026-05-20T16:06:59.565801Z","level":"info","event":"at scala.collection.Iterator$GroupedIterator.fill(Iterator.scala:1211)","logger":"airflow.task.hooks.airflow.providers.apache.spark.hooks.spark_submit.SparkSubmitHook","filename":"spark_submit.py","lineno":705}
{"timestamp":"2026-05-20T16:06:59.566358Z","level":"info","event":"at scala.collection.Iterator$GroupedIterator.hasNext(Iterator.scala:1217)","logger":"airflow.task.hooks.airflow.providers.apache.spark.hooks.spark_submit.SparkSubmitHook","filename":"spark_submit.py","lineno":705}
{"timestamp":"2026-05-20T16:06:59.566518Z","level":"info","event":"at scala.collection.Iterator$$anon$10.hasNext(Iterator.scala:460)","logger":"airflow.task.hooks.airflow.providers.apache.spark.hooks.spark_submit.SparkSubmitHook","filename":"spark_submit.py","lineno":705}
{"timestamp":"2026-05-20T16:06:59.566621Z","level":"info","event":"at org.apache.spark.shuffle.sort.BypassMergeSortShuffleWriter.write(BypassMergeSortShuffleWriter.java:140)","logger":"airflow.task.hooks.airflow.providers.apache.spark.hooks.spark_submit.SparkSubmitHook","filename":"spark_submit.py","lineno":705}
{"timestamp":"2026-05-20T16:06:59.566715Z","level":"info","event":"at org.apache.spark.shuffle.ShuffleWriteProcessor.write(ShuffleWriteProcessor.scala:59)","logger":"airflow.task.hooks.airflow.providers.apache.spark.hooks.spark_submit.SparkSubmitHook","filename":"spark_submit.py","lineno":705}
{"timestamp":"2026-05-20T16:06:59.566805Z","level":"info","event":"at org.apache.spark.scheduler.ShuffleMapTask.runTask(ShuffleMapTask.scala:101)","logger":"airflow.task.hooks.airflow.providers.apache.spark.hooks.spark_submit.SparkSubmitHook","filename":"spark_submit.py","lineno":705}
{"timestamp":"2026-05-20T16:06:59.566891Z","level":"info","event":"at org.apache.spark.scheduler.ShuffleMapTask.runTask(ShuffleMapTask.scala:53)","logger":"airflow.task.hooks.airflow.providers.apache.spark.hooks.spark_submit.SparkSubmitHook","filename":"spark_submit.py","lineno":705}
{"timestamp":"2026-05-20T16:06:59.567344Z","level":"info","event":"at org.apache.spark.TaskContext.runTaskWithListeners(TaskContext.scala:161)","logger":"airflow.task.hooks.airflow.providers.apache.spark.hooks.spark_submit.SparkSubmitHook","filename":"spark_submit.py","lineno":705}
{"timestamp":"2026-05-20T16:06:59.567672Z","level":"info","event":"at org.apache.spark.scheduler.Task.run(Task.scala:139)","logger":"airflow.task.hooks.airflow.providers.apache.spark.hooks.spark_submit.SparkSubmitHook","filename":"spark_submit.py","lineno":705}
{"timestamp":"2026-05-20T16:06:59.568036Z","level":"info","event":"at org.apache.spark.executor.Executor$TaskRunner.$anonfun$run$3(Executor.scala:554)","logger":"airflow.task.hooks.airflow.providers.apache.spark.hooks.spark_submit.SparkSubmitHook","filename":"spark_submit.py","lineno":705}
{"timestamp":"2026-05-20T16:06:59.568467Z","level":"info","event":"at org.apache.spark.util.Utils$.tryWithSafeFinally(Utils.scala:1529)","logger":"airflow.task.hooks.airflow.providers.apache.spark.hooks.spark_submit.SparkSubmitHook","filename":"spark_submit.py","lineno":705}
{"timestamp":"2026-05-20T16:06:59.568794Z","level":"info","event":"at org.apache.spark.executor.Executor$TaskRunner.run(Executor.scala:557)","logger":"airflow.task.hooks.airflow.providers.apache.spark.hooks.spark_submit.SparkSubmitHook","filename":"spark_submit.py","lineno":705}
{"timestamp":"2026-05-20T16:06:59.569228Z","level":"info","event":"at java.base/java.util.concurrent.ThreadPoolExecutor.runWorker(Unknown Source)","logger":"airflow.task.hooks.airflow.providers.apache.spark.hooks.spark_submit.SparkSubmitHook","filename":"spark_submit.py","lineno":705}
{"timestamp":"2026-05-20T16:06:59.570222Z","level":"info","event":"at java.base/java.util.concurrent.ThreadPoolExecutor$Worker.run(Unknown Source)","logger":"airflow.task.hooks.airflow.providers.apache.spark.hooks.spark_submit.SparkSubmitHook","filename":"spark_submit.py","lineno":705}
{"timestamp":"2026-05-20T16:06:59.570423Z","level":"info","event":"at java.base/java.lang.Thread.run(Unknown Source)","logger":"airflow.task.hooks.airflow.providers.apache.spark.hooks.spark_submit.SparkSubmitHook","filename":"spark_submit.py","lineno":705}
{"timestamp":"2026-05-20T16:06:59.570560Z","level":"info","event":"","logger":"airflow.task.hooks.airflow.providers.apache.spark.hooks.spark_submit.SparkSubmitHook","filename":"spark_submit.py","lineno":705}
{"timestamp":"2026-05-20T16:06:59.885181Z","level":"error","event":"Task failed with exception","logger":"task","filename":"task_runner.py","lineno":1325,"error_detail":[{"exc_type":"AirflowException","exc_value":"Cannot execute: spark-submit --master spark://spark-master:7077 --conf spark.master=spark://spark-master:7077 --conf spark.submit.deployMode=client --name arrow-spark --deploy-mode client /opt/airflow/jobs/processing.py. Error code is: 1.","exc_notes":[],"syntax_error":null,"is_cause":false,"frames":[{"filename":"/home/airflow/.local/lib/python3.10/site-packages/airflow/sdk/execution_time/task_runner.py","lineno":1263,"name":"run"},{"filename":"/home/airflow/.local/lib/python3.10/site-packages/airflow/sdk/execution_time/task_runner.py","lineno":1678,"name":"_execute_task"},{"filename":"/home/airflow/.local/lib/python3.10/site-packages/airflow/sdk/bases/operator.py","lineno":443,"name":"wrapper"},{"filename":"/home/airflow/.local/lib/python3.10/site-packages/airflow/providers/apache/spark/operators/spark_submit.py","lineno":201,"name":"execute"},{"filename":"/home/airflow/.local/lib/python3.10/site-packages/airflow/providers/apache/spark/hooks/spark_submit.py","lineno":625,"name":"submit"}],"is_group":false,"exceptions":[]}]}
