{"timestamp":"2026-05-20T14:21:38.926503Z","level":"info","event":"Filling up the DagBag from /opt/airflow/dags/dag.py","logger":"airflow.dag_processing.dagbag.BundleDagBag","filename":"dagbag.py","lineno":469}
{"timestamp":"2026-05-20T14:21:39.156548Z","level":"info","event":"Inizializzazione del DAG","logger":"root","filename":"dag.py","lineno":19}
{"timestamp":"2026-05-20T14:21:39.161166Z","level":"error","event":"Failed to import: /opt/airflow/dags/dag.py","logger":"airflow.dag_processing.importers.python_importer","filename":"python_importer.py","lineno":244,"error_detail":[{"exc_type":"ValueError","exc_value":"The key 'pre processing' has to be made of alphanumeric characters, dashes, dots, and underscores exclusively","exc_notes":[],"syntax_error":null,"is_cause":false,"frames":[{"filename":"/home/airflow/.local/lib/python3.10/site-packages/airflow/dag_processing/importers/python_importer.py","lineno":238,"name":"parse"},{"filename":"<frozen importlib._bootstrap_external>","lineno":883,"name":"exec_module"},{"filename":"<frozen importlib._bootstrap>","lineno":241,"name":"_call_with_frames_removed"},{"filename":"/opt/airflow/dags/dag.py","lineno":48,"name":"<module>"},{"filename":"/home/airflow/.local/lib/python3.10/site-packages/airflow/sdk/bases/operator.py","lineno":548,"name":"apply_defaults"},{"filename":"/home/airflow/.local/lib/python3.10/site-packages/airflow/providers/apache/spark/operators/spark_submit.py","lineno":152,"name":"__init__"},{"filename":"/home/airflow/.local/lib/python3.10/site-packages/airflow/sdk/bases/operator.py","lineno":548,"name":"apply_defaults"},{"filename":"/home/airflow/.local/lib/python3.10/site-packages/airflow/sdk/bases/operator.py","lineno":1083,"name":"__init__"},{"filename":"/home/airflow/.local/lib/python3.10/site-packages/airflow/sdk/definitions/_internal/node.py","lineno":49,"name":"validate_key"}],"is_group":false,"exceptions":[]}]}
{"timestamp":"2026-05-20T14:21:39.163539Z","level":"error","event":"Error loading DAG from dag.py: The key 'pre processing' has to be made of alphanumeric characters, dashes, dots, and underscores exclusively","logger":"airflow.dag_processing.dagbag.BundleDagBag","filename":"dagbag.py","lineno":327}
{"timestamp":"2026-05-20T14:21:39.163826Z","level":"warning","event":"The `airflow.operators.python.PythonOperator` attribute is deprecated. Please use `'airflow.providers.standard.operators.python.PythonOperator'`.","category":"UserWarning","filename":"/opt/airflow/dags/dag.py","lineno":5,"logger":"py.warnings"}
{"timestamp":"2026-05-20T14:22:09.913936Z","level":"info","event":"Filling up the DagBag from /opt/airflow/dags/dag.py","logger":"airflow.dag_processing.dagbag.BundleDagBag","filename":"dagbag.py","lineno":469}
{"timestamp":"2026-05-20T14:22:10.043118Z","level":"info","event":"Inizializzazione del DAG","logger":"root","filename":"dag.py","lineno":19}
{"timestamp":"2026-05-20T14:22:10.052305Z","level":"error","event":"Failed to import: /opt/airflow/dags/dag.py","logger":"airflow.dag_processing.importers.python_importer","filename":"python_importer.py","lineno":244,"error_detail":[{"exc_type":"ValueError","exc_value":"The key 'pre processing' has to be made of alphanumeric characters, dashes, dots, and underscores exclusively","exc_notes":[],"syntax_error":null,"is_cause":false,"frames":[{"filename":"/home/airflow/.local/lib/python3.10/site-packages/airflow/dag_processing/importers/python_importer.py","lineno":238,"name":"parse"},{"filename":"<frozen importlib._bootstrap_external>","lineno":883,"name":"exec_module"},{"filename":"<frozen importlib._bootstrap>","lineno":241,"name":"_call_with_frames_removed"},{"filename":"/opt/airflow/dags/dag.py","lineno":48,"name":"<module>"},{"filename":"/home/airflow/.local/lib/python3.10/site-packages/airflow/sdk/bases/operator.py","lineno":548,"name":"apply_defaults"},{"filename":"/home/airflow/.local/lib/python3.10/site-packages/airflow/providers/apache/spark/operators/spark_submit.py","lineno":152,"name":"__init__"},{"filename":"/home/airflow/.local/lib/python3.10/site-packages/airflow/sdk/bases/operator.py","lineno":548,"name":"apply_defaults"},{"filename":"/home/airflow/.local/lib/python3.10/site-packages/airflow/sdk/bases/operator.py","lineno":1083,"name":"__init__"},{"filename":"/home/airflow/.local/lib/python3.10/site-packages/airflow/sdk/definitions/_internal/node.py","lineno":49,"name":"validate_key"}],"is_group":false,"exceptions":[]}]}
{"timestamp":"2026-05-20T14:22:10.056647Z","level":"error","event":"Error loading DAG from dag.py: The key 'pre processing' has to be made of alphanumeric characters, dashes, dots, and underscores exclusively","logger":"airflow.dag_processing.dagbag.BundleDagBag","filename":"dagbag.py","lineno":327}
{"timestamp":"2026-05-20T14:22:10.057372Z","level":"warning","event":"The `airflow.operators.python.PythonOperator` attribute is deprecated. Please use `'airflow.providers.standard.operators.python.PythonOperator'`.","category":"UserWarning","filename":"/opt/airflow/dags/dag.py","lineno":5,"logger":"py.warnings"}
{"timestamp":"2026-05-20T14:22:40.571131Z","level":"info","event":"Filling up the DagBag from /opt/airflow/dags/dag.py","logger":"airflow.dag_processing.dagbag.BundleDagBag","filename":"dagbag.py","lineno":469}
{"timestamp":"2026-05-20T14:22:40.642309Z","level":"info","event":"Inizializzazione del DAG","logger":"root","filename":"dag.py","lineno":19}
{"timestamp":"2026-05-20T14:22:40.648240Z","level":"error","event":"Failed to import: /opt/airflow/dags/dag.py","logger":"airflow.dag_processing.importers.python_importer","filename":"python_importer.py","lineno":244,"error_detail":[{"exc_type":"ValueError","exc_value":"The key 'pre processing' has to be made of alphanumeric characters, dashes, dots, and underscores exclusively","exc_notes":[],"syntax_error":null,"is_cause":false,"frames":[{"filename":"/home/airflow/.local/lib/python3.10/site-packages/airflow/dag_processing/importers/python_importer.py","lineno":238,"name":"parse"},{"filename":"<frozen importlib._bootstrap_external>","lineno":883,"name":"exec_module"},{"filename":"<frozen importlib._bootstrap>","lineno":241,"name":"_call_with_frames_removed"},{"filename":"/opt/airflow/dags/dag.py","lineno":48,"name":"<module>"},{"filename":"/home/airflow/.local/lib/python3.10/site-packages/airflow/sdk/bases/operator.py","lineno":548,"name":"apply_defaults"},{"filename":"/home/airflow/.local/lib/python3.10/site-packages/airflow/providers/apache/spark/operators/spark_submit.py","lineno":152,"name":"__init__"},{"filename":"/home/airflow/.local/lib/python3.10/site-packages/airflow/sdk/bases/operator.py","lineno":548,"name":"apply_defaults"},{"filename":"/home/airflow/.local/lib/python3.10/site-packages/airflow/sdk/bases/operator.py","lineno":1083,"name":"__init__"},{"filename":"/home/airflow/.local/lib/python3.10/site-packages/airflow/sdk/definitions/_internal/node.py","lineno":49,"name":"validate_key"}],"is_group":false,"exceptions":[]}]}
{"timestamp":"2026-05-20T14:22:40.651313Z","level":"error","event":"Error loading DAG from dag.py: The key 'pre processing' has to be made of alphanumeric characters, dashes, dots, and underscores exclusively","logger":"airflow.dag_processing.dagbag.BundleDagBag","filename":"dagbag.py","lineno":327}
{"timestamp":"2026-05-20T14:22:40.651619Z","level":"warning","event":"The `airflow.operators.python.PythonOperator` attribute is deprecated. Please use `'airflow.providers.standard.operators.python.PythonOperator'`.","category":"UserWarning","filename":"/opt/airflow/dags/dag.py","lineno":5,"logger":"py.warnings"}
{"timestamp":"2026-05-20T14:23:11.279223Z","level":"info","event":"Filling up the DagBag from /opt/airflow/dags/dag.py","logger":"airflow.dag_processing.dagbag.BundleDagBag","filename":"dagbag.py","lineno":469}
{"timestamp":"2026-05-20T14:23:11.328692Z","level":"info","event":"Inizializzazione del DAG","logger":"root","filename":"dag.py","lineno":19}
{"timestamp":"2026-05-20T14:23:11.334740Z","level":"error","event":"Failed to import: /opt/airflow/dags/dag.py","logger":"airflow.dag_processing.importers.python_importer","filename":"python_importer.py","lineno":244,"error_detail":[{"exc_type":"ValueError","exc_value":"The key 'pre processing' has to be made of alphanumeric characters, dashes, dots, and underscores exclusively","exc_notes":[],"syntax_error":null,"is_cause":false,"frames":[{"filename":"/home/airflow/.local/lib/python3.10/site-packages/airflow/dag_processing/importers/python_importer.py","lineno":238,"name":"parse"},{"filename":"<frozen importlib._bootstrap_external>","lineno":883,"name":"exec_module"},{"filename":"<frozen importlib._bootstrap>","lineno":241,"name":"_call_with_frames_removed"},{"filename":"/opt/airflow/dags/dag.py","lineno":48,"name":"<module>"},{"filename":"/home/airflow/.local/lib/python3.10/site-packages/airflow/sdk/bases/operator.py","lineno":548,"name":"apply_defaults"},{"filename":"/home/airflow/.local/lib/python3.10/site-packages/airflow/providers/apache/spark/operators/spark_submit.py","lineno":152,"name":"__init__"},{"filename":"/home/airflow/.local/lib/python3.10/site-packages/airflow/sdk/bases/operator.py","lineno":548,"name":"apply_defaults"},{"filename":"/home/airflow/.local/lib/python3.10/site-packages/airflow/sdk/bases/operator.py","lineno":1083,"name":"__init__"},{"filename":"/home/airflow/.local/lib/python3.10/site-packages/airflow/sdk/definitions/_internal/node.py","lineno":49,"name":"validate_key"}],"is_group":false,"exceptions":[]}]}
{"timestamp":"2026-05-20T14:23:11.336790Z","level":"error","event":"Error loading DAG from dag.py: The key 'pre processing' has to be made of alphanumeric characters, dashes, dots, and underscores exclusively","logger":"airflow.dag_processing.dagbag.BundleDagBag","filename":"dagbag.py","lineno":327}
{"timestamp":"2026-05-20T14:23:11.337024Z","level":"warning","event":"The `airflow.operators.python.PythonOperator` attribute is deprecated. Please use `'airflow.providers.standard.operators.python.PythonOperator'`.","category":"UserWarning","filename":"/opt/airflow/dags/dag.py","lineno":5,"logger":"py.warnings"}
{"timestamp":"2026-05-20T14:23:23.610038Z","level":"info","event":"Filling up the DagBag from /opt/airflow/dags/dag.py","logger":"airflow.dag_processing.dagbag.BundleDagBag","filename":"dagbag.py","lineno":469}
{"timestamp":"2026-05-20T14:23:23.655905Z","level":"info","event":"Inizializzazione del DAG","logger":"root","filename":"dag.py","lineno":19}
{"timestamp":"2026-05-20T14:23:23.660161Z","level":"warning","event":"The `airflow.operators.python.PythonOperator` attribute is deprecated. Please use `'airflow.providers.standard.operators.python.PythonOperator'`.","category":"UserWarning","filename":"/opt/airflow/dags/dag.py","lineno":5,"logger":"py.warnings"}
{"timestamp":"2026-05-20T14:25:02.836370Z","level":"info","event":"Filling up the DagBag from /opt/airflow/dags/dag.py","logger":"airflow.dag_processing.dagbag.BundleDagBag","filename":"dagbag.py","lineno":469}
{"timestamp":"2026-05-20T14:25:03.006933Z","level":"info","event":"Inizializzazione del DAG","logger":"root","filename":"dag.py","lineno":19}
{"timestamp":"2026-05-20T14:25:03.012349Z","level":"warning","event":"The `airflow.operators.python.PythonOperator` attribute is deprecated. Please use `'airflow.providers.standard.operators.python.PythonOperator'`.","category":"UserWarning","filename":"/opt/airflow/dags/dag.py","lineno":5,"logger":"py.warnings"}
{"timestamp":"2026-05-20T14:25:33.747997Z","level":"info","event":"Filling up the DagBag from /opt/airflow/dags/dag.py","logger":"airflow.dag_processing.dagbag.BundleDagBag","filename":"dagbag.py","lineno":469}
{"timestamp":"2026-05-20T14:25:33.789962Z","level":"info","event":"Inizializzazione del DAG","logger":"root","filename":"dag.py","lineno":19}
{"timestamp":"2026-05-20T14:25:33.792720Z","level":"warning","event":"The `airflow.operators.python.PythonOperator` attribute is deprecated. Please use `'airflow.providers.standard.operators.python.PythonOperator'`.","category":"UserWarning","filename":"/opt/airflow/dags/dag.py","lineno":5,"logger":"py.warnings"}
{"timestamp":"2026-05-20T14:26:04.417607Z","level":"info","event":"Filling up the DagBag from /opt/airflow/dags/dag.py","logger":"airflow.dag_processing.dagbag.BundleDagBag","filename":"dagbag.py","lineno":469}
{"timestamp":"2026-05-20T14:26:04.487338Z","level":"info","event":"Inizializzazione del DAG","logger":"root","filename":"dag.py","lineno":19}
{"timestamp":"2026-05-20T14:26:04.492807Z","level":"warning","event":"The `airflow.operators.python.PythonOperator` attribute is deprecated. Please use `'airflow.providers.standard.operators.python.PythonOperator'`.","category":"UserWarning","filename":"/opt/airflow/dags/dag.py","lineno":5,"logger":"py.warnings"}
{"timestamp":"2026-05-20T14:26:35.097761Z","level":"info","event":"Filling up the DagBag from /opt/airflow/dags/dag.py","logger":"airflow.dag_processing.dagbag.BundleDagBag","filename":"dagbag.py","lineno":469}
{"timestamp":"2026-05-20T14:26:35.135122Z","level":"info","event":"Inizializzazione del DAG","logger":"root","filename":"dag.py","lineno":19}
{"timestamp":"2026-05-20T14:26:35.138411Z","level":"warning","event":"The `airflow.operators.python.PythonOperator` attribute is deprecated. Please use `'airflow.providers.standard.operators.python.PythonOperator'`.","category":"UserWarning","filename":"/opt/airflow/dags/dag.py","lineno":5,"logger":"py.warnings"}
{"timestamp":"2026-05-20T14:27:05.730561Z","level":"info","event":"Filling up the DagBag from /opt/airflow/dags/dag.py","logger":"airflow.dag_processing.dagbag.BundleDagBag","filename":"dagbag.py","lineno":469}
{"timestamp":"2026-05-20T14:27:05.772690Z","level":"info","event":"Inizializzazione del DAG","logger":"root","filename":"dag.py","lineno":19}
{"timestamp":"2026-05-20T14:27:05.776834Z","level":"warning","event":"The `airflow.operators.python.PythonOperator` attribute is deprecated. Please use `'airflow.providers.standard.operators.python.PythonOperator'`.","category":"UserWarning","filename":"/opt/airflow/dags/dag.py","lineno":5,"logger":"py.warnings"}
{"timestamp":"2026-05-20T14:27:36.405459Z","level":"info","event":"Filling up the DagBag from /opt/airflow/dags/dag.py","logger":"airflow.dag_processing.dagbag.BundleDagBag","filename":"dagbag.py","lineno":469}
{"timestamp":"2026-05-20T14:27:36.443052Z","level":"info","event":"Inizializzazione del DAG","logger":"root","filename":"dag.py","lineno":19}
{"timestamp":"2026-05-20T14:27:36.446513Z","level":"warning","event":"The `airflow.operators.python.PythonOperator` attribute is deprecated. Please use `'airflow.providers.standard.operators.python.PythonOperator'`.","category":"UserWarning","filename":"/opt/airflow/dags/dag.py","lineno":5,"logger":"py.warnings"}
{"timestamp":"2026-05-20T14:28:07.146747Z","level":"info","event":"Filling up the DagBag from /opt/airflow/dags/dag.py","logger":"airflow.dag_processing.dagbag.BundleDagBag","filename":"dagbag.py","lineno":469}
{"timestamp":"2026-05-20T14:28:07.184908Z","level":"info","event":"Inizializzazione del DAG","logger":"root","filename":"dag.py","lineno":19}
{"timestamp":"2026-05-20T14:28:07.188882Z","level":"warning","event":"The `airflow.operators.python.PythonOperator` attribute is deprecated. Please use `'airflow.providers.standard.operators.python.PythonOperator'`.","category":"UserWarning","filename":"/opt/airflow/dags/dag.py","lineno":5,"logger":"py.warnings"}
{"timestamp":"2026-05-20T14:28:37.811281Z","level":"info","event":"Filling up the DagBag from /opt/airflow/dags/dag.py","logger":"airflow.dag_processing.dagbag.BundleDagBag","filename":"dagbag.py","lineno":469}
{"timestamp":"2026-05-20T14:28:37.848315Z","level":"info","event":"Inizializzazione del DAG","logger":"root","filename":"dag.py","lineno":19}
{"timestamp":"2026-05-20T14:28:37.852235Z","level":"warning","event":"The `airflow.operators.python.PythonOperator` attribute is deprecated. Please use `'airflow.providers.standard.operators.python.PythonOperator'`.","category":"UserWarning","filename":"/opt/airflow/dags/dag.py","lineno":5,"logger":"py.warnings"}
{"timestamp":"2026-05-20T14:29:08.520619Z","level":"info","event":"Filling up the DagBag from /opt/airflow/dags/dag.py","logger":"airflow.dag_processing.dagbag.BundleDagBag","filename":"dagbag.py","lineno":469}
{"timestamp":"2026-05-20T14:29:08.564101Z","level":"info","event":"Inizializzazione del DAG","logger":"root","filename":"dag.py","lineno":19}
{"timestamp":"2026-05-20T14:29:08.568009Z","level":"warning","event":"The `airflow.operators.python.PythonOperator` attribute is deprecated. Please use `'airflow.providers.standard.operators.python.PythonOperator'`.","category":"UserWarning","filename":"/opt/airflow/dags/dag.py","lineno":5,"logger":"py.warnings"}
{"timestamp":"2026-05-20T14:29:39.240490Z","level":"info","event":"Filling up the DagBag from /opt/airflow/dags/dag.py","logger":"airflow.dag_processing.dagbag.BundleDagBag","filename":"dagbag.py","lineno":469}
{"timestamp":"2026-05-20T14:29:39.278000Z","level":"info","event":"Inizializzazione del DAG","logger":"root","filename":"dag.py","lineno":19}
{"timestamp":"2026-05-20T14:29:39.281260Z","level":"warning","event":"The `airflow.operators.python.PythonOperator` attribute is deprecated. Please use `'airflow.providers.standard.operators.python.PythonOperator'`.","category":"UserWarning","filename":"/opt/airflow/dags/dag.py","lineno":5,"logger":"py.warnings"}
{"timestamp":"2026-05-20T14:30:09.769155Z","level":"info","event":"Filling up the DagBag from /opt/airflow/dags/dag.py","logger":"airflow.dag_processing.dagbag.BundleDagBag","filename":"dagbag.py","lineno":469}
{"timestamp":"2026-05-20T14:30:09.813781Z","level":"info","event":"Inizializzazione del DAG","logger":"root","filename":"dag.py","lineno":19}
{"timestamp":"2026-05-20T14:30:09.818091Z","level":"warning","event":"The `airflow.operators.python.PythonOperator` attribute is deprecated. Please use `'airflow.providers.standard.operators.python.PythonOperator'`.","category":"UserWarning","filename":"/opt/airflow/dags/dag.py","lineno":5,"logger":"py.warnings"}
{"timestamp":"2026-05-20T14:30:40.497126Z","level":"info","event":"Filling up the DagBag from /opt/airflow/dags/dag.py","logger":"airflow.dag_processing.dagbag.BundleDagBag","filename":"dagbag.py","lineno":469}
{"timestamp":"2026-05-20T14:30:40.652684Z","level":"info","event":"Inizializzazione del DAG","logger":"root","filename":"dag.py","lineno":19}
{"timestamp":"2026-05-20T14:30:40.655682Z","level":"warning","event":"The `airflow.operators.python.PythonOperator` attribute is deprecated. Please use `'airflow.providers.standard.operators.python.PythonOperator'`.","category":"UserWarning","filename":"/opt/airflow/dags/dag.py","lineno":5,"logger":"py.warnings"}
{"timestamp":"2026-05-20T14:31:11.287647Z","level":"info","event":"Filling up the DagBag from /opt/airflow/dags/dag.py","logger":"airflow.dag_processing.dagbag.BundleDagBag","filename":"dagbag.py","lineno":469}
{"timestamp":"2026-05-20T14:31:11.345146Z","level":"info","event":"Inizializzazione del DAG","logger":"root","filename":"dag.py","lineno":19}
{"timestamp":"2026-05-20T14:31:11.351789Z","level":"warning","event":"The `airflow.operators.python.PythonOperator` attribute is deprecated. Please use `'airflow.providers.standard.operators.python.PythonOperator'`.","category":"UserWarning","filename":"/opt/airflow/dags/dag.py","lineno":5,"logger":"py.warnings"}
{"timestamp":"2026-05-20T14:31:41.900650Z","level":"info","event":"Filling up the DagBag from /opt/airflow/dags/dag.py","logger":"airflow.dag_processing.dagbag.BundleDagBag","filename":"dagbag.py","lineno":469}
{"timestamp":"2026-05-20T14:31:41.934976Z","level":"info","event":"Inizializzazione del DAG","logger":"root","filename":"dag.py","lineno":19}
{"timestamp":"2026-05-20T14:31:41.937895Z","level":"warning","event":"The `airflow.operators.python.PythonOperator` attribute is deprecated. Please use `'airflow.providers.standard.operators.python.PythonOperator'`.","category":"UserWarning","filename":"/opt/airflow/dags/dag.py","lineno":5,"logger":"py.warnings"}
{"timestamp":"2026-05-20T14:32:12.522321Z","level":"info","event":"Filling up the DagBag from /opt/airflow/dags/dag.py","logger":"airflow.dag_processing.dagbag.BundleDagBag","filename":"dagbag.py","lineno":469}
{"timestamp":"2026-05-20T14:32:12.559724Z","level":"info","event":"Inizializzazione del DAG","logger":"root","filename":"dag.py","lineno":19}
{"timestamp":"2026-05-20T14:32:12.563653Z","level":"warning","event":"The `airflow.operators.python.PythonOperator` attribute is deprecated. Please use `'airflow.providers.standard.operators.python.PythonOperator'`.","category":"UserWarning","filename":"/opt/airflow/dags/dag.py","lineno":5,"logger":"py.warnings"}
{"timestamp":"2026-05-20T14:32:43.110801Z","level":"info","event":"Filling up the DagBag from /opt/airflow/dags/dag.py","logger":"airflow.dag_processing.dagbag.BundleDagBag","filename":"dagbag.py","lineno":469}
{"timestamp":"2026-05-20T14:32:43.154365Z","level":"info","event":"Inizializzazione del DAG","logger":"root","filename":"dag.py","lineno":19}
{"timestamp":"2026-05-20T14:32:43.157697Z","level":"warning","event":"The `airflow.operators.python.PythonOperator` attribute is deprecated. Please use `'airflow.providers.standard.operators.python.PythonOperator'`.","category":"UserWarning","filename":"/opt/airflow/dags/dag.py","lineno":5,"logger":"py.warnings"}
{"timestamp":"2026-05-20T14:33:13.797018Z","level":"info","event":"Filling up the DagBag from /opt/airflow/dags/dag.py","logger":"airflow.dag_processing.dagbag.BundleDagBag","filename":"dagbag.py","lineno":469}
{"timestamp":"2026-05-20T14:33:13.835342Z","level":"info","event":"Inizializzazione del DAG","logger":"root","filename":"dag.py","lineno":19}
{"timestamp":"2026-05-20T14:33:13.841826Z","level":"warning","event":"The `airflow.operators.python.PythonOperator` attribute is deprecated. Please use `'airflow.providers.standard.operators.python.PythonOperator'`.","category":"UserWarning","filename":"/opt/airflow/dags/dag.py","lineno":5,"logger":"py.warnings"}
{"timestamp":"2026-05-20T14:33:44.555384Z","level":"info","event":"Filling up the DagBag from /opt/airflow/dags/dag.py","logger":"airflow.dag_processing.dagbag.BundleDagBag","filename":"dagbag.py","lineno":469}
{"timestamp":"2026-05-20T14:33:44.616047Z","level":"info","event":"Inizializzazione del DAG","logger":"root","filename":"dag.py","lineno":19}
{"timestamp":"2026-05-20T14:33:44.620690Z","level":"warning","event":"The `airflow.operators.python.PythonOperator` attribute is deprecated. Please use `'airflow.providers.standard.operators.python.PythonOperator'`.","category":"UserWarning","filename":"/opt/airflow/dags/dag.py","lineno":5,"logger":"py.warnings"}
{"timestamp":"2026-05-20T14:34:15.379492Z","level":"info","event":"Filling up the DagBag from /opt/airflow/dags/dag.py","logger":"airflow.dag_processing.dagbag.BundleDagBag","filename":"dagbag.py","lineno":469}
{"timestamp":"2026-05-20T14:34:15.419479Z","level":"info","event":"Inizializzazione del DAG","logger":"root","filename":"dag.py","lineno":19}
{"timestamp":"2026-05-20T14:34:15.423517Z","level":"warning","event":"The `airflow.operators.python.PythonOperator` attribute is deprecated. Please use `'airflow.providers.standard.operators.python.PythonOperator'`.","category":"UserWarning","filename":"/opt/airflow/dags/dag.py","lineno":5,"logger":"py.warnings"}
{"timestamp":"2026-05-20T14:34:46.014213Z","level":"info","event":"Filling up the DagBag from /opt/airflow/dags/dag.py","logger":"airflow.dag_processing.dagbag.BundleDagBag","filename":"dagbag.py","lineno":469}
{"timestamp":"2026-05-20T14:34:46.053841Z","level":"info","event":"Inizializzazione del DAG","logger":"root","filename":"dag.py","lineno":19}
{"timestamp":"2026-05-20T14:34:46.058608Z","level":"warning","event":"The `airflow.operators.python.PythonOperator` attribute is deprecated. Please use `'airflow.providers.standard.operators.python.PythonOperator'`.","category":"UserWarning","filename":"/opt/airflow/dags/dag.py","lineno":5,"logger":"py.warnings"}
{"timestamp":"2026-05-20T14:35:16.642796Z","level":"info","event":"Filling up the DagBag from /opt/airflow/dags/dag.py","logger":"airflow.dag_processing.dagbag.BundleDagBag","filename":"dagbag.py","lineno":469}
{"timestamp":"2026-05-20T14:35:16.682295Z","level":"info","event":"Inizializzazione del DAG","logger":"root","filename":"dag.py","lineno":19}
{"timestamp":"2026-05-20T14:35:16.685588Z","level":"warning","event":"The `airflow.operators.python.PythonOperator` attribute is deprecated. Please use `'airflow.providers.standard.operators.python.PythonOperator'`.","category":"UserWarning","filename":"/opt/airflow/dags/dag.py","lineno":5,"logger":"py.warnings"}
{"timestamp":"2026-05-20T14:35:47.349927Z","level":"info","event":"Filling up the DagBag from /opt/airflow/dags/dag.py","logger":"airflow.dag_processing.dagbag.BundleDagBag","filename":"dagbag.py","lineno":469}
{"timestamp":"2026-05-20T14:35:47.391174Z","level":"info","event":"Inizializzazione del DAG","logger":"root","filename":"dag.py","lineno":19}
{"timestamp":"2026-05-20T14:35:47.394662Z","level":"warning","event":"The `airflow.operators.python.PythonOperator` attribute is deprecated. Please use `'airflow.providers.standard.operators.python.PythonOperator'`.","category":"UserWarning","filename":"/opt/airflow/dags/dag.py","lineno":5,"logger":"py.warnings"}
{"timestamp":"2026-05-20T14:36:18.023298Z","level":"info","event":"Filling up the DagBag from /opt/airflow/dags/dag.py","logger":"airflow.dag_processing.dagbag.BundleDagBag","filename":"dagbag.py","lineno":469}
{"timestamp":"2026-05-20T14:36:18.059458Z","level":"info","event":"Inizializzazione del DAG","logger":"root","filename":"dag.py","lineno":19}
{"timestamp":"2026-05-20T14:36:18.062978Z","level":"warning","event":"The `airflow.operators.python.PythonOperator` attribute is deprecated. Please use `'airflow.providers.standard.operators.python.PythonOperator'`.","category":"UserWarning","filename":"/opt/airflow/dags/dag.py","lineno":5,"logger":"py.warnings"}
{"timestamp":"2026-05-20T14:36:26.329469Z","level":"info","event":"Filling up the DagBag from /opt/airflow/dags/dag.py","logger":"airflow.dag_processing.dagbag.BundleDagBag","filename":"dagbag.py","lineno":469}
{"timestamp":"2026-05-20T14:36:26.384470Z","level":"info","event":"Inizializzazione del DAG","logger":"root","filename":"dag.py","lineno":19}
{"timestamp":"2026-05-20T14:36:26.388891Z","level":"warning","event":"The `airflow.operators.python.PythonOperator` attribute is deprecated. Please use `'airflow.providers.standard.operators.python.PythonOperator'`.","category":"UserWarning","filename":"/opt/airflow/dags/dag.py","lineno":5,"logger":"py.warnings"}
{"timestamp":"2026-05-20T14:36:56.968461Z","level":"info","event":"Filling up the DagBag from /opt/airflow/dags/dag.py","logger":"airflow.dag_processing.dagbag.BundleDagBag","filename":"dagbag.py","lineno":469}
{"timestamp":"2026-05-20T14:36:57.009673Z","level":"info","event":"Inizializzazione del DAG","logger":"root","filename":"dag.py","lineno":19}
{"timestamp":"2026-05-20T14:36:57.013020Z","level":"warning","event":"The `airflow.operators.python.PythonOperator` attribute is deprecated. Please use `'airflow.providers.standard.operators.python.PythonOperator'`.","category":"UserWarning","filename":"/opt/airflow/dags/dag.py","lineno":5,"logger":"py.warnings"}
{"timestamp":"2026-05-20T14:37:27.482498Z","level":"info","event":"Filling up the DagBag from /opt/airflow/dags/dag.py","logger":"airflow.dag_processing.dagbag.BundleDagBag","filename":"dagbag.py","lineno":469}
{"timestamp":"2026-05-20T14:37:27.537382Z","level":"info","event":"Inizializzazione del DAG","logger":"root","filename":"dag.py","lineno":19}
{"timestamp":"2026-05-20T14:37:27.541406Z","level":"warning","event":"The `airflow.operators.python.PythonOperator` attribute is deprecated. Please use `'airflow.providers.standard.operators.python.PythonOperator'`.","category":"UserWarning","filename":"/opt/airflow/dags/dag.py","lineno":5,"logger":"py.warnings"}
{"timestamp":"2026-05-20T14:37:58.057558Z","level":"info","event":"Filling up the DagBag from /opt/airflow/dags/dag.py","logger":"airflow.dag_processing.dagbag.BundleDagBag","filename":"dagbag.py","lineno":469}
{"timestamp":"2026-05-20T14:37:58.106139Z","level":"info","event":"Inizializzazione del DAG","logger":"root","filename":"dag.py","lineno":19}
{"timestamp":"2026-05-20T14:37:58.110654Z","level":"warning","event":"The `airflow.operators.python.PythonOperator` attribute is deprecated. Please use `'airflow.providers.standard.operators.python.PythonOperator'`.","category":"UserWarning","filename":"/opt/airflow/dags/dag.py","lineno":5,"logger":"py.warnings"}
{"timestamp":"2026-05-20T14:39:38.220193Z","level":"info","event":"Filling up the DagBag from /opt/airflow/dags/dag.py","logger":"airflow.dag_processing.dagbag.BundleDagBag","filename":"dagbag.py","lineno":469}
{"timestamp":"2026-05-20T14:39:38.455438Z","level":"info","event":"Inizializzazione del DAG","logger":"root","filename":"dag.py","lineno":19}
{"timestamp":"2026-05-20T14:39:38.461262Z","level":"warning","event":"The `airflow.operators.python.PythonOperator` attribute is deprecated. Please use `'airflow.providers.standard.operators.python.PythonOperator'`.","category":"UserWarning","filename":"/opt/airflow/dags/dag.py","lineno":5,"logger":"py.warnings"}
{"timestamp":"2026-05-20T14:40:09.226344Z","level":"info","event":"Filling up the DagBag from /opt/airflow/dags/dag.py","logger":"airflow.dag_processing.dagbag.BundleDagBag","filename":"dagbag.py","lineno":469}
{"timestamp":"2026-05-20T14:40:09.267833Z","level":"info","event":"Inizializzazione del DAG","logger":"root","filename":"dag.py","lineno":19}
{"timestamp":"2026-05-20T14:40:09.270895Z","level":"warning","event":"The `airflow.operators.python.PythonOperator` attribute is deprecated. Please use `'airflow.providers.standard.operators.python.PythonOperator'`.","category":"UserWarning","filename":"/opt/airflow/dags/dag.py","lineno":5,"logger":"py.warnings"}
{"timestamp":"2026-05-20T14:40:39.867016Z","level":"info","event":"Filling up the DagBag from /opt/airflow/dags/dag.py","logger":"airflow.dag_processing.dagbag.BundleDagBag","filename":"dagbag.py","lineno":469}
{"timestamp":"2026-05-20T14:40:39.919357Z","level":"info","event":"Inizializzazione del DAG","logger":"root","filename":"dag.py","lineno":19}
{"timestamp":"2026-05-20T14:40:39.923691Z","level":"warning","event":"The `airflow.operators.python.PythonOperator` attribute is deprecated. Please use `'airflow.providers.standard.operators.python.PythonOperator'`.","category":"UserWarning","filename":"/opt/airflow/dags/dag.py","lineno":5,"logger":"py.warnings"}
{"timestamp":"2026-05-20T14:41:10.524543Z","level":"info","event":"Filling up the DagBag from /opt/airflow/dags/dag.py","logger":"airflow.dag_processing.dagbag.BundleDagBag","filename":"dagbag.py","lineno":469}
{"timestamp":"2026-05-20T14:41:10.566562Z","level":"info","event":"Inizializzazione del DAG","logger":"root","filename":"dag.py","lineno":19}
{"timestamp":"2026-05-20T14:41:10.570269Z","level":"warning","event":"The `airflow.operators.python.PythonOperator` attribute is deprecated. Please use `'airflow.providers.standard.operators.python.PythonOperator'`.","category":"UserWarning","filename":"/opt/airflow/dags/dag.py","lineno":5,"logger":"py.warnings"}
{"timestamp":"2026-05-20T14:41:41.197590Z","level":"info","event":"Filling up the DagBag from /opt/airflow/dags/dag.py","logger":"airflow.dag_processing.dagbag.BundleDagBag","filename":"dagbag.py","lineno":469}
{"timestamp":"2026-05-20T14:41:41.237930Z","level":"info","event":"Inizializzazione del DAG","logger":"root","filename":"dag.py","lineno":19}
{"timestamp":"2026-05-20T14:41:41.242521Z","level":"warning","event":"The `airflow.operators.python.PythonOperator` attribute is deprecated. Please use `'airflow.providers.standard.operators.python.PythonOperator'`.","category":"UserWarning","filename":"/opt/airflow/dags/dag.py","lineno":5,"logger":"py.warnings"}
{"timestamp":"2026-05-20T14:42:11.776045Z","level":"info","event":"Filling up the DagBag from /opt/airflow/dags/dag.py","logger":"airflow.dag_processing.dagbag.BundleDagBag","filename":"dagbag.py","lineno":469}
{"timestamp":"2026-05-20T14:42:11.820225Z","level":"info","event":"Inizializzazione del DAG","logger":"root","filename":"dag.py","lineno":19}
{"timestamp":"2026-05-20T14:42:11.824487Z","level":"warning","event":"The `airflow.operators.python.PythonOperator` attribute is deprecated. Please use `'airflow.providers.standard.operators.python.PythonOperator'`.","category":"UserWarning","filename":"/opt/airflow/dags/dag.py","lineno":5,"logger":"py.warnings"}
{"timestamp":"2026-05-20T14:42:25.188822Z","level":"info","event":"Filling up the DagBag from /opt/airflow/dags/dag.py","logger":"airflow.dag_processing.dagbag.BundleDagBag","filename":"dagbag.py","lineno":469}
{"timestamp":"2026-05-20T14:42:25.221650Z","level":"info","event":"Inizializzazione del DAG","logger":"root","filename":"dag.py","lineno":18}
{"timestamp":"2026-05-20T14:42:55.808761Z","level":"info","event":"Filling up the DagBag from /opt/airflow/dags/dag.py","logger":"airflow.dag_processing.dagbag.BundleDagBag","filename":"dagbag.py","lineno":469}
{"timestamp":"2026-05-20T14:42:55.827673Z","level":"info","event":"Inizializzazione del DAG","logger":"root","filename":"dag.py","lineno":18}
{"timestamp":"2026-05-20T14:43:26.499102Z","level":"info","event":"Filling up the DagBag from /opt/airflow/dags/dag.py","logger":"airflow.dag_processing.dagbag.BundleDagBag","filename":"dagbag.py","lineno":469}
{"timestamp":"2026-05-20T14:43:26.517639Z","level":"info","event":"Inizializzazione del DAG","logger":"root","filename":"dag.py","lineno":18}
{"timestamp":"2026-05-20T14:43:56.993142Z","level":"info","event":"Filling up the DagBag from /opt/airflow/dags/dag.py","logger":"airflow.dag_processing.dagbag.BundleDagBag","filename":"dagbag.py","lineno":469}
{"timestamp":"2026-05-20T14:43:57.007723Z","level":"info","event":"Inizializzazione del DAG","logger":"root","filename":"dag.py","lineno":18}
{"timestamp":"2026-05-20T14:44:27.662325Z","level":"info","event":"Filling up the DagBag from /opt/airflow/dags/dag.py","logger":"airflow.dag_processing.dagbag.BundleDagBag","filename":"dagbag.py","lineno":469}
{"timestamp":"2026-05-20T14:44:27.677789Z","level":"info","event":"Inizializzazione del DAG","logger":"root","filename":"dag.py","lineno":18}
{"timestamp":"2026-05-20T14:44:58.515438Z","level":"info","event":"Filling up the DagBag from /opt/airflow/dags/dag.py","logger":"airflow.dag_processing.dagbag.BundleDagBag","filename":"dagbag.py","lineno":469}
{"timestamp":"2026-05-20T14:44:58.542458Z","level":"info","event":"Inizializzazione del DAG","logger":"root","filename":"dag.py","lineno":18}
{"timestamp":"2026-05-20T14:45:29.429071Z","level":"info","event":"Filling up the DagBag from /opt/airflow/dags/dag.py","logger":"airflow.dag_processing.dagbag.BundleDagBag","filename":"dagbag.py","lineno":469}
{"timestamp":"2026-05-20T14:45:29.447719Z","level":"info","event":"Inizializzazione del DAG","logger":"root","filename":"dag.py","lineno":18}
{"timestamp":"2026-05-20T14:46:00.207767Z","level":"info","event":"Filling up the DagBag from /opt/airflow/dags/dag.py","logger":"airflow.dag_processing.dagbag.BundleDagBag","filename":"dagbag.py","lineno":469}
{"timestamp":"2026-05-20T14:46:00.223858Z","level":"info","event":"Inizializzazione del DAG","logger":"root","filename":"dag.py","lineno":18}
{"timestamp":"2026-05-20T14:46:30.840709Z","level":"info","event":"Filling up the DagBag from /opt/airflow/dags/dag.py","logger":"airflow.dag_processing.dagbag.BundleDagBag","filename":"dagbag.py","lineno":469}
{"timestamp":"2026-05-20T14:46:30.854169Z","level":"info","event":"Inizializzazione del DAG","logger":"root","filename":"dag.py","lineno":18}
{"timestamp":"2026-05-20T14:47:01.594412Z","level":"info","event":"Filling up the DagBag from /opt/airflow/dags/dag.py","logger":"airflow.dag_processing.dagbag.BundleDagBag","filename":"dagbag.py","lineno":469}
{"timestamp":"2026-05-20T14:47:01.608266Z","level":"info","event":"Inizializzazione del DAG","logger":"root","filename":"dag.py","lineno":18}
{"timestamp":"2026-05-20T14:47:32.216150Z","level":"info","event":"Filling up the DagBag from /opt/airflow/dags/dag.py","logger":"airflow.dag_processing.dagbag.BundleDagBag","filename":"dagbag.py","lineno":469}
{"timestamp":"2026-05-20T14:47:32.227053Z","level":"info","event":"Inizializzazione del DAG","logger":"root","filename":"dag.py","lineno":18}
{"timestamp":"2026-05-20T14:48:02.811927Z","level":"info","event":"Filling up the DagBag from /opt/airflow/dags/dag.py","logger":"airflow.dag_processing.dagbag.BundleDagBag","filename":"dagbag.py","lineno":469}
{"timestamp":"2026-05-20T14:48:02.826032Z","level":"info","event":"Inizializzazione del DAG","logger":"root","filename":"dag.py","lineno":18}
{"timestamp":"2026-05-20T14:48:19.194577Z","level":"info","event":"Filling up the DagBag from /opt/airflow/dags/dag.py","logger":"airflow.dag_processing.dagbag.BundleDagBag","filename":"dagbag.py","lineno":469}
{"timestamp":"2026-05-20T14:48:19.215457Z","level":"info","event":"Inizializzazione del DAG","logger":"root","filename":"dag.py","lineno":18}
{"timestamp":"2026-05-20T14:50:09.109395Z","level":"info","event":"Filling up the DagBag from /opt/airflow/dags/dag.py","logger":"airflow.dag_processing.dagbag.BundleDagBag","filename":"dagbag.py","lineno":469}
{"timestamp":"2026-05-20T14:50:09.127375Z","level":"info","event":"Inizializzazione del DAG","logger":"root","filename":"dag.py","lineno":18}
{"timestamp":"2026-05-20T14:50:39.912190Z","level":"info","event":"Filling up the DagBag from /opt/airflow/dags/dag.py","logger":"airflow.dag_processing.dagbag.BundleDagBag","filename":"dagbag.py","lineno":469}
{"timestamp":"2026-05-20T14:50:39.923529Z","level":"info","event":"Inizializzazione del DAG","logger":"root","filename":"dag.py","lineno":18}
{"timestamp":"2026-05-20T14:51:10.440256Z","level":"info","event":"Filling up the DagBag from /opt/airflow/dags/dag.py","logger":"airflow.dag_processing.dagbag.BundleDagBag","filename":"dagbag.py","lineno":469}
{"timestamp":"2026-05-20T14:51:10.459069Z","level":"info","event":"Inizializzazione del DAG","logger":"root","filename":"dag.py","lineno":18}
{"timestamp":"2026-05-20T14:51:40.897598Z","level":"info","event":"Filling up the DagBag from /opt/airflow/dags/dag.py","logger":"airflow.dag_processing.dagbag.BundleDagBag","filename":"dagbag.py","lineno":469}
{"timestamp":"2026-05-20T14:51:40.914876Z","level":"info","event":"Inizializzazione del DAG","logger":"root","filename":"dag.py","lineno":18}
{"timestamp":"2026-05-20T14:52:11.489801Z","level":"info","event":"Filling up the DagBag from /opt/airflow/dags/dag.py","logger":"airflow.dag_processing.dagbag.BundleDagBag","filename":"dagbag.py","lineno":469}
{"timestamp":"2026-05-20T14:52:11.504981Z","level":"info","event":"Inizializzazione del DAG","logger":"root","filename":"dag.py","lineno":18}
{"timestamp":"2026-05-20T14:52:42.198826Z","level":"info","event":"Filling up the DagBag from /opt/airflow/dags/dag.py","logger":"airflow.dag_processing.dagbag.BundleDagBag","filename":"dagbag.py","lineno":469}
{"timestamp":"2026-05-20T14:52:42.217615Z","level":"info","event":"Inizializzazione del DAG","logger":"root","filename":"dag.py","lineno":18}
{"timestamp":"2026-05-20T14:53:12.879001Z","level":"info","event":"Filling up the DagBag from /opt/airflow/dags/dag.py","logger":"airflow.dag_processing.dagbag.BundleDagBag","filename":"dagbag.py","lineno":469}
{"timestamp":"2026-05-20T14:53:12.891677Z","level":"info","event":"Inizializzazione del DAG","logger":"root","filename":"dag.py","lineno":18}
{"timestamp":"2026-05-20T14:53:43.534224Z","level":"info","event":"Filling up the DagBag from /opt/airflow/dags/dag.py","logger":"airflow.dag_processing.dagbag.BundleDagBag","filename":"dagbag.py","lineno":469}
{"timestamp":"2026-05-20T14:53:43.551811Z","level":"info","event":"Inizializzazione del DAG","logger":"root","filename":"dag.py","lineno":18}
{"timestamp":"2026-05-20T14:54:14.131127Z","level":"info","event":"Filling up the DagBag from /opt/airflow/dags/dag.py","logger":"airflow.dag_processing.dagbag.BundleDagBag","filename":"dagbag.py","lineno":469}
{"timestamp":"2026-05-20T14:54:14.145310Z","level":"info","event":"Inizializzazione del DAG","logger":"root","filename":"dag.py","lineno":18}
{"timestamp":"2026-05-20T14:54:44.657284Z","level":"info","event":"Filling up the DagBag from /opt/airflow/dags/dag.py","logger":"airflow.dag_processing.dagbag.BundleDagBag","filename":"dagbag.py","lineno":469}
{"timestamp":"2026-05-20T14:54:44.670584Z","level":"info","event":"Inizializzazione del DAG","logger":"root","filename":"dag.py","lineno":18}
{"timestamp":"2026-05-20T14:55:15.284607Z","level":"info","event":"Filling up the DagBag from /opt/airflow/dags/dag.py","logger":"airflow.dag_processing.dagbag.BundleDagBag","filename":"dagbag.py","lineno":469}
{"timestamp":"2026-05-20T14:55:15.299223Z","level":"info","event":"Inizializzazione del DAG","logger":"root","filename":"dag.py","lineno":18}
{"timestamp":"2026-05-20T14:55:45.900911Z","level":"info","event":"Filling up the DagBag from /opt/airflow/dags/dag.py","logger":"airflow.dag_processing.dagbag.BundleDagBag","filename":"dagbag.py","lineno":469}
{"timestamp":"2026-05-20T14:55:45.914230Z","level":"info","event":"Inizializzazione del DAG","logger":"root","filename":"dag.py","lineno":18}
{"timestamp":"2026-05-20T14:56:16.548834Z","level":"info","event":"Filling up the DagBag from /opt/airflow/dags/dag.py","logger":"airflow.dag_processing.dagbag.BundleDagBag","filename":"dagbag.py","lineno":469}
{"timestamp":"2026-05-20T14:56:16.562975Z","level":"info","event":"Inizializzazione del DAG","logger":"root","filename":"dag.py","lineno":18}
{"timestamp":"2026-05-20T14:56:47.230180Z","level":"info","event":"Filling up the DagBag from /opt/airflow/dags/dag.py","logger":"airflow.dag_processing.dagbag.BundleDagBag","filename":"dagbag.py","lineno":469}
{"timestamp":"2026-05-20T14:56:47.245524Z","level":"info","event":"Inizializzazione del DAG","logger":"root","filename":"dag.py","lineno":18}
{"timestamp":"2026-05-20T14:57:17.855987Z","level":"info","event":"Filling up the DagBag from /opt/airflow/dags/dag.py","logger":"airflow.dag_processing.dagbag.BundleDagBag","filename":"dagbag.py","lineno":469}
{"timestamp":"2026-05-20T14:57:17.871867Z","level":"info","event":"Inizializzazione del DAG","logger":"root","filename":"dag.py","lineno":18}
{"timestamp":"2026-05-20T14:57:48.430056Z","level":"info","event":"Filling up the DagBag from /opt/airflow/dags/dag.py","logger":"airflow.dag_processing.dagbag.BundleDagBag","filename":"dagbag.py","lineno":469}
{"timestamp":"2026-05-20T14:57:48.444421Z","level":"info","event":"Inizializzazione del DAG","logger":"root","filename":"dag.py","lineno":18}
{"timestamp":"2026-05-20T14:58:18.958171Z","level":"info","event":"Filling up the DagBag from /opt/airflow/dags/dag.py","logger":"airflow.dag_processing.dagbag.BundleDagBag","filename":"dagbag.py","lineno":469}
{"timestamp":"2026-05-20T14:58:18.971084Z","level":"info","event":"Inizializzazione del DAG","logger":"root","filename":"dag.py","lineno":18}
{"timestamp":"2026-05-20T14:58:49.799083Z","level":"info","event":"Filling up the DagBag from /opt/airflow/dags/dag.py","logger":"airflow.dag_processing.dagbag.BundleDagBag","filename":"dagbag.py","lineno":469}
{"timestamp":"2026-05-20T14:58:49.810339Z","level":"info","event":"Inizializzazione del DAG","logger":"root","filename":"dag.py","lineno":18}
{"timestamp":"2026-05-20T14:59:20.604254Z","level":"info","event":"Filling up the DagBag from /opt/airflow/dags/dag.py","logger":"airflow.dag_processing.dagbag.BundleDagBag","filename":"dagbag.py","lineno":469}
{"timestamp":"2026-05-20T14:59:20.619515Z","level":"info","event":"Inizializzazione del DAG","logger":"root","filename":"dag.py","lineno":18}
{"timestamp":"2026-05-20T14:59:51.337387Z","level":"info","event":"Filling up the DagBag from /opt/airflow/dags/dag.py","logger":"airflow.dag_processing.dagbag.BundleDagBag","filename":"dagbag.py","lineno":469}
{"timestamp":"2026-05-20T14:59:51.349020Z","level":"info","event":"Inizializzazione del DAG","logger":"root","filename":"dag.py","lineno":18}
{"timestamp":"2026-05-20T15:00:22.177642Z","level":"info","event":"Filling up the DagBag from /opt/airflow/dags/dag.py","logger":"airflow.dag_processing.dagbag.BundleDagBag","filename":"dagbag.py","lineno":469}
{"timestamp":"2026-05-20T15:00:22.194635Z","level":"info","event":"Inizializzazione del DAG","logger":"root","filename":"dag.py","lineno":18}
{"timestamp":"2026-05-20T15:00:52.783501Z","level":"info","event":"Filling up the DagBag from /opt/airflow/dags/dag.py","logger":"airflow.dag_processing.dagbag.BundleDagBag","filename":"dagbag.py","lineno":469}
{"timestamp":"2026-05-20T15:00:52.796304Z","level":"info","event":"Inizializzazione del DAG","logger":"root","filename":"dag.py","lineno":18}
{"timestamp":"2026-05-20T15:01:23.445063Z","level":"info","event":"Filling up the DagBag from /opt/airflow/dags/dag.py","logger":"airflow.dag_processing.dagbag.BundleDagBag","filename":"dagbag.py","lineno":469}
{"timestamp":"2026-05-20T15:01:23.459201Z","level":"info","event":"Inizializzazione del DAG","logger":"root","filename":"dag.py","lineno":18}
{"timestamp":"2026-05-20T15:01:54.170679Z","level":"info","event":"Filling up the DagBag from /opt/airflow/dags/dag.py","logger":"airflow.dag_processing.dagbag.BundleDagBag","filename":"dagbag.py","lineno":469}
{"timestamp":"2026-05-20T15:01:54.190220Z","level":"info","event":"Inizializzazione del DAG","logger":"root","filename":"dag.py","lineno":18}
{"timestamp":"2026-05-20T15:02:24.889841Z","level":"info","event":"Filling up the DagBag from /opt/airflow/dags/dag.py","logger":"airflow.dag_processing.dagbag.BundleDagBag","filename":"dagbag.py","lineno":469}
{"timestamp":"2026-05-20T15:02:24.943885Z","level":"info","event":"Inizializzazione del DAG","logger":"root","filename":"dag.py","lineno":18}
{"timestamp":"2026-05-20T15:02:55.556423Z","level":"info","event":"Filling up the DagBag from /opt/airflow/dags/dag.py","logger":"airflow.dag_processing.dagbag.BundleDagBag","filename":"dagbag.py","lineno":469}
{"timestamp":"2026-05-20T15:02:55.573858Z","level":"info","event":"Inizializzazione del DAG","logger":"root","filename":"dag.py","lineno":18}
{"timestamp":"2026-05-20T15:03:26.242454Z","level":"info","event":"Filling up the DagBag from /opt/airflow/dags/dag.py","logger":"airflow.dag_processing.dagbag.BundleDagBag","filename":"dagbag.py","lineno":469}
{"timestamp":"2026-05-20T15:03:26.257097Z","level":"info","event":"Inizializzazione del DAG","logger":"root","filename":"dag.py","lineno":18}
{"timestamp":"2026-05-20T15:03:56.895423Z","level":"info","event":"Filling up the DagBag from /opt/airflow/dags/dag.py","logger":"airflow.dag_processing.dagbag.BundleDagBag","filename":"dagbag.py","lineno":469}
{"timestamp":"2026-05-20T15:03:56.910884Z","level":"info","event":"Inizializzazione del DAG","logger":"root","filename":"dag.py","lineno":18}
{"timestamp":"2026-05-20T15:04:27.508242Z","level":"info","event":"Filling up the DagBag from /opt/airflow/dags/dag.py","logger":"airflow.dag_processing.dagbag.BundleDagBag","filename":"dagbag.py","lineno":469}
{"timestamp":"2026-05-20T15:04:27.527963Z","level":"info","event":"Inizializzazione del DAG","logger":"root","filename":"dag.py","lineno":18}
{"timestamp":"2026-05-20T15:04:58.136834Z","level":"info","event":"Filling up the DagBag from /opt/airflow/dags/dag.py","logger":"airflow.dag_processing.dagbag.BundleDagBag","filename":"dagbag.py","lineno":469}
{"timestamp":"2026-05-20T15:04:58.200407Z","level":"info","event":"Inizializzazione del DAG","logger":"root","filename":"dag.py","lineno":18}
{"timestamp":"2026-05-20T15:05:28.477004Z","level":"info","event":"Filling up the DagBag from /opt/airflow/dags/dag.py","logger":"airflow.dag_processing.dagbag.BundleDagBag","filename":"dagbag.py","lineno":469}
{"timestamp":"2026-05-20T15:05:28.498484Z","level":"info","event":"Inizializzazione del DAG","logger":"root","filename":"dag.py","lineno":18}
{"timestamp":"2026-05-20T15:05:59.103185Z","level":"info","event":"Filling up the DagBag from /opt/airflow/dags/dag.py","logger":"airflow.dag_processing.dagbag.BundleDagBag","filename":"dagbag.py","lineno":469}
{"timestamp":"2026-05-20T15:05:59.115289Z","level":"info","event":"Inizializzazione del DAG","logger":"root","filename":"dag.py","lineno":18}
{"timestamp":"2026-05-20T15:06:29.666960Z","level":"info","event":"Filling up the DagBag from /opt/airflow/dags/dag.py","logger":"airflow.dag_processing.dagbag.BundleDagBag","filename":"dagbag.py","lineno":469}
{"timestamp":"2026-05-20T15:06:29.680124Z","level":"info","event":"Inizializzazione del DAG","logger":"root","filename":"dag.py","lineno":18}
{"timestamp":"2026-05-20T15:07:00.263397Z","level":"info","event":"Filling up the DagBag from /opt/airflow/dags/dag.py","logger":"airflow.dag_processing.dagbag.BundleDagBag","filename":"dagbag.py","lineno":469}
{"timestamp":"2026-05-20T15:07:00.278013Z","level":"info","event":"Inizializzazione del DAG","logger":"root","filename":"dag.py","lineno":18}
{"timestamp":"2026-05-20T15:08:50.301219Z","level":"info","event":"Filling up the DagBag from /opt/airflow/dags/dag.py","logger":"airflow.dag_processing.dagbag.BundleDagBag","filename":"dagbag.py","lineno":469}
{"timestamp":"2026-05-20T15:08:50.317668Z","level":"info","event":"Inizializzazione del DAG","logger":"root","filename":"dag.py","lineno":18}
{"timestamp":"2026-05-20T15:09:20.809617Z","level":"info","event":"Filling up the DagBag from /opt/airflow/dags/dag.py","logger":"airflow.dag_processing.dagbag.BundleDagBag","filename":"dagbag.py","lineno":469}
{"timestamp":"2026-05-20T15:09:20.827189Z","level":"info","event":"Inizializzazione del DAG","logger":"root","filename":"dag.py","lineno":18}
{"timestamp":"2026-05-20T15:09:51.531327Z","level":"info","event":"Filling up the DagBag from /opt/airflow/dags/dag.py","logger":"airflow.dag_processing.dagbag.BundleDagBag","filename":"dagbag.py","lineno":469}
{"timestamp":"2026-05-20T15:09:51.548056Z","level":"info","event":"Inizializzazione del DAG","logger":"root","filename":"dag.py","lineno":18}
{"timestamp":"2026-05-20T15:10:22.148540Z","level":"info","event":"Filling up the DagBag from /opt/airflow/dags/dag.py","logger":"airflow.dag_processing.dagbag.BundleDagBag","filename":"dagbag.py","lineno":469}
{"timestamp":"2026-05-20T15:10:22.164481Z","level":"info","event":"Inizializzazione del DAG","logger":"root","filename":"dag.py","lineno":18}
{"timestamp":"2026-05-20T15:10:52.770629Z","level":"info","event":"Filling up the DagBag from /opt/airflow/dags/dag.py","logger":"airflow.dag_processing.dagbag.BundleDagBag","filename":"dagbag.py","lineno":469}
{"timestamp":"2026-05-20T15:10:52.798657Z","level":"info","event":"Inizializzazione del DAG","logger":"root","filename":"dag.py","lineno":18}
{"timestamp":"2026-05-20T15:11:23.395164Z","level":"info","event":"Filling up the DagBag from /opt/airflow/dags/dag.py","logger":"airflow.dag_processing.dagbag.BundleDagBag","filename":"dagbag.py","lineno":469}
{"timestamp":"2026-05-20T15:11:23.409789Z","level":"info","event":"Inizializzazione del DAG","logger":"root","filename":"dag.py","lineno":18}
{"timestamp":"2026-05-20T15:11:54.017718Z","level":"info","event":"Filling up the DagBag from /opt/airflow/dags/dag.py","logger":"airflow.dag_processing.dagbag.BundleDagBag","filename":"dagbag.py","lineno":469}
{"timestamp":"2026-05-20T15:11:54.029374Z","level":"info","event":"Inizializzazione del DAG","logger":"root","filename":"dag.py","lineno":18}
{"timestamp":"2026-05-20T15:12:24.773774Z","level":"info","event":"Filling up the DagBag from /opt/airflow/dags/dag.py","logger":"airflow.dag_processing.dagbag.BundleDagBag","filename":"dagbag.py","lineno":469}
{"timestamp":"2026-05-20T15:12:24.800388Z","level":"info","event":"Inizializzazione del DAG","logger":"root","filename":"dag.py","lineno":18}
{"timestamp":"2026-05-20T15:12:55.389118Z","level":"info","event":"Filling up the DagBag from /opt/airflow/dags/dag.py","logger":"airflow.dag_processing.dagbag.BundleDagBag","filename":"dagbag.py","lineno":469}
{"timestamp":"2026-05-20T15:12:55.423578Z","level":"info","event":"Inizializzazione del DAG","logger":"root","filename":"dag.py","lineno":18}
{"timestamp":"2026-05-20T15:13:26.160494Z","level":"info","event":"Filling up the DagBag from /opt/airflow/dags/dag.py","logger":"airflow.dag_processing.dagbag.BundleDagBag","filename":"dagbag.py","lineno":469}
{"timestamp":"2026-05-20T15:13:26.180981Z","level":"info","event":"Inizializzazione del DAG","logger":"root","filename":"dag.py","lineno":18}
{"timestamp":"2026-05-20T15:13:56.776989Z","level":"info","event":"Filling up the DagBag from /opt/airflow/dags/dag.py","logger":"airflow.dag_processing.dagbag.BundleDagBag","filename":"dagbag.py","lineno":469}
{"timestamp":"2026-05-20T15:13:56.791553Z","level":"info","event":"Inizializzazione del DAG","logger":"root","filename":"dag.py","lineno":18}
{"timestamp":"2026-05-20T15:14:27.481337Z","level":"info","event":"Filling up the DagBag from /opt/airflow/dags/dag.py","logger":"airflow.dag_processing.dagbag.BundleDagBag","filename":"dagbag.py","lineno":469}
{"timestamp":"2026-05-20T15:14:27.519095Z","level":"info","event":"Inizializzazione del DAG","logger":"root","filename":"dag.py","lineno":18}
{"timestamp":"2026-05-20T15:14:58.159965Z","level":"info","event":"Filling up the DagBag from /opt/airflow/dags/dag.py","logger":"airflow.dag_processing.dagbag.BundleDagBag","filename":"dagbag.py","lineno":469}
{"timestamp":"2026-05-20T15:14:58.173161Z","level":"info","event":"Inizializzazione del DAG","logger":"root","filename":"dag.py","lineno":18}
{"timestamp":"2026-05-20T15:15:28.730217Z","level":"info","event":"Filling up the DagBag from /opt/airflow/dags/dag.py","logger":"airflow.dag_processing.dagbag.BundleDagBag","filename":"dagbag.py","lineno":469}
{"timestamp":"2026-05-20T15:15:28.742883Z","level":"info","event":"Inizializzazione del DAG","logger":"root","filename":"dag.py","lineno":18}
{"timestamp":"2026-05-20T15:15:59.297065Z","level":"info","event":"Filling up the DagBag from /opt/airflow/dags/dag.py","logger":"airflow.dag_processing.dagbag.BundleDagBag","filename":"dagbag.py","lineno":469}
{"timestamp":"2026-05-20T15:15:59.313620Z","level":"info","event":"Inizializzazione del DAG","logger":"root","filename":"dag.py","lineno":18}
{"timestamp":"2026-05-20T15:16:29.989922Z","level":"info","event":"Filling up the DagBag from /opt/airflow/dags/dag.py","logger":"airflow.dag_processing.dagbag.BundleDagBag","filename":"dagbag.py","lineno":469}
{"timestamp":"2026-05-20T15:16:30.000970Z","level":"info","event":"Inizializzazione del DAG","logger":"root","filename":"dag.py","lineno":18}
{"timestamp":"2026-05-20T15:17:00.706398Z","level":"info","event":"Filling up the DagBag from /opt/airflow/dags/dag.py","logger":"airflow.dag_processing.dagbag.BundleDagBag","filename":"dagbag.py","lineno":469}
{"timestamp":"2026-05-20T15:17:00.718373Z","level":"info","event":"Inizializzazione del DAG","logger":"root","filename":"dag.py","lineno":18}
{"timestamp":"2026-05-20T15:17:31.290939Z","level":"info","event":"Filling up the DagBag from /opt/airflow/dags/dag.py","logger":"airflow.dag_processing.dagbag.BundleDagBag","filename":"dagbag.py","lineno":469}
{"timestamp":"2026-05-20T15:17:31.303631Z","level":"info","event":"Inizializzazione del DAG","logger":"root","filename":"dag.py","lineno":18}
{"timestamp":"2026-05-20T15:18:01.897663Z","level":"info","event":"Filling up the DagBag from /opt/airflow/dags/dag.py","logger":"airflow.dag_processing.dagbag.BundleDagBag","filename":"dagbag.py","lineno":469}
{"timestamp":"2026-05-20T15:18:01.910070Z","level":"info","event":"Inizializzazione del DAG","logger":"root","filename":"dag.py","lineno":18}
{"timestamp":"2026-05-20T15:18:32.497132Z","level":"info","event":"Filling up the DagBag from /opt/airflow/dags/dag.py","logger":"airflow.dag_processing.dagbag.BundleDagBag","filename":"dagbag.py","lineno":469}
{"timestamp":"2026-05-20T15:18:32.509205Z","level":"info","event":"Inizializzazione del DAG","logger":"root","filename":"dag.py","lineno":18}
{"timestamp":"2026-05-20T15:19:03.153565Z","level":"info","event":"Filling up the DagBag from /opt/airflow/dags/dag.py","logger":"airflow.dag_processing.dagbag.BundleDagBag","filename":"dagbag.py","lineno":469}
{"timestamp":"2026-05-20T15:19:03.182341Z","level":"info","event":"Inizializzazione del DAG","logger":"root","filename":"dag.py","lineno":18}
{"timestamp":"2026-05-20T15:19:33.913982Z","level":"info","event":"Filling up the DagBag from /opt/airflow/dags/dag.py","logger":"airflow.dag_processing.dagbag.BundleDagBag","filename":"dagbag.py","lineno":469}
{"timestamp":"2026-05-20T15:19:33.929883Z","level":"info","event":"Inizializzazione del DAG","logger":"root","filename":"dag.py","lineno":18}
{"timestamp":"2026-05-20T15:20:04.521531Z","level":"info","event":"Filling up the DagBag from /opt/airflow/dags/dag.py","logger":"airflow.dag_processing.dagbag.BundleDagBag","filename":"dagbag.py","lineno":469}
{"timestamp":"2026-05-20T15:20:04.535725Z","level":"info","event":"Inizializzazione del DAG","logger":"root","filename":"dag.py","lineno":18}
{"timestamp":"2026-05-20T15:20:35.307000Z","level":"info","event":"Filling up the DagBag from /opt/airflow/dags/dag.py","logger":"airflow.dag_processing.dagbag.BundleDagBag","filename":"dagbag.py","lineno":469}
{"timestamp":"2026-05-20T15:20:35.334361Z","level":"info","event":"Inizializzazione del DAG","logger":"root","filename":"dag.py","lineno":18}
{"timestamp":"2026-05-20T15:21:06.033588Z","level":"info","event":"Filling up the DagBag from /opt/airflow/dags/dag.py","logger":"airflow.dag_processing.dagbag.BundleDagBag","filename":"dagbag.py","lineno":469}
{"timestamp":"2026-05-20T15:21:06.050007Z","level":"info","event":"Inizializzazione del DAG","logger":"root","filename":"dag.py","lineno":18}
{"timestamp":"2026-05-20T15:21:36.680543Z","level":"info","event":"Filling up the DagBag from /opt/airflow/dags/dag.py","logger":"airflow.dag_processing.dagbag.BundleDagBag","filename":"dagbag.py","lineno":469}
{"timestamp":"2026-05-20T15:21:36.695673Z","level":"info","event":"Inizializzazione del DAG","logger":"root","filename":"dag.py","lineno":18}
{"timestamp":"2026-05-20T15:22:07.403656Z","level":"info","event":"Filling up the DagBag from /opt/airflow/dags/dag.py","logger":"airflow.dag_processing.dagbag.BundleDagBag","filename":"dagbag.py","lineno":469}
{"timestamp":"2026-05-20T15:22:07.417928Z","level":"info","event":"Inizializzazione del DAG","logger":"root","filename":"dag.py","lineno":18}
{"timestamp":"2026-05-20T15:22:38.057119Z","level":"info","event":"Filling up the DagBag from /opt/airflow/dags/dag.py","logger":"airflow.dag_processing.dagbag.BundleDagBag","filename":"dagbag.py","lineno":469}
{"timestamp":"2026-05-20T15:22:38.071415Z","level":"info","event":"Inizializzazione del DAG","logger":"root","filename":"dag.py","lineno":18}
{"timestamp":"2026-05-20T15:23:08.625250Z","level":"info","event":"Filling up the DagBag from /opt/airflow/dags/dag.py","logger":"airflow.dag_processing.dagbag.BundleDagBag","filename":"dagbag.py","lineno":469}
{"timestamp":"2026-05-20T15:23:08.639087Z","level":"info","event":"Inizializzazione del DAG","logger":"root","filename":"dag.py","lineno":18}
{"timestamp":"2026-05-20T15:23:39.246991Z","level":"info","event":"Filling up the DagBag from /opt/airflow/dags/dag.py","logger":"airflow.dag_processing.dagbag.BundleDagBag","filename":"dagbag.py","lineno":469}
{"timestamp":"2026-05-20T15:23:39.262924Z","level":"info","event":"Inizializzazione del DAG","logger":"root","filename":"dag.py","lineno":18}
{"timestamp":"2026-05-20T15:24:09.960947Z","level":"info","event":"Filling up the DagBag from /opt/airflow/dags/dag.py","logger":"airflow.dag_processing.dagbag.BundleDagBag","filename":"dagbag.py","lineno":469}
{"timestamp":"2026-05-20T15:24:09.975886Z","level":"info","event":"Inizializzazione del DAG","logger":"root","filename":"dag.py","lineno":18}
{"timestamp":"2026-05-20T15:24:40.673660Z","level":"info","event":"Filling up the DagBag from /opt/airflow/dags/dag.py","logger":"airflow.dag_processing.dagbag.BundleDagBag","filename":"dagbag.py","lineno":469}
{"timestamp":"2026-05-20T15:24:40.686380Z","level":"info","event":"Inizializzazione del DAG","logger":"root","filename":"dag.py","lineno":18}
{"timestamp":"2026-05-20T15:25:11.291741Z","level":"info","event":"Filling up the DagBag from /opt/airflow/dags/dag.py","logger":"airflow.dag_processing.dagbag.BundleDagBag","filename":"dagbag.py","lineno":469}
{"timestamp":"2026-05-20T15:25:11.304291Z","level":"info","event":"Inizializzazione del DAG","logger":"root","filename":"dag.py","lineno":18}
{"timestamp":"2026-05-20T15:25:41.912646Z","level":"info","event":"Filling up the DagBag from /opt/airflow/dags/dag.py","logger":"airflow.dag_processing.dagbag.BundleDagBag","filename":"dagbag.py","lineno":469}
{"timestamp":"2026-05-20T15:25:41.925134Z","level":"info","event":"Inizializzazione del DAG","logger":"root","filename":"dag.py","lineno":18}
{"timestamp":"2026-05-20T15:26:12.499197Z","level":"info","event":"Filling up the DagBag from /opt/airflow/dags/dag.py","logger":"airflow.dag_processing.dagbag.BundleDagBag","filename":"dagbag.py","lineno":469}
{"timestamp":"2026-05-20T15:26:12.512470Z","level":"info","event":"Inizializzazione del DAG","logger":"root","filename":"dag.py","lineno":18}
{"timestamp":"2026-05-20T15:26:43.182971Z","level":"info","event":"Filling up the DagBag from /opt/airflow/dags/dag.py","logger":"airflow.dag_processing.dagbag.BundleDagBag","filename":"dagbag.py","lineno":469}
{"timestamp":"2026-05-20T15:26:43.195737Z","level":"info","event":"Inizializzazione del DAG","logger":"root","filename":"dag.py","lineno":18}
{"timestamp":"2026-05-20T15:27:13.785361Z","level":"info","event":"Filling up the DagBag from /opt/airflow/dags/dag.py","logger":"airflow.dag_processing.dagbag.BundleDagBag","filename":"dagbag.py","lineno":469}
{"timestamp":"2026-05-20T15:27:13.798828Z","level":"info","event":"Inizializzazione del DAG","logger":"root","filename":"dag.py","lineno":18}
{"timestamp":"2026-05-20T15:27:44.400001Z","level":"info","event":"Filling up the DagBag from /opt/airflow/dags/dag.py","logger":"airflow.dag_processing.dagbag.BundleDagBag","filename":"dagbag.py","lineno":469}
{"timestamp":"2026-05-20T15:27:44.419958Z","level":"info","event":"Inizializzazione del DAG","logger":"root","filename":"dag.py","lineno":18}
{"timestamp":"2026-05-20T15:28:14.903116Z","level":"info","event":"Filling up the DagBag from /opt/airflow/dags/dag.py","logger":"airflow.dag_processing.dagbag.BundleDagBag","filename":"dagbag.py","lineno":469}
{"timestamp":"2026-05-20T15:28:14.917899Z","level":"info","event":"Inizializzazione del DAG","logger":"root","filename":"dag.py","lineno":18}
{"timestamp":"2026-05-20T15:28:45.335791Z","level":"info","event":"Filling up the DagBag from /opt/airflow/dags/dag.py","logger":"airflow.dag_processing.dagbag.BundleDagBag","filename":"dagbag.py","lineno":469}
{"timestamp":"2026-05-20T15:28:45.348804Z","level":"info","event":"Inizializzazione del DAG","logger":"root","filename":"dag.py","lineno":18}
{"timestamp":"2026-05-20T15:29:15.787001Z","level":"info","event":"Filling up the DagBag from /opt/airflow/dags/dag.py","logger":"airflow.dag_processing.dagbag.BundleDagBag","filename":"dagbag.py","lineno":469}
{"timestamp":"2026-05-20T15:29:15.804396Z","level":"info","event":"Inizializzazione del DAG","logger":"root","filename":"dag.py","lineno":18}
{"timestamp":"2026-05-20T15:29:46.212758Z","level":"info","event":"Filling up the DagBag from /opt/airflow/dags/dag.py","logger":"airflow.dag_processing.dagbag.BundleDagBag","filename":"dagbag.py","lineno":469}
{"timestamp":"2026-05-20T15:29:46.231748Z","level":"info","event":"Inizializzazione del DAG","logger":"root","filename":"dag.py","lineno":18}
{"timestamp":"2026-05-20T15:30:16.688430Z","level":"info","event":"Filling up the DagBag from /opt/airflow/dags/dag.py","logger":"airflow.dag_processing.dagbag.BundleDagBag","filename":"dagbag.py","lineno":469}
{"timestamp":"2026-05-20T15:30:16.707239Z","level":"info","event":"Inizializzazione del DAG","logger":"root","filename":"dag.py","lineno":18}
{"timestamp":"2026-05-20T15:30:47.258164Z","level":"info","event":"Filling up the DagBag from /opt/airflow/dags/dag.py","logger":"airflow.dag_processing.dagbag.BundleDagBag","filename":"dagbag.py","lineno":469}
{"timestamp":"2026-05-20T15:30:47.275752Z","level":"info","event":"Inizializzazione del DAG","logger":"root","filename":"dag.py","lineno":18}
{"timestamp":"2026-05-20T15:31:17.751641Z","level":"info","event":"Filling up the DagBag from /opt/airflow/dags/dag.py","logger":"airflow.dag_processing.dagbag.BundleDagBag","filename":"dagbag.py","lineno":469}
{"timestamp":"2026-05-20T15:31:17.766750Z","level":"info","event":"Inizializzazione del DAG","logger":"root","filename":"dag.py","lineno":18}
{"timestamp":"2026-05-20T15:31:48.195471Z","level":"info","event":"Filling up the DagBag from /opt/airflow/dags/dag.py","logger":"airflow.dag_processing.dagbag.BundleDagBag","filename":"dagbag.py","lineno":469}
{"timestamp":"2026-05-20T15:31:48.216334Z","level":"info","event":"Inizializzazione del DAG","logger":"root","filename":"dag.py","lineno":18}
{"timestamp":"2026-05-20T15:32:18.639005Z","level":"info","event":"Filling up the DagBag from /opt/airflow/dags/dag.py","logger":"airflow.dag_processing.dagbag.BundleDagBag","filename":"dagbag.py","lineno":469}
{"timestamp":"2026-05-20T15:32:18.655927Z","level":"info","event":"Inizializzazione del DAG","logger":"root","filename":"dag.py","lineno":18}
{"timestamp":"2026-05-20T15:32:49.062435Z","level":"info","event":"Filling up the DagBag from /opt/airflow/dags/dag.py","logger":"airflow.dag_processing.dagbag.BundleDagBag","filename":"dagbag.py","lineno":469}
{"timestamp":"2026-05-20T15:32:49.082005Z","level":"info","event":"Inizializzazione del DAG","logger":"root","filename":"dag.py","lineno":18}
{"timestamp":"2026-05-20T15:33:19.522163Z","level":"info","event":"Filling up the DagBag from /opt/airflow/dags/dag.py","logger":"airflow.dag_processing.dagbag.BundleDagBag","filename":"dagbag.py","lineno":469}
{"timestamp":"2026-05-20T15:33:19.536592Z","level":"info","event":"Inizializzazione del DAG","logger":"root","filename":"dag.py","lineno":18}
{"timestamp":"2026-05-20T15:33:49.932123Z","level":"info","event":"Filling up the DagBag from /opt/airflow/dags/dag.py","logger":"airflow.dag_processing.dagbag.BundleDagBag","filename":"dagbag.py","lineno":469}
{"timestamp":"2026-05-20T15:33:49.946611Z","level":"info","event":"Inizializzazione del DAG","logger":"root","filename":"dag.py","lineno":18}
{"timestamp":"2026-05-20T15:34:20.349085Z","level":"info","event":"Filling up the DagBag from /opt/airflow/dags/dag.py","logger":"airflow.dag_processing.dagbag.BundleDagBag","filename":"dagbag.py","lineno":469}
{"timestamp":"2026-05-20T15:34:20.376130Z","level":"info","event":"Inizializzazione del DAG","logger":"root","filename":"dag.py","lineno":18}
{"timestamp":"2026-05-20T15:34:50.806933Z","level":"info","event":"Filling up the DagBag from /opt/airflow/dags/dag.py","logger":"airflow.dag_processing.dagbag.BundleDagBag","filename":"dagbag.py","lineno":469}
{"timestamp":"2026-05-20T15:34:50.823125Z","level":"info","event":"Inizializzazione del DAG","logger":"root","filename":"dag.py","lineno":18}
{"timestamp":"2026-05-20T15:35:21.230203Z","level":"info","event":"Filling up the DagBag from /opt/airflow/dags/dag.py","logger":"airflow.dag_processing.dagbag.BundleDagBag","filename":"dagbag.py","lineno":469}
{"timestamp":"2026-05-20T15:35:21.244990Z","level":"info","event":"Inizializzazione del DAG","logger":"root","filename":"dag.py","lineno":18}
{"timestamp":"2026-05-20T15:35:51.633774Z","level":"info","event":"Filling up the DagBag from /opt/airflow/dags/dag.py","logger":"airflow.dag_processing.dagbag.BundleDagBag","filename":"dagbag.py","lineno":469}
{"timestamp":"2026-05-20T15:35:51.646961Z","level":"info","event":"Inizializzazione del DAG","logger":"root","filename":"dag.py","lineno":18}
{"timestamp":"2026-05-20T15:36:22.083882Z","level":"info","event":"Filling up the DagBag from /opt/airflow/dags/dag.py","logger":"airflow.dag_processing.dagbag.BundleDagBag","filename":"dagbag.py","lineno":469}
{"timestamp":"2026-05-20T15:36:22.098030Z","level":"info","event":"Inizializzazione del DAG","logger":"root","filename":"dag.py","lineno":18}
{"timestamp":"2026-05-20T15:36:52.507398Z","level":"info","event":"Filling up the DagBag from /opt/airflow/dags/dag.py","logger":"airflow.dag_processing.dagbag.BundleDagBag","filename":"dagbag.py","lineno":469}
{"timestamp":"2026-05-20T15:36:52.524915Z","level":"info","event":"Inizializzazione del DAG","logger":"root","filename":"dag.py","lineno":18}
{"timestamp":"2026-05-20T15:37:22.941377Z","level":"info","event":"Filling up the DagBag from /opt/airflow/dags/dag.py","logger":"airflow.dag_processing.dagbag.BundleDagBag","filename":"dagbag.py","lineno":469}
{"timestamp":"2026-05-20T15:37:22.955008Z","level":"info","event":"Inizializzazione del DAG","logger":"root","filename":"dag.py","lineno":18}
{"timestamp":"2026-05-20T15:37:53.373106Z","level":"info","event":"Filling up the DagBag from /opt/airflow/dags/dag.py","logger":"airflow.dag_processing.dagbag.BundleDagBag","filename":"dagbag.py","lineno":469}
{"timestamp":"2026-05-20T15:37:53.387202Z","level":"info","event":"Inizializzazione del DAG","logger":"root","filename":"dag.py","lineno":18}
{"timestamp":"2026-05-20T15:38:23.816054Z","level":"info","event":"Filling up the DagBag from /opt/airflow/dags/dag.py","logger":"airflow.dag_processing.dagbag.BundleDagBag","filename":"dagbag.py","lineno":469}
{"timestamp":"2026-05-20T15:38:23.831108Z","level":"info","event":"Inizializzazione del DAG","logger":"root","filename":"dag.py","lineno":18}
{"timestamp":"2026-05-20T15:38:54.295978Z","level":"info","event":"Filling up the DagBag from /opt/airflow/dags/dag.py","logger":"airflow.dag_processing.dagbag.BundleDagBag","filename":"dagbag.py","lineno":469}
{"timestamp":"2026-05-20T15:38:54.314230Z","level":"info","event":"Inizializzazione del DAG","logger":"root","filename":"dag.py","lineno":18}
{"timestamp":"2026-05-20T15:39:24.741967Z","level":"info","event":"Filling up the DagBag from /opt/airflow/dags/dag.py","logger":"airflow.dag_processing.dagbag.BundleDagBag","filename":"dagbag.py","lineno":469}
{"timestamp":"2026-05-20T15:39:24.755959Z","level":"info","event":"Inizializzazione del DAG","logger":"root","filename":"dag.py","lineno":18}
{"timestamp":"2026-05-20T15:39:55.156880Z","level":"info","event":"Filling up the DagBag from /opt/airflow/dags/dag.py","logger":"airflow.dag_processing.dagbag.BundleDagBag","filename":"dagbag.py","lineno":469}
{"timestamp":"2026-05-20T15:39:55.172223Z","level":"info","event":"Inizializzazione del DAG","logger":"root","filename":"dag.py","lineno":18}
{"timestamp":"2026-05-20T15:40:25.790980Z","level":"info","event":"Filling up the DagBag from /opt/airflow/dags/dag.py","logger":"airflow.dag_processing.dagbag.BundleDagBag","filename":"dagbag.py","lineno":469}
{"timestamp":"2026-05-20T15:40:25.805373Z","level":"info","event":"Inizializzazione del DAG","logger":"root","filename":"dag.py","lineno":18}
{"timestamp":"2026-05-20T15:40:56.479781Z","level":"info","event":"Filling up the DagBag from /opt/airflow/dags/dag.py","logger":"airflow.dag_processing.dagbag.BundleDagBag","filename":"dagbag.py","lineno":469}
{"timestamp":"2026-05-20T15:40:56.504242Z","level":"info","event":"Inizializzazione del DAG","logger":"root","filename":"dag.py","lineno":18}
{"timestamp":"2026-05-20T15:41:27.091606Z","level":"info","event":"Filling up the DagBag from /opt/airflow/dags/dag.py","logger":"airflow.dag_processing.dagbag.BundleDagBag","filename":"dagbag.py","lineno":469}
{"timestamp":"2026-05-20T15:41:27.104372Z","level":"info","event":"Inizializzazione del DAG","logger":"root","filename":"dag.py","lineno":18}
{"timestamp":"2026-05-20T15:41:57.736951Z","level":"info","event":"Filling up the DagBag from /opt/airflow/dags/dag.py","logger":"airflow.dag_processing.dagbag.BundleDagBag","filename":"dagbag.py","lineno":469}
{"timestamp":"2026-05-20T15:41:57.748546Z","level":"info","event":"Inizializzazione del DAG","logger":"root","filename":"dag.py","lineno":18}
{"timestamp":"2026-05-20T15:42:28.340736Z","level":"info","event":"Filling up the DagBag from /opt/airflow/dags/dag.py","logger":"airflow.dag_processing.dagbag.BundleDagBag","filename":"dagbag.py","lineno":469}
{"timestamp":"2026-05-20T15:42:28.353413Z","level":"info","event":"Inizializzazione del DAG","logger":"root","filename":"dag.py","lineno":18}
{"timestamp":"2026-05-20T15:42:58.915057Z","level":"info","event":"Filling up the DagBag from /opt/airflow/dags/dag.py","logger":"airflow.dag_processing.dagbag.BundleDagBag","filename":"dagbag.py","lineno":469}
{"timestamp":"2026-05-20T15:42:58.929258Z","level":"info","event":"Inizializzazione del DAG","logger":"root","filename":"dag.py","lineno":18}
{"timestamp":"2026-05-20T15:43:29.518066Z","level":"info","event":"Filling up the DagBag from /opt/airflow/dags/dag.py","logger":"airflow.dag_processing.dagbag.BundleDagBag","filename":"dagbag.py","lineno":469}
{"timestamp":"2026-05-20T15:43:29.537411Z","level":"info","event":"Inizializzazione del DAG","logger":"root","filename":"dag.py","lineno":18}
{"timestamp":"2026-05-20T15:44:00.159531Z","level":"info","event":"Filling up the DagBag from /opt/airflow/dags/dag.py","logger":"airflow.dag_processing.dagbag.BundleDagBag","filename":"dagbag.py","lineno":469}
{"timestamp":"2026-05-20T15:44:00.174004Z","level":"info","event":"Inizializzazione del DAG","logger":"root","filename":"dag.py","lineno":18}
{"timestamp":"2026-05-20T15:44:30.779566Z","level":"info","event":"Filling up the DagBag from /opt/airflow/dags/dag.py","logger":"airflow.dag_processing.dagbag.BundleDagBag","filename":"dagbag.py","lineno":469}
{"timestamp":"2026-05-20T15:44:30.802654Z","level":"info","event":"Inizializzazione del DAG","logger":"root","filename":"dag.py","lineno":18}
{"timestamp":"2026-05-20T15:45:01.474332Z","level":"info","event":"Filling up the DagBag from /opt/airflow/dags/dag.py","logger":"airflow.dag_processing.dagbag.BundleDagBag","filename":"dagbag.py","lineno":469}
{"timestamp":"2026-05-20T15:45:01.486918Z","level":"info","event":"Inizializzazione del DAG","logger":"root","filename":"dag.py","lineno":18}
{"timestamp":"2026-05-20T15:45:32.081066Z","level":"info","event":"Filling up the DagBag from /opt/airflow/dags/dag.py","logger":"airflow.dag_processing.dagbag.BundleDagBag","filename":"dagbag.py","lineno":469}
{"timestamp":"2026-05-20T15:45:32.095240Z","level":"info","event":"Inizializzazione del DAG","logger":"root","filename":"dag.py","lineno":18}
{"timestamp":"2026-05-20T15:46:02.732645Z","level":"info","event":"Filling up the DagBag from /opt/airflow/dags/dag.py","logger":"airflow.dag_processing.dagbag.BundleDagBag","filename":"dagbag.py","lineno":469}
{"timestamp":"2026-05-20T15:46:02.745723Z","level":"info","event":"Inizializzazione del DAG","logger":"root","filename":"dag.py","lineno":18}
{"timestamp":"2026-05-20T15:46:33.367927Z","level":"info","event":"Filling up the DagBag from /opt/airflow/dags/dag.py","logger":"airflow.dag_processing.dagbag.BundleDagBag","filename":"dagbag.py","lineno":469}
{"timestamp":"2026-05-20T15:46:33.381845Z","level":"info","event":"Inizializzazione del DAG","logger":"root","filename":"dag.py","lineno":18}
{"timestamp":"2026-05-20T15:47:04.044481Z","level":"info","event":"Filling up the DagBag from /opt/airflow/dags/dag.py","logger":"airflow.dag_processing.dagbag.BundleDagBag","filename":"dagbag.py","lineno":469}
{"timestamp":"2026-05-20T15:47:04.059066Z","level":"info","event":"Inizializzazione del DAG","logger":"root","filename":"dag.py","lineno":18}
{"timestamp":"2026-05-20T15:47:34.732985Z","level":"info","event":"Filling up the DagBag from /opt/airflow/dags/dag.py","logger":"airflow.dag_processing.dagbag.BundleDagBag","filename":"dagbag.py","lineno":469}
{"timestamp":"2026-05-20T15:47:34.745638Z","level":"info","event":"Inizializzazione del DAG","logger":"root","filename":"dag.py","lineno":18}
{"timestamp":"2026-05-20T15:48:05.360117Z","level":"info","event":"Filling up the DagBag from /opt/airflow/dags/dag.py","logger":"airflow.dag_processing.dagbag.BundleDagBag","filename":"dagbag.py","lineno":469}
{"timestamp":"2026-05-20T15:48:05.370781Z","level":"info","event":"Inizializzazione del DAG","logger":"root","filename":"dag.py","lineno":18}
{"timestamp":"2026-05-20T15:48:35.963374Z","level":"info","event":"Filling up the DagBag from /opt/airflow/dags/dag.py","logger":"airflow.dag_processing.dagbag.BundleDagBag","filename":"dagbag.py","lineno":469}
{"timestamp":"2026-05-20T15:48:35.976489Z","level":"info","event":"Inizializzazione del DAG","logger":"root","filename":"dag.py","lineno":18}
{"timestamp":"2026-05-20T15:49:06.555752Z","level":"info","event":"Filling up the DagBag from /opt/airflow/dags/dag.py","logger":"airflow.dag_processing.dagbag.BundleDagBag","filename":"dagbag.py","lineno":469}
{"timestamp":"2026-05-20T15:49:06.567923Z","level":"info","event":"Inizializzazione del DAG","logger":"root","filename":"dag.py","lineno":18}
{"timestamp":"2026-05-20T15:49:37.186289Z","level":"info","event":"Filling up the DagBag from /opt/airflow/dags/dag.py","logger":"airflow.dag_processing.dagbag.BundleDagBag","filename":"dagbag.py","lineno":469}
{"timestamp":"2026-05-20T15:49:37.203171Z","level":"info","event":"Inizializzazione del DAG","logger":"root","filename":"dag.py","lineno":18}
{"timestamp":"2026-05-20T15:50:07.815840Z","level":"info","event":"Filling up the DagBag from /opt/airflow/dags/dag.py","logger":"airflow.dag_processing.dagbag.BundleDagBag","filename":"dagbag.py","lineno":469}
{"timestamp":"2026-05-20T15:50:07.828542Z","level":"info","event":"Inizializzazione del DAG","logger":"root","filename":"dag.py","lineno":18}
{"timestamp":"2026-05-20T15:50:38.496546Z","level":"info","event":"Filling up the DagBag from /opt/airflow/dags/dag.py","logger":"airflow.dag_processing.dagbag.BundleDagBag","filename":"dagbag.py","lineno":469}
{"timestamp":"2026-05-20T15:50:38.512762Z","level":"info","event":"Inizializzazione del DAG","logger":"root","filename":"dag.py","lineno":18}
{"timestamp":"2026-05-20T15:51:09.119478Z","level":"info","event":"Filling up the DagBag from /opt/airflow/dags/dag.py","logger":"airflow.dag_processing.dagbag.BundleDagBag","filename":"dagbag.py","lineno":469}
{"timestamp":"2026-05-20T15:51:09.133853Z","level":"info","event":"Inizializzazione del DAG","logger":"root","filename":"dag.py","lineno":18}
{"timestamp":"2026-05-20T15:51:39.764906Z","level":"info","event":"Filling up the DagBag from /opt/airflow/dags/dag.py","logger":"airflow.dag_processing.dagbag.BundleDagBag","filename":"dagbag.py","lineno":469}
{"timestamp":"2026-05-20T15:51:39.776946Z","level":"info","event":"Inizializzazione del DAG","logger":"root","filename":"dag.py","lineno":18}
{"timestamp":"2026-05-20T15:52:10.404107Z","level":"info","event":"Filling up the DagBag from /opt/airflow/dags/dag.py","logger":"airflow.dag_processing.dagbag.BundleDagBag","filename":"dagbag.py","lineno":469}
{"timestamp":"2026-05-20T15:52:10.416164Z","level":"info","event":"Inizializzazione del DAG","logger":"root","filename":"dag.py","lineno":18}
{"timestamp":"2026-05-20T15:52:41.032645Z","level":"info","event":"Filling up the DagBag from /opt/airflow/dags/dag.py","logger":"airflow.dag_processing.dagbag.BundleDagBag","filename":"dagbag.py","lineno":469}
{"timestamp":"2026-05-20T15:52:41.057760Z","level":"info","event":"Inizializzazione del DAG","logger":"root","filename":"dag.py","lineno":18}
{"timestamp":"2026-05-20T15:53:11.768149Z","level":"info","event":"Filling up the DagBag from /opt/airflow/dags/dag.py","logger":"airflow.dag_processing.dagbag.BundleDagBag","filename":"dagbag.py","lineno":469}
{"timestamp":"2026-05-20T15:53:11.785238Z","level":"info","event":"Inizializzazione del DAG","logger":"root","filename":"dag.py","lineno":18}
{"timestamp":"2026-05-20T15:53:42.462643Z","level":"info","event":"Filling up the DagBag from /opt/airflow/dags/dag.py","logger":"airflow.dag_processing.dagbag.BundleDagBag","filename":"dagbag.py","lineno":469}
{"timestamp":"2026-05-20T15:53:42.478309Z","level":"info","event":"Inizializzazione del DAG","logger":"root","filename":"dag.py","lineno":18}
{"timestamp":"2026-05-20T15:54:13.132832Z","level":"info","event":"Filling up the DagBag from /opt/airflow/dags/dag.py","logger":"airflow.dag_processing.dagbag.BundleDagBag","filename":"dagbag.py","lineno":469}
{"timestamp":"2026-05-20T15:54:13.147004Z","level":"info","event":"Inizializzazione del DAG","logger":"root","filename":"dag.py","lineno":18}
{"timestamp":"2026-05-20T15:54:43.809357Z","level":"info","event":"Filling up the DagBag from /opt/airflow/dags/dag.py","logger":"airflow.dag_processing.dagbag.BundleDagBag","filename":"dagbag.py","lineno":469}
{"timestamp":"2026-05-20T15:54:43.822739Z","level":"info","event":"Inizializzazione del DAG","logger":"root","filename":"dag.py","lineno":18}
{"timestamp":"2026-05-20T15:55:14.444332Z","level":"info","event":"Filling up the DagBag from /opt/airflow/dags/dag.py","logger":"airflow.dag_processing.dagbag.BundleDagBag","filename":"dagbag.py","lineno":469}
{"timestamp":"2026-05-20T15:55:14.457794Z","level":"info","event":"Inizializzazione del DAG","logger":"root","filename":"dag.py","lineno":18}
{"timestamp":"2026-05-20T15:55:45.036951Z","level":"info","event":"Filling up the DagBag from /opt/airflow/dags/dag.py","logger":"airflow.dag_processing.dagbag.BundleDagBag","filename":"dagbag.py","lineno":469}
{"timestamp":"2026-05-20T15:55:45.048473Z","level":"info","event":"Inizializzazione del DAG","logger":"root","filename":"dag.py","lineno":18}
{"timestamp":"2026-05-20T15:56:15.675363Z","level":"info","event":"Filling up the DagBag from /opt/airflow/dags/dag.py","logger":"airflow.dag_processing.dagbag.BundleDagBag","filename":"dagbag.py","lineno":469}
{"timestamp":"2026-05-20T15:56:15.691156Z","level":"info","event":"Inizializzazione del DAG","logger":"root","filename":"dag.py","lineno":18}
{"timestamp":"2026-05-20T15:56:46.303987Z","level":"info","event":"Filling up the DagBag from /opt/airflow/dags/dag.py","logger":"airflow.dag_processing.dagbag.BundleDagBag","filename":"dagbag.py","lineno":469}
{"timestamp":"2026-05-20T15:56:46.318679Z","level":"info","event":"Inizializzazione del DAG","logger":"root","filename":"dag.py","lineno":18}
{"timestamp":"2026-05-20T15:57:16.960077Z","level":"info","event":"Filling up the DagBag from /opt/airflow/dags/dag.py","logger":"airflow.dag_processing.dagbag.BundleDagBag","filename":"dagbag.py","lineno":469}
{"timestamp":"2026-05-20T15:57:16.972684Z","level":"info","event":"Inizializzazione del DAG","logger":"root","filename":"dag.py","lineno":18}
{"timestamp":"2026-05-20T15:57:47.515537Z","level":"info","event":"Filling up the DagBag from /opt/airflow/dags/dag.py","logger":"airflow.dag_processing.dagbag.BundleDagBag","filename":"dagbag.py","lineno":469}
{"timestamp":"2026-05-20T15:57:47.536657Z","level":"info","event":"Inizializzazione del DAG","logger":"root","filename":"dag.py","lineno":18}
{"timestamp":"2026-05-20T15:58:18.157677Z","level":"info","event":"Filling up the DagBag from /opt/airflow/dags/dag.py","logger":"airflow.dag_processing.dagbag.BundleDagBag","filename":"dagbag.py","lineno":469}
{"timestamp":"2026-05-20T15:58:18.170119Z","level":"info","event":"Inizializzazione del DAG","logger":"root","filename":"dag.py","lineno":18}
{"timestamp":"2026-05-20T15:58:48.705252Z","level":"info","event":"Filling up the DagBag from /opt/airflow/dags/dag.py","logger":"airflow.dag_processing.dagbag.BundleDagBag","filename":"dagbag.py","lineno":469}
{"timestamp":"2026-05-20T15:58:48.719491Z","level":"info","event":"Inizializzazione del DAG","logger":"root","filename":"dag.py","lineno":18}
{"timestamp":"2026-05-20T15:59:19.318195Z","level":"info","event":"Filling up the DagBag from /opt/airflow/dags/dag.py","logger":"airflow.dag_processing.dagbag.BundleDagBag","filename":"dagbag.py","lineno":469}
{"timestamp":"2026-05-20T15:59:19.339215Z","level":"info","event":"Inizializzazione del DAG","logger":"root","filename":"dag.py","lineno":18}
{"timestamp":"2026-05-20T15:59:50.064998Z","level":"info","event":"Filling up the DagBag from /opt/airflow/dags/dag.py","logger":"airflow.dag_processing.dagbag.BundleDagBag","filename":"dagbag.py","lineno":469}
{"timestamp":"2026-05-20T15:59:50.082388Z","level":"info","event":"Inizializzazione del DAG","logger":"root","filename":"dag.py","lineno":18}
{"timestamp":"2026-05-20T16:00:20.723204Z","level":"info","event":"Filling up the DagBag from /opt/airflow/dags/dag.py","logger":"airflow.dag_processing.dagbag.BundleDagBag","filename":"dagbag.py","lineno":469}
{"timestamp":"2026-05-20T16:00:20.737617Z","level":"info","event":"Inizializzazione del DAG","logger":"root","filename":"dag.py","lineno":18}
{"timestamp":"2026-05-20T16:00:51.456899Z","level":"info","event":"Filling up the DagBag from /opt/airflow/dags/dag.py","logger":"airflow.dag_processing.dagbag.BundleDagBag","filename":"dagbag.py","lineno":469}
{"timestamp":"2026-05-20T16:00:51.470067Z","level":"info","event":"Inizializzazione del DAG","logger":"root","filename":"dag.py","lineno":18}
{"timestamp":"2026-05-20T16:01:22.008982Z","level":"info","event":"Filling up the DagBag from /opt/airflow/dags/dag.py","logger":"airflow.dag_processing.dagbag.BundleDagBag","filename":"dagbag.py","lineno":469}
{"timestamp":"2026-05-20T16:01:22.022280Z","level":"info","event":"Inizializzazione del DAG","logger":"root","filename":"dag.py","lineno":18}
{"timestamp":"2026-05-20T16:01:52.575869Z","level":"info","event":"Filling up the DagBag from /opt/airflow/dags/dag.py","logger":"airflow.dag_processing.dagbag.BundleDagBag","filename":"dagbag.py","lineno":469}
{"timestamp":"2026-05-20T16:01:52.591959Z","level":"info","event":"Inizializzazione del DAG","logger":"root","filename":"dag.py","lineno":18}
{"timestamp":"2026-05-20T16:02:23.091610Z","level":"info","event":"Filling up the DagBag from /opt/airflow/dags/dag.py","logger":"airflow.dag_processing.dagbag.BundleDagBag","filename":"dagbag.py","lineno":469}
{"timestamp":"2026-05-20T16:02:23.108438Z","level":"info","event":"Inizializzazione del DAG","logger":"root","filename":"dag.py","lineno":18}
{"timestamp":"2026-05-20T16:02:53.641213Z","level":"info","event":"Filling up the DagBag from /opt/airflow/dags/dag.py","logger":"airflow.dag_processing.dagbag.BundleDagBag","filename":"dagbag.py","lineno":469}
{"timestamp":"2026-05-20T16:02:53.653896Z","level":"info","event":"Inizializzazione del DAG","logger":"root","filename":"dag.py","lineno":18}
{"timestamp":"2026-05-20T16:03:24.154903Z","level":"info","event":"Filling up the DagBag from /opt/airflow/dags/dag.py","logger":"airflow.dag_processing.dagbag.BundleDagBag","filename":"dagbag.py","lineno":469}
{"timestamp":"2026-05-20T16:03:24.168934Z","level":"info","event":"Inizializzazione del DAG","logger":"root","filename":"dag.py","lineno":18}
{"timestamp":"2026-05-20T16:05:08.375201Z","level":"info","event":"Filling up the DagBag from /opt/airflow/dags/dag.py","logger":"airflow.dag_processing.dagbag.BundleDagBag","filename":"dagbag.py","lineno":469}
{"timestamp":"2026-05-20T16:05:08.392048Z","level":"info","event":"Inizializzazione del DAG","logger":"root","filename":"dag.py","lineno":18}
{"timestamp":"2026-05-20T16:05:38.941356Z","level":"info","event":"Filling up the DagBag from /opt/airflow/dags/dag.py","logger":"airflow.dag_processing.dagbag.BundleDagBag","filename":"dagbag.py","lineno":469}
{"timestamp":"2026-05-20T16:05:38.961958Z","level":"info","event":"Inizializzazione del DAG","logger":"root","filename":"dag.py","lineno":18}
{"timestamp":"2026-05-20T16:06:09.443680Z","level":"info","event":"Filling up the DagBag from /opt/airflow/dags/dag.py","logger":"airflow.dag_processing.dagbag.BundleDagBag","filename":"dagbag.py","lineno":469}
{"timestamp":"2026-05-20T16:06:09.466190Z","level":"info","event":"Inizializzazione del DAG","logger":"root","filename":"dag.py","lineno":18}
{"timestamp":"2026-05-20T16:06:40.121732Z","level":"info","event":"Filling up the DagBag from /opt/airflow/dags/dag.py","logger":"airflow.dag_processing.dagbag.BundleDagBag","filename":"dagbag.py","lineno":469}
{"timestamp":"2026-05-20T16:06:40.150799Z","level":"info","event":"Inizializzazione del DAG","logger":"root","filename":"dag.py","lineno":18}
{"timestamp":"2026-05-20T16:07:11.081611Z","level":"info","event":"Filling up the DagBag from /opt/airflow/dags/dag.py","logger":"airflow.dag_processing.dagbag.BundleDagBag","filename":"dagbag.py","lineno":469}
{"timestamp":"2026-05-20T16:07:11.094960Z","level":"info","event":"Inizializzazione del DAG","logger":"root","filename":"dag.py","lineno":18}
{"timestamp":"2026-05-20T16:07:41.637520Z","level":"info","event":"Filling up the DagBag from /opt/airflow/dags/dag.py","logger":"airflow.dag_processing.dagbag.BundleDagBag","filename":"dagbag.py","lineno":469}
{"timestamp":"2026-05-20T16:07:41.651751Z","level":"info","event":"Inizializzazione del DAG","logger":"root","filename":"dag.py","lineno":18}
{"timestamp":"2026-05-20T16:08:12.273873Z","level":"info","event":"Filling up the DagBag from /opt/airflow/dags/dag.py","logger":"airflow.dag_processing.dagbag.BundleDagBag","filename":"dagbag.py","lineno":469}
{"timestamp":"2026-05-20T16:08:12.287956Z","level":"info","event":"Inizializzazione del DAG","logger":"root","filename":"dag.py","lineno":18}
{"timestamp":"2026-05-20T16:08:42.876784Z","level":"info","event":"Filling up the DagBag from /opt/airflow/dags/dag.py","logger":"airflow.dag_processing.dagbag.BundleDagBag","filename":"dagbag.py","lineno":469}
{"timestamp":"2026-05-20T16:08:42.890272Z","level":"info","event":"Inizializzazione del DAG","logger":"root","filename":"dag.py","lineno":18}
{"timestamp":"2026-05-20T16:09:13.518487Z","level":"info","event":"Filling up the DagBag from /opt/airflow/dags/dag.py","logger":"airflow.dag_processing.dagbag.BundleDagBag","filename":"dagbag.py","lineno":469}
{"timestamp":"2026-05-20T16:09:13.531552Z","level":"info","event":"Inizializzazione del DAG","logger":"root","filename":"dag.py","lineno":18}
{"timestamp":"2026-05-20T16:09:44.079427Z","level":"info","event":"Filling up the DagBag from /opt/airflow/dags/dag.py","logger":"airflow.dag_processing.dagbag.BundleDagBag","filename":"dagbag.py","lineno":469}
{"timestamp":"2026-05-20T16:09:44.092213Z","level":"info","event":"Inizializzazione del DAG","logger":"root","filename":"dag.py","lineno":18}
{"timestamp":"2026-05-20T16:10:14.766225Z","level":"info","event":"Filling up the DagBag from /opt/airflow/dags/dag.py","logger":"airflow.dag_processing.dagbag.BundleDagBag","filename":"dagbag.py","lineno":469}
{"timestamp":"2026-05-20T16:10:14.778797Z","level":"info","event":"Inizializzazione del DAG","logger":"root","filename":"dag.py","lineno":18}
{"timestamp":"2026-05-20T16:10:45.401783Z","level":"info","event":"Filling up the DagBag from /opt/airflow/dags/dag.py","logger":"airflow.dag_processing.dagbag.BundleDagBag","filename":"dagbag.py","lineno":469}
{"timestamp":"2026-05-20T16:10:45.414475Z","level":"info","event":"Inizializzazione del DAG","logger":"root","filename":"dag.py","lineno":18}
{"timestamp":"2026-05-20T16:11:16.054485Z","level":"info","event":"Filling up the DagBag from /opt/airflow/dags/dag.py","logger":"airflow.dag_processing.dagbag.BundleDagBag","filename":"dagbag.py","lineno":469}
{"timestamp":"2026-05-20T16:11:16.066170Z","level":"info","event":"Inizializzazione del DAG","logger":"root","filename":"dag.py","lineno":18}
{"timestamp":"2026-05-20T16:11:46.672393Z","level":"info","event":"Filling up the DagBag from /opt/airflow/dags/dag.py","logger":"airflow.dag_processing.dagbag.BundleDagBag","filename":"dagbag.py","lineno":469}
{"timestamp":"2026-05-20T16:11:46.689979Z","level":"info","event":"Inizializzazione del DAG","logger":"root","filename":"dag.py","lineno":18}
{"timestamp":"2026-05-20T16:12:17.312051Z","level":"info","event":"Filling up the DagBag from /opt/airflow/dags/dag.py","logger":"airflow.dag_processing.dagbag.BundleDagBag","filename":"dagbag.py","lineno":469}
{"timestamp":"2026-05-20T16:12:17.324756Z","level":"info","event":"Inizializzazione del DAG","logger":"root","filename":"dag.py","lineno":18}
{"timestamp":"2026-05-20T16:12:47.943752Z","level":"info","event":"Filling up the DagBag from /opt/airflow/dags/dag.py","logger":"airflow.dag_processing.dagbag.BundleDagBag","filename":"dagbag.py","lineno":469}
{"timestamp":"2026-05-20T16:12:47.958276Z","level":"info","event":"Inizializzazione del DAG","logger":"root","filename":"dag.py","lineno":18}
{"timestamp":"2026-05-20T16:13:18.519213Z","level":"info","event":"Filling up the DagBag from /opt/airflow/dags/dag.py","logger":"airflow.dag_processing.dagbag.BundleDagBag","filename":"dagbag.py","lineno":469}
{"timestamp":"2026-05-20T16:13:18.534222Z","level":"info","event":"Inizializzazione del DAG","logger":"root","filename":"dag.py","lineno":18}
{"timestamp":"2026-05-20T16:13:49.288015Z","level":"info","event":"Filling up the DagBag from /opt/airflow/dags/dag.py","logger":"airflow.dag_processing.dagbag.BundleDagBag","filename":"dagbag.py","lineno":469}
{"timestamp":"2026-05-20T16:13:49.302069Z","level":"info","event":"Inizializzazione del DAG","logger":"root","filename":"dag.py","lineno":18}
{"timestamp":"2026-05-20T16:14:19.823128Z","level":"info","event":"Filling up the DagBag from /opt/airflow/dags/dag.py","logger":"airflow.dag_processing.dagbag.BundleDagBag","filename":"dagbag.py","lineno":469}
{"timestamp":"2026-05-20T16:14:19.835210Z","level":"info","event":"Inizializzazione del DAG","logger":"root","filename":"dag.py","lineno":18}
{"timestamp":"2026-05-20T16:14:50.451539Z","level":"info","event":"Filling up the DagBag from /opt/airflow/dags/dag.py","logger":"airflow.dag_processing.dagbag.BundleDagBag","filename":"dagbag.py","lineno":469}
{"timestamp":"2026-05-20T16:14:50.464486Z","level":"info","event":"Inizializzazione del DAG","logger":"root","filename":"dag.py","lineno":18}
{"timestamp":"2026-05-20T16:15:21.050434Z","level":"info","event":"Filling up the DagBag from /opt/airflow/dags/dag.py","logger":"airflow.dag_processing.dagbag.BundleDagBag","filename":"dagbag.py","lineno":469}
{"timestamp":"2026-05-20T16:15:21.066112Z","level":"info","event":"Inizializzazione del DAG","logger":"root","filename":"dag.py","lineno":18}
{"timestamp":"2026-05-20T16:15:51.666385Z","level":"info","event":"Filling up the DagBag from /opt/airflow/dags/dag.py","logger":"airflow.dag_processing.dagbag.BundleDagBag","filename":"dagbag.py","lineno":469}
{"timestamp":"2026-05-20T16:15:51.679540Z","level":"info","event":"Inizializzazione del DAG","logger":"root","filename":"dag.py","lineno":18}
{"timestamp":"2026-05-20T16:16:22.329252Z","level":"info","event":"Filling up the DagBag from /opt/airflow/dags/dag.py","logger":"airflow.dag_processing.dagbag.BundleDagBag","filename":"dagbag.py","lineno":469}
{"timestamp":"2026-05-20T16:16:22.344540Z","level":"info","event":"Inizializzazione del DAG","logger":"root","filename":"dag.py","lineno":18}
{"timestamp":"2026-05-20T16:16:53.007193Z","level":"info","event":"Filling up the DagBag from /opt/airflow/dags/dag.py","logger":"airflow.dag_processing.dagbag.BundleDagBag","filename":"dagbag.py","lineno":469}
{"timestamp":"2026-05-20T16:16:53.025505Z","level":"info","event":"Inizializzazione del DAG","logger":"root","filename":"dag.py","lineno":18}
{"timestamp":"2026-05-20T16:17:23.541923Z","level":"info","event":"Filling up the DagBag from /opt/airflow/dags/dag.py","logger":"airflow.dag_processing.dagbag.BundleDagBag","filename":"dagbag.py","lineno":469}
{"timestamp":"2026-05-20T16:17:23.560923Z","level":"info","event":"Inizializzazione del DAG","logger":"root","filename":"dag.py","lineno":18}
{"timestamp":"2026-05-20T16:17:54.393178Z","level":"info","event":"Filling up the DagBag from /opt/airflow/dags/dag.py","logger":"airflow.dag_processing.dagbag.BundleDagBag","filename":"dagbag.py","lineno":469}
{"timestamp":"2026-05-20T16:17:54.440679Z","level":"info","event":"Inizializzazione del DAG","logger":"root","filename":"dag.py","lineno":18}
{"timestamp":"2026-05-20T16:18:25.162764Z","level":"info","event":"Filling up the DagBag from /opt/airflow/dags/dag.py","logger":"airflow.dag_processing.dagbag.BundleDagBag","filename":"dagbag.py","lineno":469}
{"timestamp":"2026-05-20T16:18:25.177388Z","level":"info","event":"Inizializzazione del DAG","logger":"root","filename":"dag.py","lineno":18}
{"timestamp":"2026-05-20T16:18:55.757418Z","level":"info","event":"Filling up the DagBag from /opt/airflow/dags/dag.py","logger":"airflow.dag_processing.dagbag.BundleDagBag","filename":"dagbag.py","lineno":469}
{"timestamp":"2026-05-20T16:18:55.769350Z","level":"info","event":"Inizializzazione del DAG","logger":"root","filename":"dag.py","lineno":18}
