{"timestamp":"2026-05-19T14:45:06.520043Z","level":"info","event":"DAG bundles loaded: dags-folder, example_dags","logger":"airflow.dag_processing.bundles.manager.DagBundlesManager","filename":"manager.py","lineno":209}
{"timestamp":"2026-05-19T14:45:06.522659Z","level":"info","event":"Filling up the DagBag from /opt/airflow/dags/dag.py","logger":"airflow.dag_processing.dagbag.BundleDagBag","filename":"dagbag.py","lineno":469}
{"timestamp":"2026-05-19T14:45:07.384405Z","level":"info","event":"Task instance is in running state","logger":"task.stdout"}
{"timestamp":"2026-05-19T14:45:07.385235Z","level":"info","event":" Previous state of the Task instance: TaskInstanceState.QUEUED","logger":"task.stdout"}
{"timestamp":"2026-05-19T14:45:07.385784Z","level":"info","event":"Current task name:pi_greco_task","logger":"task.stdout"}
{"timestamp":"2026-05-19T14:45:07.386282Z","level":"info","event":"Dag name:project1_pipeline","logger":"task.stdout"}
{"timestamp":"2026-05-19T14:45:07.402291Z","level":"info","event":"Spark-Submit cmd: spark-submit --master spark://spark-master:7077 --conf spark.master=spark://spark-master:7077 --conf spark.submit.deployMode=client --name arrow-spark --deploy-mode client /opt/airflow/jobs/pi_greco.py","logger":"airflow.task.hooks.airflow.providers.apache.spark.hooks.spark_submit.SparkSubmitHook","filename":"spark_submit.py","lineno":500}
{"timestamp":"2026-05-19T14:45:07.412823Z","level":"info","event":"/opt/spark/bin/load-spark-env.sh: line 68: ps: command not found","logger":"airflow.task.hooks.airflow.providers.apache.spark.hooks.spark_submit.SparkSubmitHook","filename":"spark_submit.py","lineno":705}
{"timestamp":"2026-05-19T14:45:10.404832Z","level":"info","event":"Traceback (most recent call last):","logger":"airflow.task.hooks.airflow.providers.apache.spark.hooks.spark_submit.SparkSubmitHook","filename":"spark_submit.py","lineno":705}
{"timestamp":"2026-05-19T14:45:10.405334Z","level":"info","event":"File \"/opt/airflow/jobs/pi_greco.py\", line 2, in <module>","logger":"airflow.task.hooks.airflow.providers.apache.spark.hooks.spark_submit.SparkSubmitHook","filename":"spark_submit.py","lineno":705}
{"timestamp":"2026-05-19T14:45:10.405502Z","level":"info","event":"from pyspark.sql import SparkSession # pyright: ignore[reportMissingImports]","logger":"airflow.task.hooks.airflow.providers.apache.spark.hooks.spark_submit.SparkSubmitHook","filename":"spark_submit.py","lineno":705}
{"timestamp":"2026-05-19T14:45:10.405622Z","level":"info","event":"^^^^^^^^^^^^^^^^^^^^^^^^^^^^^^^^^^^^","logger":"airflow.task.hooks.airflow.providers.apache.spark.hooks.spark_submit.SparkSubmitHook","filename":"spark_submit.py","lineno":705}
{"timestamp":"2026-05-19T14:45:10.405733Z","level":"info","event":"File \"/opt/spark/python/lib/pyspark.zip/pyspark/__init__.py\", line 65, in <module>","logger":"airflow.task.hooks.airflow.providers.apache.spark.hooks.spark_submit.SparkSubmitHook","filename":"spark_submit.py","lineno":705}
{"timestamp":"2026-05-19T14:45:10.405827Z","level":"info","event":"from pyspark.broadcast import Broadcast","logger":"airflow.task.hooks.airflow.providers.apache.spark.hooks.spark_submit.SparkSubmitHook","filename":"spark_submit.py","lineno":705}
{"timestamp":"2026-05-19T14:45:10.405922Z","level":"info","event":"File \"/opt/spark/python/lib/pyspark.zip/pyspark/broadcast.py\", line 38, in <module>","logger":"airflow.task.hooks.airflow.providers.apache.spark.hooks.spark_submit.SparkSubmitHook","filename":"spark_submit.py","lineno":705}
{"timestamp":"2026-05-19T14:45:10.406013Z","level":"info","event":"from typing.io import BinaryIO  # type: ignore[import]","logger":"airflow.task.hooks.airflow.providers.apache.spark.hooks.spark_submit.SparkSubmitHook","filename":"spark_submit.py","lineno":705}
{"timestamp":"2026-05-19T14:45:10.406105Z","level":"info","event":"^^^^^^^^^^^^^^^^^^^^^^^^^^^^^^","logger":"airflow.task.hooks.airflow.providers.apache.spark.hooks.spark_submit.SparkSubmitHook","filename":"spark_submit.py","lineno":705}
{"timestamp":"2026-05-19T14:45:10.406190Z","level":"info","event":"ModuleNotFoundError: No module named 'typing.io'; 'typing' is not a package","logger":"airflow.task.hooks.airflow.providers.apache.spark.hooks.spark_submit.SparkSubmitHook","filename":"spark_submit.py","lineno":705}
{"timestamp":"2026-05-19T14:45:10.470539Z","level":"info","event":"26/05/19 14:45:10 INFO ShutdownHookManager: Shutdown hook called","logger":"airflow.task.hooks.airflow.providers.apache.spark.hooks.spark_submit.SparkSubmitHook","filename":"spark_submit.py","lineno":705}
{"timestamp":"2026-05-19T14:45:10.482741Z","level":"info","event":"26/05/19 14:45:10 INFO ShutdownHookManager: Deleting directory /tmp/spark-d53dabd9-18e6-4171-b933-f1e4d0444eef","logger":"airflow.task.hooks.airflow.providers.apache.spark.hooks.spark_submit.SparkSubmitHook","filename":"spark_submit.py","lineno":705}
{"timestamp":"2026-05-19T14:45:10.523551Z","level":"error","event":"Task failed with exception","logger":"task","filename":"task_runner.py","lineno":1325,"error_detail":[{"exc_type":"AirflowException","exc_value":"Cannot execute: spark-submit --master spark://spark-master:7077 --conf spark.master=spark://spark-master:7077 --conf spark.submit.deployMode=client --name arrow-spark --deploy-mode client /opt/airflow/jobs/pi_greco.py. Error code is: 1.","exc_notes":[],"syntax_error":null,"is_cause":false,"frames":[{"filename":"/home/airflow/.local/lib/python3.13/site-packages/airflow/sdk/execution_time/task_runner.py","lineno":1263,"name":"run"},{"filename":"/home/airflow/.local/lib/python3.13/site-packages/airflow/sdk/execution_time/task_runner.py","lineno":1678,"name":"_execute_task"},{"filename":"/home/airflow/.local/lib/python3.13/site-packages/airflow/sdk/bases/operator.py","lineno":443,"name":"wrapper"},{"filename":"/home/airflow/.local/lib/python3.13/site-packages/airflow/providers/apache/spark/operators/spark_submit.py","lineno":201,"name":"execute"},{"filename":"/home/airflow/.local/lib/python3.13/site-packages/airflow/providers/apache/spark/hooks/spark_submit.py","lineno":625,"name":"submit"}],"is_group":false,"exceptions":[]}]}
{"timestamp":"2026-05-19T14:45:10.594682Z","level":"info","event":"Task instance in failure state","logger":"task.stdout"}
{"timestamp":"2026-05-19T14:45:10.595575Z","level":"info","event":"Task start","logger":"task.stdout"}
{"timestamp":"2026-05-19T14:45:10.596242Z","level":"info","event":"Task:<Task(SparkSubmitOperator): pi_greco_task>","logger":"task.stdout"}
{"timestamp":"2026-05-19T14:45:10.596938Z","level":"info","event":"Failure caused by Cannot execute: spark-submit --master spark://spark-master:7077 --conf spark.master=spark://spark-master:7077 --conf spark.submit.deployMode=client --name arrow-spark --deploy-mode client /opt/airflow/jobs/pi_greco.py. Error code is: 1.","logger":"task.stdout"}
